Component: Arm Compiler for Embedded 6.22 Tool: armlink [5ee90200]

==============================================================================

Section Cross References

    startup_stm32f103xb.o(RESET) refers to startup_stm32f103xb.o(STACK) for __initial_sp
    startup_stm32f103xb.o(RESET) refers to startup_stm32f103xb.o(.text) for Reset_Handler
    startup_stm32f103xb.o(RESET) refers to stm32f1xx_it.o(.text.NMI_Handler) for NMI_Handler
    startup_stm32f103xb.o(RESET) refers to stm32f1xx_it.o(.text.HardFault_Handler) for HardFault_Handler
    startup_stm32f103xb.o(RESET) refers to stm32f1xx_it.o(.text.MemManage_Handler) for MemManage_Handler
    startup_stm32f103xb.o(RESET) refers to stm32f1xx_it.o(.text.BusFault_Handler) for BusFault_Handler
    startup_stm32f103xb.o(RESET) refers to stm32f1xx_it.o(.text.UsageFault_Handler) for UsageFault_Handler
    startup_stm32f103xb.o(RESET) refers to stm32f1xx_it.o(.text.SVC_Handler) for SVC_Handler
    startup_stm32f103xb.o(RESET) refers to stm32f1xx_it.o(.text.DebugMon_Handler) for DebugMon_Handler
    startup_stm32f103xb.o(RESET) refers to stm32f1xx_it.o(.text.PendSV_Handler) for PendSV_Handler
    startup_stm32f103xb.o(RESET) refers to stm32f1xx_it.o(.text.SysTick_Handler) for SysTick_Handler
    startup_stm32f103xb.o(RESET) refers to stm32f1xx_it.o(.text.TIM2_IRQHandler) for TIM2_IRQHandler
    startup_stm32f103xb.o(RESET) refers to stm32f1xx_it.o(.text.USART1_IRQHandler) for USART1_IRQHandler
    startup_stm32f103xb.o(RESET) refers to stm32f1xx_it.o(.text.USART2_IRQHandler) for USART2_IRQHandler
    startup_stm32f103xb.o(.text) refers to system_stm32f1xx.o(.text.SystemInit) for SystemInit
    startup_stm32f103xb.o(.text) refers to entry.o(.ARM.Collect$$$$00000000) for __main
    main.o(.text.Send_Sensor_Data) refers to dl_ln3x.o(.text.DL_SendPacket) for DL_SendPacket
    main.o(.ARM.exidx.text.Send_Sensor_Data) refers to main.o(.text.Send_Sensor_Data) for [Anonymous Symbol]
    main.o(.text.HAL_UART_RxCpltCallback) refers to usart.o(.bss.huart2) for huart2
    main.o(.text.HAL_UART_RxCpltCallback) refers to main.o(.bss.uart1_receive_buffer) for uart1_receive_buffer
    main.o(.text.HAL_UART_RxCpltCallback) refers to stm32f1xx_hal_uart.o(.text.HAL_UART_Transmit) for HAL_UART_Transmit
    main.o(.text.HAL_UART_RxCpltCallback) refers to stm32f1xx_hal_uart.o(.text.HAL_UART_Receive_IT) for HAL_UART_Receive_IT
    main.o(.text.HAL_UART_RxCpltCallback) refers to main.o(.bss.dl_module) for dl_module
    main.o(.text.HAL_UART_RxCpltCallback) refers to dl_ln3x.o(.text.DL_UART_RxCpltCallback) for DL_UART_RxCpltCallback
    main.o(.ARM.exidx.text.HAL_UART_RxCpltCallback) refers to main.o(.text.HAL_UART_RxCpltCallback) for [Anonymous Symbol]
    main.o(.text.I2C_Scan) refers to puts.o(i.puts) for puts
    main.o(.text.I2C_Scan) refers to i2c.o(.bss.hi2c2) for hi2c2
    main.o(.text.I2C_Scan) refers to stm32f1xx_hal_i2c.o(.text.HAL_I2C_Mem_Read) for HAL_I2C_Mem_Read
    main.o(.text.I2C_Scan) refers to printfa.o(i.__0printf) for __2printf
    main.o(.ARM.exidx.text.I2C_Scan) refers to main.o(.text.I2C_Scan) for [Anonymous Symbol]
    main.o(.text.main) refers to stm32f1xx_hal.o(.text.HAL_Init) for HAL_Init
    main.o(.text.main) refers to stm32f1xx_hal_rcc.o(.text.HAL_RCC_OscConfig) for HAL_RCC_OscConfig
    main.o(.text.main) refers to stm32f1xx_hal_rcc.o(.text.HAL_RCC_ClockConfig) for HAL_RCC_ClockConfig
    main.o(.text.main) refers to gpio.o(.text.MX_GPIO_Init) for MX_GPIO_Init
    main.o(.text.main) refers to usart.o(.text.MX_USART1_UART_Init) for MX_USART1_UART_Init
    main.o(.text.main) refers to usart.o(.text.MX_USART2_UART_Init) for MX_USART2_UART_Init
    main.o(.text.main) refers to i2c.o(.text.MX_I2C1_Init) for MX_I2C1_Init
    main.o(.text.main) refers to i2c.o(.text.MX_I2C2_Init) for MX_I2C2_Init
    main.o(.text.main) refers to tim.o(.text.MX_TIM2_Init) for MX_TIM2_Init
    main.o(.text.main) refers to iwdg.o(.text.MX_IWDG_Init) for MX_IWDG_Init
    main.o(.text.main) refers to tim.o(.bss.htim2) for htim2
    main.o(.text.main) refers to stm32f1xx_hal_tim.o(.text.HAL_TIM_Base_Start_IT) for HAL_TIM_Base_Start_IT
    main.o(.text.main) refers to main.o(.bss..L_MergedGlobals) for .L_MergedGlobals
    main.o(.text.main) refers to my_mpu6050.o(.text.Mpu_6050_Init) for Mpu_6050_Init
    main.o(.text.main) refers to stm32f1xx_hal.o(.text.HAL_Delay) for HAL_Delay
    main.o(.text.main) refers to my_vl6180.o(.text.VL6180_Init) for VL6180_Init
    main.o(.text.main) refers to main.o(.bss.dl_module) for dl_module
    main.o(.text.main) refers to usart.o(.bss.huart2) for huart2
    main.o(.text.main) refers to dl_ln3x.o(.text.DL_Init) for DL_Init
    main.o(.text.main) refers to iwdg.o(.bss.hiwdg) for hiwdg
    main.o(.text.main) refers to stm32f1xx_hal_iwdg.o(.text.HAL_IWDG_Refresh) for HAL_IWDG_Refresh
    main.o(.text.main) refers to my_mpu6050.o(.text.Mpu_6050_EulerAngle_Measurement) for Mpu_6050_EulerAngle_Measurement
[...]
    Removing stm32f1xx_hal_uart.o(.ARM.exidx.text.HAL_UART_Receive_IT), (8 bytes).
    Removing stm32f1xx_hal_uart.o(.text.UART_Start_Receive_IT), (50 bytes).
    Removing stm32f1xx_hal_uart.o(.ARM.exidx.text.UART_Start_Receive_IT), (8 bytes).
    Removing stm32f1xx_hal_uart.o(.text.HAL_UART_Transmit_DMA), (194 bytes).
    Removing stm32f1xx_hal_uart.o(.ARM.exidx.text.HAL_UART_Transmit_DMA), (8 bytes).
    Removing stm32f1xx_hal_uart.o(.text.UART_DMATransmitCplt), (176 bytes).
    Removing stm32f1xx_hal_uart.o(.ARM.exidx.text.UART_DMATransmitCplt), (8 bytes).
    Removing stm32f1xx_hal_uart.o(.text.UART_DMATxHalfCplt), (6 bytes).
    Removing stm32f1xx_hal_uart.o(.ARM.exidx.text.UART_DMATxHalfCplt), (8 bytes).
    Removing stm32f1xx_hal_uart.o(.text.UART_DMAError), (380 bytes).
    Removing stm32f1xx_hal_uart.o(.ARM.exidx.text.UART_DMAError), (8 bytes).
    Removing stm32f1xx_hal_uart.o(.text.HAL_UART_Receive_DMA), (364 bytes).
    Removing stm32f1xx_hal_uart.o(.ARM.exidx.text.HAL_UART_Receive_DMA), (8 bytes).
    Removing stm32f1xx_hal_uart.o(.text.UART_Start_Receive_DMA), (316 bytes).
    Removing stm32f1xx_hal_uart.o(.ARM.exidx.text.UART_Start_Receive_DMA), (8 bytes).
    Removing stm32f1xx_hal_uart.o(.text.HAL_UART_DMAPause), (342 bytes).
    Removing stm32f1xx_hal_uart.o(.ARM.exidx.text.HAL_UART_DMAPause), (8 bytes).
    Removing stm32f1xx_hal_uart.o(.text.HAL_UART_DMAResume), (348 bytes).
    Removing stm32f1xx_hal_uart.o(.ARM.exidx.text.HAL_UART_DMAResume), (8 bytes).
    Removing stm32f1xx_hal_uart.o(.text.HAL_UART_DMAStop), (540 bytes).
    Removing stm32f1xx_hal_uart.o(.ARM.exidx.text.HAL_UART_DMAStop), (8 bytes).
    Removing stm32f1xx_hal_uart.o(.text.HAL_UARTEx_ReceiveToIdle), (478 bytes).
    Removing stm32f1xx_hal_uart.o(.ARM.exidx.text.HAL_UARTEx_ReceiveToIdle), (8 bytes).
    Removing stm32f1xx_hal_uart.o(.text.HAL_UARTEx_ReceiveToIdle_IT), (200 bytes).
    Removing stm32f1xx_hal_uart.o(.ARM.exidx.text.HAL_UARTEx_ReceiveToIdle_IT), (8 bytes).
    Removing stm32f1xx_hal_uart.o(.text.HAL_UARTEx_ReceiveToIdle_DMA), (484 bytes).
    Removing stm32f1xx_hal_uart.o(.ARM.exidx.text.HAL_UARTEx_ReceiveToIdle_DMA), (8 bytes).
    Removing stm32f1xx_hal_uart.o(.text.HAL_UARTEx_GetRxEventType), (4 bytes).
    Removing stm32f1xx_hal_uart.o(.ARM.exidx.text.HAL_UARTEx_GetRxEventType), (8 bytes).
    Removing stm32f1xx_hal_uart.o(.text.HAL_UART_Abort), (482 bytes).
    Removing stm32f1xx_hal_uart.o(.ARM.exidx.text.HAL_UART_Abort), (8 bytes).
    Removing stm32f1xx_hal_uart.o(.text.HAL_UART_AbortTransmit), (208 bytes).
    Removing stm32f1xx_hal_uart.o(.ARM.exidx.text.HAL_UART_AbortTransmit), (8 bytes).
    Removing stm32f1xx_hal_uart.o(.text.HAL_UART_AbortReceive), (366 bytes).
    Removing stm32f1xx_hal_uart.o(.ARM.exidx.text.HAL_UART_AbortReceive), (8 bytes).
    Removing stm32f1xx_hal_uart.o(.text.HAL_UART_Abort_IT), (516 bytes).
    Removing stm32f1xx_hal_uart.o(.ARM.exidx.text.HAL_UART_Abort_IT), (8 bytes).
    Removing stm32f1xx_hal_uart.o(.text.UART_DMATxAbortCallback), (42 bytes).
    Removing stm32f1xx_hal_uart.o(.ARM.exidx.text.UART_DMATxAbortCallback), (8 bytes).
    Removing stm32f1xx_hal_uart.o(.text.UART_DMARxAbortCallback), (42 bytes).
    Removing stm32f1xx_hal_uart.o(.ARM.exidx.text.UART_DMARxAbortCallback), (8 bytes).
    Removing stm32f1xx_hal_uart.o(.text.HAL_UART_AbortCpltCallback), (2 bytes).
    Removing stm32f1xx_hal_uart.o(.ARM.exidx.text.HAL_UART_AbortCpltCallback), (8 bytes).
    Removing stm32f1xx_hal_uart.o(.text.HAL_UART_AbortTransmit_IT), (214 bytes).
    Removing stm32f1xx_hal_uart.o(.ARM.exidx.text.HAL_UART_AbortTransmit_IT), (8 bytes).
    Removing stm32f1xx_hal_uart.o(.text.UART_DMATxOnlyAbortCallback), (16 bytes).
    Removing stm32f1xx_hal_uart.o(.ARM.exidx.text.UART_DMATxOnlyAbortCallback), (8 bytes).
    Removing stm32f1xx_hal_uart.o(.text.HAL_UART_AbortTransmitCpltCallback), (2 bytes).
    Removing stm32f1xx_hal_uart.o(.ARM.exidx.text.HAL_UART_AbortTransmitCpltCallback), (8 bytes).
    Removing stm32f1xx_hal_uart.o(.text.HAL_UART_AbortReceive_IT), (372 bytes).
    Removing stm32f1xx_hal_uart.o(.ARM.exidx.text.HAL_UART_AbortReceive_IT), (8 bytes).
    Removing stm32f1xx_hal_uart.o(.text.UART_DMARxOnlyAbortCallback), (18 bytes).
    Removing stm32f1xx_hal_uart.o(.ARM.exidx.text.UART_DMARxOnlyAbortCallback), (8 bytes).
    Removing stm32f1xx_hal_uart.o(.text.HAL_UART_AbortReceiveCpltCallback), (2 bytes).
    Removing stm32f1xx_hal_uart.o(.ARM.exidx.text.HAL_UART_AbortReceiveCpltCallback), (8 bytes).
    Removing stm32f1xx_hal_uart.o(.ARM.exidx.text.HAL_UART_IRQHandler), (8 bytes).
    Removing stm32f1xx_hal_uart.o(.ARM.exidx.text.UART_Receive_IT), (8 bytes).
    Removing stm32f1xx_hal_uart.o(.ARM.exidx.text.UART_DMAAbortOnError), (8 bytes).
    Removing stm32f1xx_hal_uart.o(.ARM.exidx.text.HAL_UART_ErrorCallback), (8 bytes).
    Removing stm32f1xx_hal_uart.o(.ARM.exidx.text.HAL_UARTEx_RxEventCallback), (8 bytes).
    Removing stm32f1xx_hal_uart.o(.ARM.exidx.text.HAL_UART_TxCpltCallback), (8 bytes).
    Removing stm32f1xx_hal_uart.o(.text.HAL_UART_TxHalfCpltCallback), (2 bytes).
    Removing stm32f1xx_hal_uart.o(.ARM.exidx.text.HAL_UART_TxHalfCpltCallback), (8 bytes).
    Removing stm32f1xx_hal_uart.o(.text.HAL_UART_RxCpltCallback), (2 bytes).
    Removing stm32f1xx_hal_uart.o(.ARM.exidx.text.HAL_UART_RxCpltCallback), (8 bytes).
    Removing stm32f1xx_hal_uart.o(.text.HAL_UART_RxHalfCpltCallback), (2 bytes).
    Removing stm32f1xx_hal_uart.o(.ARM.exidx.text.HAL_UART_RxHalfCpltCallback), (8 bytes).
    Removing stm32f1xx_hal_uart.o(.text.HAL_LIN_SendBreak), (114 bytes).
    Removing stm32f1xx_hal_uart.o(.ARM.exidx.text.HAL_LIN_SendBreak), (8 bytes).
    Removing stm32f1xx_hal_uart.o(.text.HAL_MultiProcessor_EnterMuteMode), (116 bytes).
    Removing stm32f1xx_hal_uart.o(.ARM.exidx.text.HAL_MultiProcessor_EnterMuteMode), (8 bytes).
    Removing stm32f1xx_hal_uart.o(.text.HAL_MultiProcessor_ExitMuteMode), (116 bytes).
    Removing stm32f1xx_hal_uart.o(.ARM.exidx.text.HAL_MultiProcessor_ExitMuteMode), (8 bytes).
    Removing stm32f1xx_hal_uart.o(.text.HAL_HalfDuplex_EnableTransmitter), (44 bytes).
    Removing stm32f1xx_hal_uart.o(.ARM.exidx.text.HAL_HalfDuplex_EnableTransmitter), (8 bytes).
    Removing stm32f1xx_hal_uart.o(.text.HAL_HalfDuplex_EnableReceiver), (46 bytes).
    Removing stm32f1xx_hal_uart.o(.ARM.exidx.text.HAL_HalfDuplex_EnableReceiver), (8 bytes).
    Removing stm32f1xx_hal_uart.o(.text.HAL_UART_GetState), (14 bytes).
    Removing stm32f1xx_hal_uart.o(.ARM.exidx.text.HAL_UART_GetState), (8 bytes).
    Removing stm32f1xx_hal_uart.o(.text.HAL_UART_GetError), (4 bytes).
    Removing stm32f1xx_hal_uart.o(.ARM.exidx.text.HAL_UART_GetError), (8 bytes).
    Removing stm32f1xx_hal_uart.o(.text.UART_DMAReceiveCplt), (350 bytes).
    Removing stm32f1xx_hal_uart.o(.ARM.exidx.text.UART_DMAReceiveCplt), (8 bytes).
    Removing stm32f1xx_hal_uart.o(.text.UART_DMARxHalfCplt), (24 bytes).
    Removing stm32f1xx_hal_uart.o(.ARM.exidx.text.UART_DMARxHalfCplt), (8 bytes).
    Removing system_stm32f1xx.o(.text), (0 bytes).
    Removing system_stm32f1xx.o(.ARM.exidx.text.SystemInit), (8 bytes).
    Removing system_stm32f1xx.o(.text.SystemCoreClockUpdate), (92 bytes).
    Removing system_stm32f1xx.o(.ARM.exidx.text.SystemCoreClockUpdate), (8 bytes).

878 unused section(s) (total 56018 bytes) removed from the image.

==============================================================================

Image Symbol Table

    Local Symbols

    Symbol Name                              Value     Ov Type        Size  Object(Section)

    ../clib/division.s                       0x00000000   Number         0  aeabi_sdiv.o ABSOLUTE
    ../clib/microlib/division.c              0x00000000   Number         0  uidiv.o ABSOLUTE
    ../clib/microlib/division.c              0x00000000   Number         0  uldiv.o ABSOLUTE
    ../clib/microlib/errno.c                 0x00000000   Number         0  errno.o ABSOLUTE
    ../clib/microlib/init/entry.s            0x00000000   Number         0  entry.o ABSOLUTE
    ../clib/microlib/init/entry.s            0x00000000   Number         0  entry2.o ABSOLUTE
    ../clib/microlib/init/entry.s            0x00000000   Number         0  entry5.o ABSOLUTE
    ../clib/microlib/init/entry.s            0x00000000   Number         0  entry7a.o ABSOLUTE
    ../clib/microlib/init/entry.s            0x00000000   Number         0  entry7b.o ABSOLUTE
    ../clib/microlib/init/entry.s            0x00000000   Number         0  entry8a.o ABSOLUTE
    ../clib/microlib/init/entry.s            0x00000000   Number         0  entry8b.o ABSOLUTE
    ../clib/microlib/init/entry.s            0x00000000   Number         0  entry9a.o ABSOLUTE
    ../clib/microlib/init/entry.s            0x00000000   Number         0  entry9b.o ABSOLUTE
    ../clib/microlib/init/entry.s            0x00000000   Number         0  entry10a.o ABSOLUTE
    ../clib/microlib/init/entry.s            0x00000000   Number         0  entry10b.o ABSOLUTE
    ../clib/microlib/init/entry.s            0x00000000   Number         0  entry11a.o ABSOLUTE
    ../clib/microlib/init/entry.s            0x00000000   Number         0  entry11b.o ABSOLUTE
    ../clib/microlib/longlong.c              0x00000000   Number         0  llshl.o ABSOLUTE
    ../clib/microlib/longlong.c              0x00000000   Number         0  llsshr.o ABSOLUTE
    ../clib/microlib/longlong.c              0x00000000   Number         0  llushr.o ABSOLUTE
    ../clib/microlib/printf/printf.c         0x00000000   Number         0  printfb.o ABSOLUTE
    ../clib/microlib/printf/printf.c         0x00000000   Number         0  printf0.o ABSOLUTE
    ../clib/microlib/printf/printf.c         0x00000000   Number         0  printf1.o ABSOLUTE
    ../clib/microlib/printf/printf.c         0x00000000   Number         0  printf2.o ABSOLUTE
    ../clib/microlib/printf/printf.c         0x00000000   Number         0  printf3.o ABSOLUTE
    ../clib/microlib/printf/printf.c         0x00000000   Number         0  printf4.o ABSOLUTE
    ../clib/microlib/printf/printf.c         0x00000000   Number         0  printf5.o ABSOLUTE
    ../clib/microlib/printf/printf.c         0x00000000   Number         0  printf6.o ABSOLUTE
    ../clib/microlib/printf/printf.c         0x00000000   Number         0  printf7.o ABSOLUTE
    ../clib/microlib/printf/printf.c         0x00000000   Number         0  printf8.o ABSOLUTE
    ../clib/microlib/printf/printf.c         0x00000000   Number         0  printfa.o ABSOLUTE
    ../clib/microlib/printf/stubs.s          0x00000000   Number         0  printfstubs.o ABSOLUTE
    ../clib/microlib/stdio/puts.c            0x00000000   Number         0  puts.o ABSOLUTE
    ../clib/microlib/stdio/puts.c            0x00000000   Number         0  puts_e.o ABSOLUTE
    ../clib/microlib/stdio/streams.c         0x00000000   Number         0  stdout.o ABSOLUTE
    ../clib/microlib/string/memcpy.c         0x00000000   Number         0  memcpya.o ABSOLUTE
    ../clib/microlib/string/memcpy.c         0x00000000   Number         0  memcpyb.o ABSOLUTE
    ../clib/microlib/stubs.s                 0x00000000   Number         0  iusefp.o ABSOLUTE
    ../fplib/microlib/d2f.c                  0x00000000   Number         0  d2f.o ABSOLUTE
    ../fplib/microlib/f2d.c                  0x00000000   Number         0  f2d.o ABSOLUTE
    ../fplib/microlib/fpadd.c                0x00000000   Number         0  fadd.o ABSOLUTE
    ../fplib/microlib/fpadd.c                0x00000000   Number         0  dadd.o ABSOLUTE
    ../fplib/microlib/fpdiv.c                0x00000000   Number         0  fdiv.o ABSOLUTE
    ../fplib/microlib/fpdiv.c                0x00000000   Number         0  ddiv.o ABSOLUTE
    ../fplib/microlib/fpepilogue.c           0x00000000   Number         0  fepilogue.o ABSOLUTE
    ../fplib/microlib/fpepilogue.c           0x00000000   Number         0  depilogue.o ABSOLUTE
    ../fplib/microlib/fpfix.c                0x00000000   Number         0  dfixul.o ABSOLUTE
    ../fplib/microlib/fpflt.c                0x00000000   Number         0  fflti.o ABSOLUTE
    ../fplib/microlib/fpflt.c                0x00000000   Number         0  dflti.o ABSOLUTE
    ../fplib/microlib/fpmul.c                0x00000000   Number         0  fmul.o ABSOLUTE
    ../fplib/microlib/fpmul.c                0x00000000   Number         0  dmul.o ABSOLUTE
    ../fplib/microlib/fpscalb.c              0x00000000   Number         0  fscalb.o ABSOLUTE
    ../mathlib/atan2f.c                      0x00000000   Number         0  atan2f.o ABSOLUTE
    ../mathlib/fpclassifyf.c                 0x00000000   Number         0  fpclassifyf.o ABSOLUTE
    ../mathlib/funder.c                      0x00000000   Number         0  funder.o ABSOLUTE
    DL_LN3X.c                                0x00000000   Number         0  dl_ln3x.o ABSOLUTE
    My_VL6180.c                              0x00000000   Number         0  my_vl6180.o ABSOLUTE
    My_mpu6050.c                             0x00000000   Number         0  my_mpu6050.o ABSOLUTE
    cdrcmple.s                               0x00000000   Number         0  cdrcmple.o ABSOLUTE
    dc.s                                     0x00000000   Number         0  dc.o ABSOLUTE
    gpio.c                                   0x00000000   Number         0  gpio.o ABSOLUTE
    handlers.s                               0x00000000   Number         0  handlers.o ABSOLUTE
    i2c.c                                    0x00000000   Number         0  i2c.o ABSOLUTE
    init.s                                   0x00000000   Number         0  init.o ABSOLUTE
    iwdg.c                                   0x00000000   Number         0  iwdg.o ABSOLUTE
    main.c                                   0x00000000   Number         0  main.o ABSOLUTE
    startup_stm32f103xb.s                    0x00000000   Number         0  startup_stm32f103xb.o ABSOLUTE
    stm32f1xx_hal.c                          0x00000000   Number         0  stm32f1xx_hal.o ABSOLUTE
    stm32f1xx_hal_cortex.c                   0x00000000   Number         0  stm32f1xx_hal_cortex.o ABSOLUTE
    stm32f1xx_hal_dma.c                      0x00000000   Number         0  stm32f1xx_hal_dma.o ABSOLUTE
    stm32f1xx_hal_exti.c                     0x00000000   Number         0  stm32f1xx_hal_exti.o ABSOLUTE
    stm32f1xx_hal_flash.c                    0x00000000   Number         0  stm32f1xx_hal_flash.o ABSOLUTE
    stm32f1xx_hal_flash_ex.c                 0x00000000   Number         0  stm32f1xx_hal_flash_ex.o ABSOLUTE
    stm32f1xx_hal_gpio.c                     0x00000000   Number         0  stm32f1xx_hal_gpio.o ABSOLUTE
    stm32f1xx_hal_gpio_ex.c                  0x00000000   Number         0  stm32f1xx_hal_gpio_ex.o ABSOLUTE
    stm32f1xx_hal_i2c.c                      0x00000000   Number         0  stm32f1xx_hal_i2c.o ABSOLUTE
    stm32f1xx_hal_iwdg.c                     0x00000000   Number         0  stm32f1xx_hal_iwdg.o ABSOLUTE
    stm32f1xx_hal_msp.c                      0x00000000   Number         0  stm32f1xx_hal_msp.o ABSOLUTE
    stm32f1xx_hal_pwr.c                      0x00000000   Number         0  stm32f1xx_hal_pwr.o ABSOLUTE
    stm32f1xx_hal_rcc.c                      0x00000000   Number         0  stm32f1xx_hal_rcc.o ABSOLUTE
    stm32f1xx_hal_rcc_ex.c                   0x00000000   Number         0  stm32f1xx_hal_rcc_ex.o ABSOLUTE
    stm32f1xx_hal_tim.c                      0x00000000   Number         0  stm32f1xx_hal_tim.o ABSOLUTE
    stm32f1xx_hal_tim_ex.c                   0x00000000   Number         0  stm32f1xx_hal_tim_ex.o ABSOLUTE
    stm32f1xx_hal_uart.c                     0x00000000   Number         0  stm32f1xx_hal_uart.o ABSOLUTE
    stm32f1xx_it.c                           0x00000000   Number         0  stm32f1xx_it.o ABSOLUTE
    system_stm32f1xx.c                       0x00000000   Number         0  system_stm32f1xx.o ABSOLUTE
    tim.c                                    0x00000000   Number         0  tim.o ABSOLUTE
    usart.c                                  0x00000000   Number         0  usart.o ABSOLUTE
    RESET                                    0x08000000   Section      236  startup_stm32f103xb.o(RESET)
    .ARM.Collect$$$$00000000                 0x080000ec   Section        0  entry.o(.ARM.Collect$$$$00000000)
    .ARM.Collect$$$$00000001                 0x080000ec   Section        4  entry2.o(.ARM.Collect$$$$00000001)
    .ARM.Collect$$$$00000004                 0x080000f0   Section        4  entry5.o(.ARM.Collect$$$$00000004)
    .ARM.Collect$$$$00000008                 0x080000f4   Section        0  entry7b.o(.ARM.Collect$$$$00000008)
    .ARM.Collect$$$$0000000A                 0x080000f4   Section        0  entry8b.o(.ARM.Collect$$$$0000000A)
    .ARM.Collect$$$$0000000B                 0x080000f4   Section        8  entry9a.o(.ARM.Collect$$$$0000000B)
    __lit__00000000                          0x080000fc   Data           4  entry2.o(.ARM.Collect$$$$00002712)
    .ARM.Collect$$$$0000000D                 0x080000fc   Section        0  entry10a.o(.ARM.Collect$$$$0000000D)
    .ARM.Collect$$$$0000000F                 0x080000fc   Section        0  entry11a.o(.ARM.Collect$$$$0000000F)
    .ARM.Collect$$$$00002712                 0x080000fc   Section        4  entry2.o(.ARM.Collect$$$$00002712)
    .text                                    0x08000100   Section       36  startup_stm32f103xb.o(.text)
    .text                                    0x08000124   Section        0  memcpya.o(.text)
    .text                                    0x08000148   Section        0  fadd.o(.text)
    .text                                    0x080001f8   Section        0  fmul.o(.text)
    .text                                    0x0800025c   Section        0  fdiv.o(.text)
    .text                                    0x080002d8   Section        0  dadd.o(.text)
    .text                                    0x08000426   Section        0  dmul.o(.text)
    .text                                    0x0800050a   Section        0  fflti.o(.text)
    .text                                    0x0800051c   Section        0  dflti.o(.text)
    .text                                    0x0800053e   Section        0  f2d.o(.text)
    .text                                    0x08000564   Section        0  d2f.o(.text)
    .text                                    0x0800059c   Section        0  uidiv.o(.text)
    .text                                    0x080005c8   Section        0  uldiv.o(.text)
    .text                                    0x0800062a   Section        0  llshl.o(.text)
    .text                                    0x08000648   Section        0  llsshr.o(.text)
    .text                                    0x0800066c   Section        0  iusefp.o(.text)
    .text                                    0x0800066c   Section        0  fepilogue.o(.text)
    .text                                    0x080006da   Section        0  depilogue.o(.text)
    .text                                    0x08000794   Section        0  ddiv.o(.text)
    .text                                    0x08000872   Section        0  dfixul.o(.text)
    .text                                    0x080008a4   Section       48  cdrcmple.o(.text)
    .text                                    0x080008d4   Section       48  init.o(.text)
    .text                                    0x08000904   Section        0  llushr.o(.text)
    .text                                    0x08000924   Section        0  fscalb.o(.text)
    [Anonymous Symbol]                       0x0800093c   Section        0  stm32f1xx_it.o(.text.BusFault_Handler)
    [Anonymous Symbol]                       0x08000940   Section        0  dl_ln3x.o(.text.DL_Init)
    [Anonymous Symbol]                       0x08000960   Section        0  dl_ln3x.o(.text.DL_SendPacket)
    [Anonymous Symbol]                       0x080009bc   Section        0  dl_ln3x.o(.text.DL_UART_RxCpltCallback)
    [Anonymous Symbol]                       0x08000a6c   Section        0  stm32f1xx_it.o(.text.DebugMon_Handler)
    [Anonymous Symbol]                       0x08000a70   Section        0  main.o(.text.Error_Handler)
    [Anonymous Symbol]                       0x08000a7c   Section        0  stm32f1xx_hal_dma.o(.text.HAL_DMA_Abort)
    [Anonymous Symbol]                       0x08000ac4   Section        0  stm32f1xx_hal_dma.o(.text.HAL_DMA_Abort_IT)
    [Anonymous Symbol]                       0x08000b7c   Section        0  stm32f1xx_hal.o(.text.HAL_Delay)
    [Anonymous Symbol]                       0x08000ba4   Section        0  stm32f1xx_hal_gpio.o(.text.HAL_GPIO_Init)
    [Anonymous Symbol]                       0x08000db4   Section        0  stm32f1xx_hal_gpio.o(.text.HAL_GPIO_WritePin)
    [Anonymous Symbol]                       0x08000dc0   Section        0  stm32f1xx_hal.o(.text.HAL_GetTick)
    [Anonymous Symbol]                       0x08000dcc   Section        0  stm32f1xx_hal_i2c.o(.text.HAL_I2C_Init)
    [Anonymous Symbol]                       0x08000f30   Section        0  stm32f1xx_hal_i2c.o(.text.HAL_I2C_Mem_Read)
    [Anonymous Symbol]                       0x08001280   Section        0  stm32f1xx_hal_i2c.o(.text.HAL_I2C_Mem_Write)
    [Anonymous Symbol]                       0x080013dc   Section        0  i2c.o(.text.HAL_I2C_MspInit)
    [Anonymous Symbol]                       0x08001498   Section        0  stm32f1xx_hal_iwdg.o(.text.HAL_IWDG_Init)
    [Anonymous Symbol]                       0x080014f8   Section        0  stm32f1xx_hal_iwdg.o(.text.HAL_IWDG_Refresh)
    [Anonymous Symbol]                       0x08001504   Section        0  stm32f1xx_hal.o(.text.HAL_IncTick)
    [Anonymous Symbol]                       0x08001520   Section        0  stm32f1xx_hal.o(.text.HAL_Init)
    [Anonymous Symbol]                       0x08001548   Section        0  stm32f1xx_hal.o(.text.HAL_InitTick)
    [Anonymous Symbol]                       0x08001590   Section        0  stm32f1xx_hal_msp.o(.text.HAL_MspInit)
    [Anonymous Symbol]                       0x080015d4   Section        0  stm32f1xx_hal_cortex.o(.text.HAL_NVIC_EnableIRQ)
    [Anonymous Symbol]                       0x080015f8   Section        0  stm32f1xx_hal_cortex.o(.text.HAL_NVIC_SetPriority)
    [Anonymous Symbol]                       0x08001650   Section        0  stm32f1xx_hal_cortex.o(.text.HAL_NVIC_SetPriorityGrouping)
    [Anonymous Symbol]                       0x08001670   Section        0  stm32f1xx_hal_rcc.o(.text.HAL_RCC_ClockConfig)
    [Anonymous Symbol]                       0x0800182c   Section        0  stm32f1xx_hal_rcc.o(.text.HAL_RCC_GetPCLK1Freq)
    [Anonymous Symbol]                       0x08001854   Section        0  stm32f1xx_hal_rcc.o(.text.HAL_RCC_GetPCLK2Freq)
    [Anonymous Symbol]                       0x0800187c   Section        0  stm32f1xx_hal_rcc.o(.text.HAL_RCC_OscConfig)
    [Anonymous Symbol]                       0x08001c7c   Section        0  stm32f1xx_hal_cortex.o(.text.HAL_SYSTICK_Config)
    [Anonymous Symbol]                       0x08001ca8   Section        0  stm32f1xx_hal_tim_ex.o(.text.HAL_TIMEx_BreakCallback)
    [Anonymous Symbol]                       0x08001cac   Section        0  stm32f1xx_hal_tim_ex.o(.text.HAL_TIMEx_CommutCallback)
    [Anonymous Symbol]                       0x08001cb0   Section        0  stm32f1xx_hal_tim_ex.o(.text.HAL_TIMEx_MasterConfigSynchronization)
    [Anonymous Symbol]                       0x08001d30   Section        0  stm32f1xx_hal_tim.o(.text.HAL_TIM_Base_Init)
    [Anonymous Symbol]                       0x08001e2c   Section        0  tim.o(.text.HAL_TIM_Base_MspInit)
    [Anonymous Symbol]                       0x08001e6c   Section        0  stm32f1xx_hal_tim.o(.text.HAL_TIM_Base_Start_IT)
    [Anonymous Symbol]                       0x08001edc   Section        0  stm32f1xx_hal_tim.o(.text.HAL_TIM_ConfigClockSource)
    [Anonymous Symbol]                       0x0800207c   Section        0  stm32f1xx_hal_tim.o(.text.HAL_TIM_IC_CaptureCallback)
    [Anonymous Symbol]                       0x08002080   Section        0  stm32f1xx_hal_tim.o(.text.HAL_TIM_IRQHandler)
    [Anonymous Symbol]                       0x080021d0   Section        0  stm32f1xx_hal_tim.o(.text.HAL_TIM_OC_DelayElapsedCallback)
    [Anonymous Symbol]                       0x080021d4   Section        0  stm32f1xx_hal_tim.o(.text.HAL_TIM_PWM_PulseFinishedCallback)
    [Anonymous Symbol]                       0x080021d8   Section        0  main.o(.text.HAL_TIM_PeriodElapsedCallback)
    [Anonymous Symbol]                       0x08002238   Section        0  stm32f1xx_hal_tim.o(.text.HAL_TIM_TriggerCallback)
    [Anonymous Symbol]                       0x0800223c   Section        0  stm32f1xx_hal_uart.o(.text.HAL_UARTEx_RxEventCallback)
    [Anonymous Symbol]                       0x08002240   Section        0  stm32f1xx_hal_uart.o(.text.HAL_UART_ErrorCallback)
    [Anonymous Symbol]                       0x08002244   Section        0  stm32f1xx_hal_uart.o(.text.HAL_UART_IRQHandler)
    [Anonymous Symbol]                       0x080027b4   Section        0  stm32f1xx_hal_uart.o(.text.HAL_UART_Init)
    [Anonymous Symbol]                       0x08002898   Section        0  usart.o(.text.HAL_UART_MspInit)
    [Anonymous Symbol]                       0x08002970   Section        0  stm32f1xx_hal_uart.o(.text.HAL_UART_Receive_IT)
    [Anonymous Symbol]                       0x080029c4   Section        0  main.o(.text.HAL_UART_RxCpltCallback)
    [Anonymous Symbol]                       0x08002a20   Section        0  stm32f1xx_hal_uart.o(.text.HAL_UART_Transmit)
    [Anonymous Symbol]                       0x08002bb4   Section        0  stm32f1xx_hal_uart.o(.text.HAL_UART_TxCpltCallback)
    [Anonymous Symbol]                       0x08002bb8   Section        0  stm32f1xx_it.o(.text.HardFault_Handler)
    I2C_RequestMemoryRead                    0x08002bbd   Thumb Code   274  stm32f1xx_hal_i2c.o(.text.I2C_RequestMemoryRead)
    [Anonymous Symbol]                       0x08002bbc   Section        0  stm32f1xx_hal_i2c.o(.text.I2C_RequestMemoryRead)
    I2C_RequestMemoryWrite                   0x08002cd1   Thumb Code   200  stm32f1xx_hal_i2c.o(.text.I2C_RequestMemoryWrite)
    [Anonymous Symbol]                       0x08002cd0   Section        0  stm32f1xx_hal_i2c.o(.text.I2C_RequestMemoryWrite)
    I2C_WaitOnBTFFlagUntilTimeout            0x08002d99   Thumb Code   186  stm32f1xx_hal_i2c.o(.text.I2C_WaitOnBTFFlagUntilTimeout)
    [Anonymous Symbol]                       0x08002d98   Section        0  stm32f1xx_hal_i2c.o(.text.I2C_WaitOnBTFFlagUntilTimeout)
    I2C_WaitOnFlagUntilTimeout               0x08002e55   Thumb Code   458  stm32f1xx_hal_i2c.o(.text.I2C_WaitOnFlagUntilTimeout)
    [Anonymous Symbol]                       0x08002e54   Section        0  stm32f1xx_hal_i2c.o(.text.I2C_WaitOnFlagUntilTimeout)
    I2C_WaitOnMasterAddressFlagUntilTimeout  0x08003021   Thumb Code   214  stm32f1xx_hal_i2c.o(.text.I2C_WaitOnMasterAddressFlagUntilTimeout)
    [Anonymous Symbol]                       0x08003020   Section        0  stm32f1xx_hal_i2c.o(.text.I2C_WaitOnMasterAddressFlagUntilTimeout)
    I2C_WaitOnRXNEFlagUntilTimeout           0x080030f9   Thumb Code   144  stm32f1xx_hal_i2c.o(.text.I2C_WaitOnRXNEFlagUntilTimeout)
    [Anonymous Symbol]                       0x080030f8   Section        0  stm32f1xx_hal_i2c.o(.text.I2C_WaitOnRXNEFlagUntilTimeout)
    I2C_WaitOnTXEFlagUntilTimeout            0x08003189   Thumb Code   186  stm32f1xx_hal_i2c.o(.text.I2C_WaitOnTXEFlagUntilTimeout)
    [Anonymous Symbol]                       0x08003188   Section        0  stm32f1xx_hal_i2c.o(.text.I2C_WaitOnTXEFlagUntilTimeout)
    [Anonymous Symbol]                       0x08003244   Section        0  gpio.o(.text.MX_GPIO_Init)
    [Anonymous Symbol]                       0x08003304   Section        0  i2c.o(.text.MX_I2C1_Init)
    [Anonymous Symbol]                       0x08003348   Section        0  i2c.o(.text.MX_I2C2_Init)
    [Anonymous Symbol]                       0x0800338c   Section        0  iwdg.o(.text.MX_IWDG_Init)
    [Anonymous Symbol]                       0x080033bc   Section        0  tim.o(.text.MX_TIM2_Init)
    [Anonymous Symbol]                       0x08003430   Section        0  usart.o(.text.MX_USART1_UART_Init)
    [Anonymous Symbol]                       0x0800346c   Section        0  usart.o(.text.MX_USART2_UART_Init)
    [Anonymous Symbol]                       0x080034b0   Section        0  stm32f1xx_it.o(.text.MemManage_Handler)
    [Anonymous Symbol]                       0x080034b4   Section        0  my_mpu6050.o(.text.Mpu_6050_EulerAngle_Measurement)
    [Anonymous Symbol]                       0x080035fc   Section        0  my_mpu6050.o(.text.Mpu_6050_GetPitch)
    [Anonymous Symbol]                       0x08003608   Section        0  my_mpu6050.o(.text.Mpu_6050_GetRoll)
    [Anonymous Symbol]                       0x08003614   Section        0  my_mpu6050.o(.text.Mpu_6050_GetYaw)
    [Anonymous Symbol]                       0x08003618   Section        0  my_mpu6050.o(.text.Mpu_6050_Init)
    [Anonymous Symbol]                       0x08003698   Section        0  my_mpu6050.o(.text.Mpu_6050_Update)
    [Anonymous Symbol]                       0x080038dc   Section        0  stm32f1xx_it.o(.text.NMI_Handler)
    [Anonymous Symbol]                       0x080038e0   Section        0  stm32f1xx_it.o(.text.PendSV_Handler)
    [Anonymous Symbol]                       0x080038e4   Section        0  stm32f1xx_it.o(.text.SVC_Handler)
    [Anonymous Symbol]                       0x080038e8   Section        0  stm32f1xx_it.o(.text.SysTick_Handler)
    [Anonymous Symbol]                       0x080038ec   Section        0  system_stm32f1xx.o(.text.SystemInit)
    [Anonymous Symbol]                       0x080038f0   Section        0  stm32f1xx_it.o(.text.TIM2_IRQHandler)
    UART_DMAAbortOnError                     0x080038fd   Thumb Code    12  stm32f1xx_hal_uart.o(.text.UART_DMAAbortOnError)
    [Anonymous Symbol]                       0x080038fc   Section        0  stm32f1xx_hal_uart.o(.text.UART_DMAAbortOnError)
    UART_Receive_IT                          0x08003909   Thumb Code   254  stm32f1xx_hal_uart.o(.text.UART_Receive_IT)
    [Anonymous Symbol]                       0x08003908   Section        0  stm32f1xx_hal_uart.o(.text.UART_Receive_IT)
    [Anonymous Symbol]                       0x08003a08   Section        0  stm32f1xx_it.o(.text.USART1_IRQHandler)
    [Anonymous Symbol]                       0x08003a14   Section        0  stm32f1xx_it.o(.text.USART2_IRQHandler)
    [Anonymous Symbol]                       0x08003a20   Section        0  stm32f1xx_it.o(.text.UsageFault_Handler)
    [Anonymous Symbol]                       0x08003a24   Section        0  my_vl6180.o(.text.VL6180_Init)
    [Anonymous Symbol]                       0x08003e18   Section        0  my_vl6180.o(.text.VL6180_Read_Range)
    [Anonymous Symbol]                       0x08003f0c   Section        0  usart.o(.text.fputc)
    [Anonymous Symbol]                       0x08003f30   Section        0  main.o(.text.main)
    i.__0printf                              0x08004028   Section        0  printfa.o(i.__0printf)
    i.__0snprintf                            0x08004048   Section        0  printfa.o(i.__0snprintf)
    i.__ARM_fpclassifyf                      0x0800407c   Section        0  fpclassifyf.o(i.__ARM_fpclassifyf)
    i.__mathlib_flt_infnan2                  0x080040a2   Section        0  funder.o(i.__mathlib_flt_infnan2)
    i.__mathlib_flt_underflow                0x080040a6   Section        0  funder.o(i.__mathlib_flt_underflow)
    i.__scatterload_copy                     0x080040b0   Section       14  handlers.o(i.__scatterload_copy)
    i.__scatterload_null                     0x080040be   Section        2  handlers.o(i.__scatterload_null)
    i.__scatterload_zeroinit                 0x080040c0   Section       14  handlers.o(i.__scatterload_zeroinit)
    i.__set_errno                            0x080040d0   Section        0  errno.o(i.__set_errno)
    _fp_digits                               0x080040dd   Thumb Code   366  printfa.o(i._fp_digits)
    i._fp_digits                             0x080040dc   Section        0  printfa.o(i._fp_digits)
    _printf_core                             0x08004261   Thumb Code  1744  printfa.o(i._printf_core)
    i._printf_core                           0x08004260   Section        0  printfa.o(i._printf_core)
    _printf_post_padding                     0x0800493d   Thumb Code    36  printfa.o(i._printf_post_padding)
    i._printf_post_padding                   0x0800493c   Section        0  printfa.o(i._printf_post_padding)
    _printf_pre_padding                      0x08004961   Thumb Code    46  printfa.o(i._printf_pre_padding)
    i._printf_pre_padding                    0x08004960   Section        0  printfa.o(i._printf_pre_padding)
    _snputc                                  0x0800498f   Thumb Code    22  printfa.o(i._snputc)
    i._snputc                                0x0800498e   Section        0  printfa.o(i._snputc)
    i.atan2f                                 0x080049a4   Section        0  atan2f.o(i.atan2f)
    HAL_RCC_GetSysClockFreq.aPredivFactorTable 0x08004c60   Data           2  stm32f1xx_hal_rcc.o(.rodata.HAL_RCC_GetSysClockFreq.aPredivFactorTable)
    [Anonymous Symbol]                       0x08004c60   Section        0  stm32f1xx_hal_rcc.o(.rodata.HAL_RCC_GetSysClockFreq.aPredivFactorTable)
    HAL_RCC_GetSysClockFreq.aPLLMULFactorTable 0x08004c62   Data          16  stm32f1xx_hal_rcc.o(.rodata.cst16)
    [Anonymous Symbol]                       0x08004c62   Section        0  stm32f1xx_hal_rcc.o(.rodata.cst16)
    .data                                    0x20000000   Section        4  stdout.o(.data)
    _errno                                   0x20000004   Data           4  errno.o(.data)
    .data                                    0x20000004   Section        4  errno.o(.data)
    .L_MergedGlobals                         0x20000008   Data          20  my_mpu6050.o(.data..L_MergedGlobals)
    [Anonymous Symbol]                       0x20000008   Section        0  my_mpu6050.o(.data..L_MergedGlobals)
    .L_MergedGlobals                         0x2000001c   Data           8  stm32f1xx_hal.o(.data..L_MergedGlobals)
    [Anonymous Symbol]                       0x2000001c   Section        0  stm32f1xx_hal.o(.data..L_MergedGlobals)
    .L_MergedGlobals                         0x20000030   Data          16  main.o(.bss..L_MergedGlobals)
    [Anonymous Symbol]                       0x20000030   Section        0  main.o(.bss..L_MergedGlobals)
    HAL_TIM_PeriodElapsedCallback.send_time  0x20000032   Data           1  main.o(.bss..L_MergedGlobals)
    .L_MergedGlobals.1                       0x20000040   Data          44  my_mpu6050.o(.bss..L_MergedGlobals.1)
    [Anonymous Symbol]                       0x20000040   Section        0  my_mpu6050.o(.bss..L_MergedGlobals.1)
    Mpu_6050_EulerAngle_Measurement.next     0x20000060   Data           4  my_mpu6050.o(.bss..L_MergedGlobals.1)
    Pitch                                    0x20000064   Data           4  my_mpu6050.o(.bss..L_MergedGlobals.1)
    Roll                                     0x20000068   Data           4  my_mpu6050.o(.bss..L_MergedGlobals.1)
    VL6180_Read_Range.next                   0x2000006c   Data           4  my_vl6180.o(.bss.VL6180_Read_Range.next)
    [Anonymous Symbol]                       0x2000006c   Section        0  my_vl6180.o(.bss.VL6180_Read_Range.next)
    STACK                                    0x20000310   Section     1024  startup_stm32f103xb.o(STACK)

    Global Symbols

    Symbol Name                              Value     Ov Type        Size  Object(Section)

    BuildAttributes$$THM_ISAv4$P$D$K$B$S$PE$A:L22UL41UL21$X:L11$S22US41US21$IEEE1$IW$~IW$USESV6$~STKCKD$USESV7$~SHL$OTIME$ROPI$IEEEX$EBA8$MICROLIB$REQ8$PRES8$EABIv2 0x00000000   Number         0  anon$$obj.o ABSOLUTE
    _printf_a                                0x00000000   Number         0  printfstubs.o ABSOLUTE
    _printf_c                                0x00000000   Number         0  printfstubs.o ABSOLUTE
    _printf_charcount                        0x00000000   Number         0  printfstubs.o ABSOLUTE
    _printf_d                                0x00000000   Number         0  printfstubs.o ABSOLUTE
    _printf_e                                0x00000000   Number         0  printfstubs.o ABSOLUTE
    _printf_f                                0x00000000   Number         0  printfstubs.o ABSOLUTE
    _printf_flags                            0x00000000   Number         0  printfstubs.o ABSOLUTE
    _printf_fp_dec                           0x00000000   Number         0  printfstubs.o ABSOLUTE
    _printf_fp_hex                           0x00000000   Number         0  printfstubs.o ABSOLUTE
    _printf_g                                0x00000000   Number         0  printfstubs.o ABSOLUTE
    _printf_i                                0x00000000   Number         0  printfstubs.o ABSOLUTE
    _printf_int_dec                          0x00000000   Number         0  printfstubs.o ABSOLUTE
    _printf_l                                0x00000000   Number         0  printfstubs.o ABSOLUTE
    _printf_lc                               0x00000000   Number         0  printfstubs.o ABSOLUTE
    _printf_ll                               0x00000000   Number         0  printfstubs.o ABSOLUTE
    _printf_lld                              0x00000000   Number         0  printfstubs.o ABSOLUTE
    _printf_lli                              0x00000000   Number         0  printfstubs.o ABSOLUTE
    _printf_llo                              0x00000000   Number         0  printfstubs.o ABSOLUTE
    _printf_llu                              0x00000000   Number         0  printfstubs.o ABSOLUTE
    _printf_llx                              0x00000000   Number         0  printfstubs.o ABSOLUTE
    _printf_longlong_dec                     0x00000000   Number         0  printfstubs.o ABSOLUTE
    _printf_longlong_hex                     0x00000000   Number         0  printfstubs.o ABSOLUTE
    _printf_longlong_oct                     0x00000000   Number         0  printfstubs.o ABSOLUTE
    _printf_ls                               0x00000000   Number         0  printfstubs.o ABSOLUTE
    _printf_mbtowc                           0x00000000   Number         0  printfstubs.o ABSOLUTE
    _printf_n                                0x00000000   Number         0  printfstubs.o ABSOLUTE
    _printf_o                                0x00000000   Number         0  printfstubs.o ABSOLUTE
    _printf_p                                0x00000000   Number         0  printfstubs.o ABSOLUTE
    _printf_percent                          0x00000000   Number         0  printfstubs.o ABSOLUTE
    _printf_pre_padding                      0x00000000   Number         0  printfstubs.o ABSOLUTE
    _printf_return_value                     0x00000000   Number         0  printfstubs.o ABSOLUTE
    _printf_s                                0x00000000   Number         0  printfstubs.o ABSOLUTE
    _printf_sizespec                         0x00000000   Number         0  printfstubs.o ABSOLUTE
    _printf_str                              0x00000000   Number         0  printfstubs.o ABSOLUTE
    _printf_truncate_signed                  0x00000000   Number         0  printfstubs.o ABSOLUTE
    _printf_truncate_unsigned                0x00000000   Number         0  printfstubs.o ABSOLUTE
    _printf_u                                0x00000000   Number         0  printfstubs.o ABSOLUTE
    _printf_wc                               0x00000000   Number         0  printfstubs.o ABSOLUTE
    _printf_wctomb                           0x00000000   Number         0  printfstubs.o ABSOLUTE
    _printf_widthprec                        0x00000000   Number         0  printfstubs.o ABSOLUTE
    _printf_x                                0x00000000   Number         0  printfstubs.o ABSOLUTE
    __cpp_initialize__aeabi_                  - Undefined Weak Reference
    __cxa_finalize                            - Undefined Weak Reference
    __decompress                              - Undefined Weak Reference
    _clock_init                               - Undefined Weak Reference
    _microlib_exit                            - Undefined Weak Reference
    __Vectors_Size                           0x000000ec   Number         0  startup_stm32f103xb.o ABSOLUTE
    __Vectors                                0x08000000   Data           4  startup_stm32f103xb.o(RESET)
    __Vectors_End                            0x080000ec   Data           0  startup_stm32f103xb.o(RESET)
    __main                                   0x080000ed   Thumb Code     0  entry.o(.ARM.Collect$$$$00000000)
    _main_stk                                0x080000ed   Thumb Code     0  entry2.o(.ARM.Collect$$$$00000001)
    _main_scatterload                        0x080000f1   Thumb Code     0  entry5.o(.ARM.Collect$$$$00000004)
    __main_after_scatterload                 0x080000f5   Thumb Code     0  entry5.o(.ARM.Collect$$$$00000004)
    _main_clock                              0x080000f5   Thumb Code     0  entry7b.o(.ARM.Collect$$$$00000008)
    _main_cpp_init                           0x080000f5   Thumb Code     0  entry8b.o(.ARM.Collect$$$$0000000A)
    _main_init                               0x080000f5   Thumb Code     0  entry9a.o(.ARM.Collect$$$$0000000B)
    __rt_final_cpp                           0x080000fd   Thumb Code     0  entry10a.o(.ARM.Collect$$$$0000000D)
    __rt_final_exit                          0x080000fd   Thumb Code     0  entry11a.o(.ARM.Collect$$$$0000000F)
    Reset_Handler                            0x08000101   Thumb Code     8  startup_stm32f103xb.o(.text)
    ADC1_2_IRQHandler                        0x0800011b   Thumb Code     0  startup_stm32f103xb.o(.text)
    CAN1_RX1_IRQHandler                      0x0800011b   Thumb Code     0  startup_stm32f103xb.o(.text)
    CAN1_SCE_IRQHandler                      0x0800011b   Thumb Code     0  startup_stm32f103xb.o(.text)
    DMA1_Channel1_IRQHandler                 0x0800011b   Thumb Code     0  startup_stm32f103xb.o(.text)
    DMA1_Channel2_IRQHandler                 0x0800011b   Thumb Code     0  startup_stm32f103xb.o(.text)
    DMA1_Channel3_IRQHandler                 0x0800011b   Thumb Code     0  startup_stm32f103xb.o(.text)
    DMA1_Channel4_IRQHandler                 0x0800011b   Thumb Code     0  startup_stm32f103xb.o(.text)
    DMA1_Channel5_IRQHandler                 0x0800011b   Thumb Code     0  startup_stm32f103xb.o(.text)
    DMA1_Channel6_IRQHandler                 0x0800011b   Thumb Code     0  startup_stm32f103xb.o(.text)
    DMA1_Channel7_IRQHandler                 0x0800011b   Thumb Code     0  startup_stm32f103xb.o(.text)
    EXTI0_IRQHandler                         0x0800011b   Thumb Code     0  startup_stm32f103xb.o(.text)
    EXTI15_10_IRQHandler                     0x0800011b   Thumb Code     0  startup_stm32f103xb.o(.text)
    EXTI1_IRQHandler                         0x0800011b   Thumb Code     0  startup_stm32f103xb.o(.text)
    EXTI2_IRQHandler                         0x0800011b   Thumb Code     0  startup_stm32f103xb.o(.text)
    EXTI3_IRQHandler                         0x0800011b   Thumb Code     0  startup_stm32f103xb.o(.text)
    EXTI4_IRQHandler                         0x0800011b   Thumb Code     0  startup_stm32f103xb.o(.text)
    EXTI9_5_IRQHandler                       0x0800011b   Thumb Code     0  startup_stm32f103xb.o(.text)
    FLASH_IRQHandler                         0x0800011b   Thumb Code     0  startup_stm32f103xb.o(.text)
    I2C1_ER_IRQHandler                       0x0800011b   Thumb Code     0  startup_stm32f103xb.o(.text)
    I2C1_EV_IRQHandler                       0x0800011b   Thumb Code     0  startup_stm32f103xb.o(.text)
    I2C2_ER_IRQHandler                       0x0800011b   Thumb Code     0  startup_stm32f103xb.o(.text)
    I2C2_EV_IRQHandler                       0x0800011b   Thumb Code     0  startup_stm32f103xb.o(.text)
    PVD_IRQHandler                           0x0800011b   Thumb Code     0  startup_stm32f103xb.o(.text)
    RCC_IRQHandler                           0x0800011b   Thumb Code     0  startup_stm32f103xb.o(.text)
    RTC_Alarm_IRQHandler                     0x0800011b   Thumb Code     0  startup_stm32f103xb.o(.text)
    RTC_IRQHandler                           0x0800011b   Thumb Code     0  startup_stm32f103xb.o(.text)
    SPI1_IRQHandler                          0x0800011b   Thumb Code     0  startup_stm32f103xb.o(.text)
    SPI2_IRQHandler                          0x0800011b   Thumb Code     0  startup_stm32f103xb.o(.text)
    TAMPER_IRQHandler                        0x0800011b   Thumb Code     0  startup_stm32f103xb.o(.text)
    TIM1_BRK_IRQHandler                      0x0800011b   Thumb Code     0  startup_stm32f103xb.o(.text)
    TIM1_CC_IRQHandler                       0x0800011b   Thumb Code     0  startup_stm32f103xb.o(.text)
    TIM1_TRG_COM_IRQHandler                  0x0800011b   Thumb Code     0  startup_stm32f103xb.o(.text)
    TIM1_UP_IRQHandler                       0x0800011b   Thumb Code     0  startup_stm32f103xb.o(.text)
    TIM3_IRQHandler                          0x0800011b   Thumb Code     0  startup_stm32f103xb.o(.text)
    TIM4_IRQHandler                          0x0800011b   Thumb Code     0  startup_stm32f103xb.o(.text)
    USART3_IRQHandler                        0x0800011b   Thumb Code     0  startup_stm32f103xb.o(.text)
    USBWakeUp_IRQHandler                     0x0800011b   Thumb Code     0  startup_stm32f103xb.o(.text)
    USB_HP_CAN1_TX_IRQHandler                0x0800011b   Thumb Code     0  startup_stm32f103xb.o(.text)
    USB_LP_CAN1_RX0_IRQHandler               0x0800011b   Thumb Code     0  startup_stm32f103xb.o(.text)
    WWDG_IRQHandler                          0x0800011b   Thumb Code     0  startup_stm32f103xb.o(.text)
    __aeabi_memcpy                           0x08000125   Thumb Code    36  memcpya.o(.text)
    __aeabi_memcpy4                          0x08000125   Thumb Code     0  memcpya.o(.text)
    __aeabi_memcpy8                          0x08000125   Thumb Code     0  memcpya.o(.text)
    __aeabi_fadd                             0x08000149   Thumb Code   164  fadd.o(.text)
    __aeabi_fsub                             0x080001ed   Thumb Code     6  fadd.o(.text)
    __aeabi_frsub                            0x080001f3   Thumb Code     6  fadd.o(.text)
    __aeabi_fmul                             0x080001f9   Thumb Code   100  fmul.o(.text)
    __aeabi_fdiv                             0x0800025d   Thumb Code   124  fdiv.o(.text)
    __aeabi_dadd                             0x080002d9   Thumb Code   322  dadd.o(.text)
    __aeabi_dsub                             0x0800041b   Thumb Code     6  dadd.o(.text)
    __aeabi_drsub                            0x08000421   Thumb Code     6  dadd.o(.text)
    __aeabi_dmul                             0x08000427   Thumb Code   228  dmul.o(.text)
    __aeabi_i2f                              0x0800050b   Thumb Code    18  fflti.o(.text)
    __aeabi_i2d                              0x0800051d   Thumb Code    34  dflti.o(.text)
    __aeabi_f2d                              0x0800053f   Thumb Code    38  f2d.o(.text)
    __aeabi_d2f                              0x08000565   Thumb Code    56  d2f.o(.text)
    __aeabi_uidiv                            0x0800059d   Thumb Code     0  uidiv.o(.text)
    __aeabi_uidivmod                         0x0800059d   Thumb Code    44  uidiv.o(.text)
    __aeabi_uldivmod                         0x080005c9   Thumb Code    98  uldiv.o(.text)
    __aeabi_llsl                             0x0800062b   Thumb Code    30  llshl.o(.text)
    _ll_shift_l                              0x0800062b   Thumb Code     0  llshl.o(.text)
    __aeabi_lasr                             0x08000649   Thumb Code    36  llsshr.o(.text)
    _ll_sshift_r                             0x08000649   Thumb Code     0  llsshr.o(.text)
    __I$use$fp                               0x0800066d   Thumb Code     0  iusefp.o(.text)
    _float_round                             0x0800066d   Thumb Code    18  fepilogue.o(.text)
    _float_epilogue                          0x0800067f   Thumb Code    92  fepilogue.o(.text)
    _double_round                            0x080006db   Thumb Code    30  depilogue.o(.text)
    _double_epilogue                         0x080006f9   Thumb Code   156  depilogue.o(.text)
    __aeabi_ddiv                             0x08000795   Thumb Code   222  ddiv.o(.text)
    __aeabi_d2ulz                            0x08000873   Thumb Code    48  dfixul.o(.text)
    __aeabi_cdrcmple                         0x080008a5   Thumb Code    48  cdrcmple.o(.text)
    __scatterload                            0x080008d5   Thumb Code    38  init.o(.text)
    __scatterload_rt2                        0x080008d5   Thumb Code     0  init.o(.text)
    __aeabi_llsr                             0x08000905   Thumb Code    32  llushr.o(.text)
    _ll_ushift_r                             0x08000905   Thumb Code     0  llushr.o(.text)
    __ARM_scalbnf                            0x08000925   Thumb Code    24  fscalb.o(.text)
    scalbnf                                  0x08000925   Thumb Code     0  fscalb.o(.text)
    BusFault_Handler                         0x0800093d   Thumb Code     2  stm32f1xx_it.o(.text.BusFault_Handler)
    DL_Init                                  0x08000941   Thumb Code    32  dl_ln3x.o(.text.DL_Init)
    DL_SendPacket                            0x08000961   Thumb Code    90  dl_ln3x.o(.text.DL_SendPacket)
    DL_UART_RxCpltCallback                   0x080009bd   Thumb Code   152  dl_ln3x.o(.text.DL_UART_RxCpltCallback)
    DebugMon_Handler                         0x08000a6d   Thumb Code     2  stm32f1xx_it.o(.text.DebugMon_Handler)
    Error_Handler                            0x08000a71   Thumb Code    10  main.o(.text.Error_Handler)
    HAL_DMA_Abort                            0x08000a7d   Thumb Code    70  stm32f1xx_hal_dma.o(.text.HAL_DMA_Abort)
    HAL_DMA_Abort_IT                         0x08000ac5   Thumb Code   182  stm32f1xx_hal_dma.o(.text.HAL_DMA_Abort_IT)
    HAL_Delay                                0x08000b7d   Thumb Code    40  stm32f1xx_hal.o(.text.HAL_Delay)
    HAL_GPIO_Init                            0x08000ba5   Thumb Code   526  stm32f1xx_hal_gpio.o(.text.HAL_GPIO_Init)
    HAL_GPIO_WritePin                        0x08000db5   Thumb Code    10  stm32f1xx_hal_gpio.o(.text.HAL_GPIO_WritePin)
    HAL_GetTick                              0x08000dc1   Thumb Code    12  stm32f1xx_hal.o(.text.HAL_GetTick)
    HAL_I2C_Init                             0x08000dcd   Thumb Code   356  stm32f1xx_hal_i2c.o(.text.HAL_I2C_Init)
    HAL_I2C_Mem_Read                         0x08000f31   Thumb Code   846  stm32f1xx_hal_i2c.o(.text.HAL_I2C_Mem_Read)
    HAL_I2C_Mem_Write                        0x08001281   Thumb Code   348  stm32f1xx_hal_i2c.o(.text.HAL_I2C_Mem_Write)
    HAL_I2C_MspInit                          0x080013dd   Thumb Code   188  i2c.o(.text.HAL_I2C_MspInit)
    HAL_IWDG_Init                            0x08001499   Thumb Code    94  stm32f1xx_hal_iwdg.o(.text.HAL_IWDG_Init)
    HAL_IWDG_Refresh                         0x080014f9   Thumb Code    12  stm32f1xx_hal_iwdg.o(.text.HAL_IWDG_Refresh)
    HAL_IncTick                              0x08001505   Thumb Code    26  stm32f1xx_hal.o(.text.HAL_IncTick)
    HAL_Init                                 0x08001521   Thumb Code    38  stm32f1xx_hal.o(.text.HAL_Init)
    HAL_InitTick                             0x08001549   Thumb Code    72  stm32f1xx_hal.o(.text.HAL_InitTick)
    HAL_MspInit                              0x08001591   Thumb Code    66  stm32f1xx_hal_msp.o(.text.HAL_MspInit)
    HAL_NVIC_EnableIRQ                       0x080015d5   Thumb Code    34  stm32f1xx_hal_cortex.o(.text.HAL_NVIC_EnableIRQ)
    HAL_NVIC_SetPriority                     0x080015f9   Thumb Code    86  stm32f1xx_hal_cortex.o(.text.HAL_NVIC_SetPriority)
    HAL_NVIC_SetPriorityGrouping             0x08001651   Thumb Code    32  stm32f1xx_hal_cortex.o(.text.HAL_NVIC_SetPriorityGrouping)
    HAL_RCC_ClockConfig                      0x08001671   Thumb Code   442  stm32f1xx_hal_rcc.o(.text.HAL_RCC_ClockConfig)
    HAL_RCC_GetPCLK1Freq                     0x0800182d   Thumb Code    38  stm32f1xx_hal_rcc.o(.text.HAL_RCC_GetPCLK1Freq)
    HAL_RCC_GetPCLK2Freq                     0x08001855   Thumb Code    38  stm32f1xx_hal_rcc.o(.text.HAL_RCC_GetPCLK2Freq)
    HAL_RCC_OscConfig                        0x0800187d   Thumb Code  1024  stm32f1xx_hal_rcc.o(.text.HAL_RCC_OscConfig)
    HAL_SYSTICK_Config                       0x08001c7d   Thumb Code    44  stm32f1xx_hal_cortex.o(.text.HAL_SYSTICK_Config)
    HAL_TIMEx_BreakCallback                  0x08001ca9   Thumb Code     2  stm32f1xx_hal_tim_ex.o(.text.HAL_TIMEx_BreakCallback)
    HAL_TIMEx_CommutCallback                 0x08001cad   Thumb Code     2  stm32f1xx_hal_tim_ex.o(.text.HAL_TIMEx_CommutCallback)
    HAL_TIMEx_MasterConfigSynchronization    0x08001cb1   Thumb Code   126  stm32f1xx_hal_tim_ex.o(.text.HAL_TIMEx_MasterConfigSynchronization)
    HAL_TIM_Base_Init                        0x08001d31   Thumb Code   250  stm32f1xx_hal_tim.o(.text.HAL_TIM_Base_Init)
    HAL_TIM_Base_MspInit                     0x08001e2d   Thumb Code    62  tim.o(.text.HAL_TIM_Base_MspInit)
    HAL_TIM_Base_Start_IT                    0x08001e6d   Thumb Code   110  stm32f1xx_hal_tim.o(.text.HAL_TIM_Base_Start_IT)
    HAL_TIM_ConfigClockSource                0x08001edd   Thumb Code   416  stm32f1xx_hal_tim.o(.text.HAL_TIM_ConfigClockSource)
    HAL_TIM_IC_CaptureCallback               0x0800207d   Thumb Code     2  stm32f1xx_hal_tim.o(.text.HAL_TIM_IC_CaptureCallback)
    HAL_TIM_IRQHandler                       0x08002081   Thumb Code   334  stm32f1xx_hal_tim.o(.text.HAL_TIM_IRQHandler)
    HAL_TIM_OC_DelayElapsedCallback          0x080021d1   Thumb Code     2  stm32f1xx_hal_tim.o(.text.HAL_TIM_OC_DelayElapsedCallback)
    HAL_TIM_PWM_PulseFinishedCallback        0x080021d5   Thumb Code     2  stm32f1xx_hal_tim.o(.text.HAL_TIM_PWM_PulseFinishedCallback)
    HAL_TIM_PeriodElapsedCallback            0x080021d9   Thumb Code    96  main.o(.text.HAL_TIM_PeriodElapsedCallback)
    HAL_TIM_TriggerCallback                  0x08002239   Thumb Code     2  stm32f1xx_hal_tim.o(.text.HAL_TIM_TriggerCallback)
    HAL_UARTEx_RxEventCallback               0x0800223d   Thumb Code     2  stm32f1xx_hal_uart.o(.text.HAL_UARTEx_RxEventCallback)
    HAL_UART_ErrorCallback                   0x08002241   Thumb Code     2  stm32f1xx_hal_uart.o(.text.HAL_UART_ErrorCallback)
    HAL_UART_IRQHandler                      0x08002245   Thumb Code  1392  stm32f1xx_hal_uart.o(.text.HAL_UART_IRQHandler)
    HAL_UART_Init                            0x080027b5   Thumb Code   226  stm32f1xx_hal_uart.o(.text.HAL_UART_Init)
    HAL_UART_MspInit                         0x08002899   Thumb Code   214  usart.o(.text.HAL_UART_MspInit)
    HAL_UART_Receive_IT                      0x08002971   Thumb Code    84  stm32f1xx_hal_uart.o(.text.HAL_UART_Receive_IT)
    HAL_UART_RxCpltCallback                  0x080029c5   Thumb Code    90  main.o(.text.HAL_UART_RxCpltCallback)
    HAL_UART_Transmit                        0x08002a21   Thumb Code   402  stm32f1xx_hal_uart.o(.text.HAL_UART_Transmit)
    HAL_UART_TxCpltCallback                  0x08002bb5   Thumb Code     2  stm32f1xx_hal_uart.o(.text.HAL_UART_TxCpltCallback)
    HardFault_Handler                        0x08002bb9   Thumb Code     2  stm32f1xx_it.o(.text.HardFault_Handler)
    MX_GPIO_Init                             0x08003245   Thumb Code   190  gpio.o(.text.MX_GPIO_Init)
    MX_I2C1_Init                             0x08003305   Thumb Code    66  i2c.o(.text.MX_I2C1_Init)
    MX_I2C2_Init                             0x08003349   Thumb Code    66  i2c.o(.text.MX_I2C2_Init)
    MX_IWDG_Init                             0x0800338d   Thumb Code    46  iwdg.o(.text.MX_IWDG_Init)
    MX_TIM2_Init                             0x080033bd   Thumb Code   116  tim.o(.text.MX_TIM2_Init)
    MX_USART1_UART_Init                      0x08003431   Thumb Code    60  usart.o(.text.MX_USART1_UART_Init)
    MX_USART2_UART_Init                      0x0800346d   Thumb Code    66  usart.o(.text.MX_USART2_UART_Init)
    MemManage_Handler                        0x080034b1   Thumb Code     2  stm32f1xx_it.o(.text.MemManage_Handler)
    Mpu_6050_EulerAngle_Measurement          0x080034b5   Thumb Code   328  my_mpu6050.o(.text.Mpu_6050_EulerAngle_Measurement)
    Mpu_6050_GetPitch                        0x080035fd   Thumb Code    12  my_mpu6050.o(.text.Mpu_6050_GetPitch)
    Mpu_6050_GetRoll                         0x08003609   Thumb Code    12  my_mpu6050.o(.text.Mpu_6050_GetRoll)
    Mpu_6050_GetYaw                          0x08003615   Thumb Code     4  my_mpu6050.o(.text.Mpu_6050_GetYaw)
    Mpu_6050_Init                            0x08003619   Thumb Code   128  my_mpu6050.o(.text.Mpu_6050_Init)
    Mpu_6050_Update                          0x08003699   Thumb Code   580  my_mpu6050.o(.text.Mpu_6050_Update)
    NMI_Handler                              0x080038dd   Thumb Code     2  stm32f1xx_it.o(.text.NMI_Handler)
    PendSV_Handler                           0x080038e1   Thumb Code     2  stm32f1xx_it.o(.text.PendSV_Handler)
    SVC_Handler                              0x080038e5   Thumb Code     2  stm32f1xx_it.o(.text.SVC_Handler)
    SysTick_Handler                          0x080038e9   Thumb Code     4  stm32f1xx_it.o(.text.SysTick_Handler)
    SystemInit                               0x080038ed   Thumb Code     2  system_stm32f1xx.o(.text.SystemInit)
    TIM2_IRQHandler                          0x080038f1   Thumb Code    12  stm32f1xx_it.o(.text.TIM2_IRQHandler)
    USART1_IRQHandler                        0x08003a09   Thumb Code    12  stm32f1xx_it.o(.text.USART1_IRQHandler)
    USART2_IRQHandler                        0x08003a15   Thumb Code    12  stm32f1xx_it.o(.text.USART2_IRQHandler)
    UsageFault_Handler                       0x08003a21   Thumb Code     2  stm32f1xx_it.o(.text.UsageFault_Handler)
    VL6180_Init                              0x08003a25   Thumb Code  1012  my_vl6180.o(.text.VL6180_Init)
    VL6180_Read_Range                        0x08003e19   Thumb Code   244  my_vl6180.o(.text.VL6180_Read_Range)
    fputc                                    0x08003f0d   Thumb Code    36  usart.o(.text.fputc)
    main                                     0x08003f31   Thumb Code   248  main.o(.text.main)
    __0printf                                0x08004029   Thumb Code    22  printfa.o(i.__0printf)
    __1printf                                0x08004029   Thumb Code     0  printfa.o(i.__0printf)
    __2printf                                0x08004029   Thumb Code     0  printfa.o(i.__0printf)
    __c89printf                              0x08004029   Thumb Code     0  printfa.o(i.__0printf)
    printf                                   0x08004029   Thumb Code     0  printfa.o(i.__0printf)
    __0snprintf                              0x08004049   Thumb Code    48  printfa.o(i.__0snprintf)
    __1snprintf                              0x08004049   Thumb Code     0  printfa.o(i.__0snprintf)
    __2snprintf                              0x08004049   Thumb Code     0  printfa.o(i.__0snprintf)
    __c89snprintf                            0x08004049   Thumb Code     0  printfa.o(i.__0snprintf)
    snprintf                                 0x08004049   Thumb Code     0  printfa.o(i.__0snprintf)
    __ARM_fpclassifyf                        0x0800407d   Thumb Code    38  fpclassifyf.o(i.__ARM_fpclassifyf)
    __mathlib_flt_infnan2                    0x080040a3   Thumb Code     4  funder.o(i.__mathlib_flt_infnan2)
    __mathlib_flt_underflow                  0x080040a7   Thumb Code    10  funder.o(i.__mathlib_flt_underflow)
    __scatterload_copy                       0x080040b1   Thumb Code    14  handlers.o(i.__scatterload_copy)
    __scatterload_null                       0x080040bf   Thumb Code     2  handlers.o(i.__scatterload_null)
    __scatterload_zeroinit                   0x080040c1   Thumb Code    14  handlers.o(i.__scatterload_zeroinit)
    __set_errno                              0x080040d1   Thumb Code     6  errno.o(i.__set_errno)
    atan2f                                   0x080049a5   Thumb Code   598  atan2f.o(i.atan2f)
    AHBPrescTable                            0x08004c48   Data          16  system_stm32f1xx.o(.rodata.AHBPrescTable)
    APBPrescTable                            0x08004c58   Data           8  system_stm32f1xx.o(.rodata.APBPrescTable)
    Region$$Table$$Base                      0x08004c74   Number         0  anon$$obj.o(Region$$Table)
    Region$$Table$$Limit                     0x08004c94   Number         0  anon$$obj.o(Region$$Table)
    __stdout                                 0x20000000   Data           4  stdout.o(.data)
    Mpu_6050_Address                         0x20000008   Data           1  my_mpu6050.o(.data..L_MergedGlobals)
    Mpu_6050_PowerManagement_Address         0x20000009   Data           1  my_mpu6050.o(.data..L_MergedGlobals)
    Mpu_6050_PowerManagement_Reset           0x2000000a   Data           1  my_mpu6050.o(.data..L_MergedGlobals)
    Mpu_6050_Gyro_Config_Address             0x2000000b   Data           1  my_mpu6050.o(.data..L_MergedGlobals)
    Mpu_6050_Gyro_FS_SEL_2000                0x2000000c   Data           1  my_mpu6050.o(.data..L_MergedGlobals)
    Mpu_6050_Accel_Config_Address            0x2000000d   Data           1  my_mpu6050.o(.data..L_MergedGlobals)
    Mpu_6050_Ax_H_Address                    0x2000000e   Data           1  my_mpu6050.o(.data..L_MergedGlobals)
    Mpu_6050_Ax_L_Address                    0x2000000f   Data           1  my_mpu6050.o(.data..L_MergedGlobals)
    Mpu_6050_Ay_H_Address                    0x20000010   Data           1  my_mpu6050.o(.data..L_MergedGlobals)
    Mpu_6050_Ay_L_Address                    0x20000011   Data           1  my_mpu6050.o(.data..L_MergedGlobals)
    Mpu_6050_Az_H_Address                    0x20000012   Data           1  my_mpu6050.o(.data..L_MergedGlobals)
    Mpu_6050_Az_L_Address                    0x20000013   Data           1  my_mpu6050.o(.data..L_MergedGlobals)
    Mpu_6050_Temperature_H_Address           0x20000014   Data           1  my_mpu6050.o(.data..L_MergedGlobals)
    Mpu_6050_Temperature_L_Address           0x20000015   Data           1  my_mpu6050.o(.data..L_MergedGlobals)
    Mpu_6050_Gx_H_Address                    0x20000016   Data           1  my_mpu6050.o(.data..L_MergedGlobals)
    Mpu_6050_Gx_L_Address                    0x20000017   Data           1  my_mpu6050.o(.data..L_MergedGlobals)
    Mpu_6050_Gy_H_Address                    0x20000018   Data           1  my_mpu6050.o(.data..L_MergedGlobals)
    Mpu_6050_Gy_L_Address                    0x20000019   Data           1  my_mpu6050.o(.data..L_MergedGlobals)
    Mpu_6050_Gz_H_Address                    0x2000001a   Data           1  my_mpu6050.o(.data..L_MergedGlobals)
    Mpu_6050_Gz_L_Address                    0x2000001b   Data           1  my_mpu6050.o(.data..L_MergedGlobals)
    uwTickFreq                               0x2000001c   Data           1  stm32f1xx_hal.o(.data..L_MergedGlobals)
    uwTickPrio                               0x20000020   Data           4  stm32f1xx_hal.o(.data..L_MergedGlobals)
    SystemCoreClock                          0x20000024   Data           4  system_stm32f1xx.o(.data.SystemCoreClock)
    g_printfUart                             0x20000028   Data           4  usart.o(.data.g_printfUart)
    Range                                    0x20000030   Data           1  main.o(.bss..L_MergedGlobals)
    Sub_Node_Switch                          0x20000031   Data           1  main.o(.bss..L_MergedGlobals)
    Yaw                                      0x20000034   Data           4  main.o(.bss..L_MergedGlobals)
    Pitch                                    0x20000038   Data           4  main.o(.bss..L_MergedGlobals)
    Roll                                     0x2000003c   Data           4  main.o(.bss..L_MergedGlobals)
    Mpu_6050_PowerManagement_Quit_Sleep      0x20000040   Data           1  my_mpu6050.o(.bss..L_MergedGlobals.1)
    Mpu_6050_Accel_AFS_SEL_2g                0x20000041   Data           1  my_mpu6050.o(.bss..L_MergedGlobals.1)
    Ax                                       0x20000044   Data           4  my_mpu6050.o(.bss..L_MergedGlobals.1)
    Ay                                       0x20000048   Data           4  my_mpu6050.o(.bss..L_MergedGlobals.1)
    Az                                       0x2000004c   Data           4  my_mpu6050.o(.bss..L_MergedGlobals.1)
    Gx                                       0x20000050   Data           4  my_mpu6050.o(.bss..L_MergedGlobals.1)
    Gy                                       0x20000054   Data           4  my_mpu6050.o(.bss..L_MergedGlobals.1)
    Gz                                       0x20000058   Data           4  my_mpu6050.o(.bss..L_MergedGlobals.1)
    Temperature                              0x2000005c   Data           4  my_mpu6050.o(.bss..L_MergedGlobals.1)
    dl_module                                0x20000070   Data         264  main.o(.bss.dl_module)
    hi2c1                                    0x20000178   Data          84  i2c.o(.bss.hi2c1)
    hi2c2                                    0x200001cc   Data          84  i2c.o(.bss.hi2c2)
    hiwdg                                    0x20000220   Data          12  iwdg.o(.bss.hiwdg)
    htim2                                    0x2000022c   Data          72  tim.o(.bss.htim2)
    huart1                                   0x20000274   Data          72  usart.o(.bss.huart1)
    huart2                                   0x200002bc   Data          72  usart.o(.bss.huart2)
    uart1_receive_buffer                     0x20000304   Data           2  main.o(.bss.uart1_receive_buffer)
    uwTick                                   0x20000308   Data           4  stm32f1xx_hal.o(.bss.uwTick)
    __initial_sp                             0x20000710   Data           0  startup_stm32f103xb.o(STACK)



==============================================================================

Memory Map of the image

  Image Entry point : 0x080000ed

  Load Region LR_IROM1 (Base: 0x08000000, Size: 0x00004cc8, Max: 0x00010000, ABSOLUTE)

    Execution Region ER_IROM1 (Exec base: 0x08000000, Load base: 0x08000000, Size: 0x00004c94, Max: 0x00010000, ABSOLUTE)

    Exec Addr    Load Addr    Size         Type   Attr      Idx    E Section Name        Object

    0x08000000   0x08000000   0x000000ec   Data   RO            3    RESET               startup_stm32f103xb.o
    0x080000ec   0x080000ec   0x00000000   Code   RO         1191  * .ARM.Collect$$$$00000000  mc_w.l(entry.o)
    0x080000ec   0x080000ec   0x00000004   Code   RO         1497    .ARM.Collect$$$$00000001  mc_w.l(entry2.o)
    0x080000f0   0x080000f0   0x00000004   Code   RO         1500    .ARM.Collect$$$$00000004  mc_w.l(entry5.o)
    0x080000f4   0x080000f4   0x00000000   Code   RO         1502    .ARM.Collect$$$$00000008  mc_w.l(entry7b.o)
    0x080000f4   0x080000f4   0x00000000   Code   RO         1504    .ARM.Collect$$$$0000000A  mc_w.l(entry8b.o)
    0x080000f4   0x080000f4   0x00000008   Code   RO         1505    .ARM.Collect$$$$0000000B  mc_w.l(entry9a.o)
    0x080000fc   0x080000fc   0x00000000   Code   RO         1507    .ARM.Collect$$$$0000000D  mc_w.l(entry10a.o)
    0x080000fc   0x080000fc   0x00000000   Code   RO         1509    .ARM.Collect$$$$0000000F  mc_w.l(entry11a.o)
    0x080000fc   0x080000fc   0x00000004   Code   RO         1498    .ARM.Collect$$$$00002712  mc_w.l(entry2.o)
    0x08000100   0x08000100   0x00000024   Code   RO            4    .text               startup_stm32f103xb.o
    0x08000124   0x08000124   0x00000024   Code   RO         1198    .text               mc_w.l(memcpya.o)
    0x08000148   0x08000148   0x000000b0   Code   RO         1463    .text               mf_w.l(fadd.o)
    0x080001f8   0x080001f8   0x00000064   Code   RO         1465    .text               mf_w.l(fmul.o)
    0x0800025c   0x0800025c   0x0000007c   Code   RO         1467    .text               mf_w.l(fdiv.o)
    0x080002d8   0x080002d8   0x0000014e   Code   RO         1469    .text               mf_w.l(dadd.o)
    0x08000426   0x08000426   0x000000e4   Code   RO         1471    .text               mf_w.l(dmul.o)
    0x0800050a   0x0800050a   0x00000012   Code   RO         1473    .text               mf_w.l(fflti.o)
    0x0800051c   0x0800051c   0x00000022   Code   RO         1475    .text               mf_w.l(dflti.o)
    0x0800053e   0x0800053e   0x00000026   Code   RO         1477    .text               mf_w.l(f2d.o)
    0x08000564   0x08000564   0x00000038   Code   RO         1479    .text               mf_w.l(d2f.o)
    0x0800059c   0x0800059c   0x0000002c   Code   RO         1521    .text               mc_w.l(uidiv.o)
    0x080005c8   0x080005c8   0x00000062   Code   RO         1523    .text               mc_w.l(uldiv.o)
    0x0800062a   0x0800062a   0x0000001e   Code   RO         1525    .text               mc_w.l(llshl.o)
    0x08000648   0x08000648   0x00000024   Code   RO         1527    .text               mc_w.l(llsshr.o)
    0x0800066c   0x0800066c   0x00000000   Code   RO         1536    .text               mc_w.l(iusefp.o)
    0x0800066c   0x0800066c   0x0000006e   Code   RO         1537    .text               mf_w.l(fepilogue.o)
    0x080006da   0x080006da   0x000000ba   Code   RO         1539    .text               mf_w.l(depilogue.o)
    0x08000794   0x08000794   0x000000de   Code   RO         1541    .text               mf_w.l(ddiv.o)
    0x08000872   0x08000872   0x00000030   Code   RO         1543    .text               mf_w.l(dfixul.o)
    0x080008a2   0x080008a2   0x00000002   PAD
    0x080008a4   0x080008a4   0x00000030   Code   RO         1545    .text               mf_w.l(cdrcmple.o)
    0x080008d4   0x080008d4   0x00000030   Code   RO         1547    .text               mc_w.l(init.o)
    0x08000904   0x08000904   0x00000020   Code   RO         1549    .text               mc_w.l(llushr.o)
    0x08000924   0x08000924   0x00000018   Code   RO         1551    .text               mf_w.l(fscalb.o)
    0x0800093c   0x0800093c   0x00000002   Code   RO          120    .text.BusFault_Handler  stm32f1xx_it.o
    0x0800093e   0x0800093e   0x00000002   PAD
    0x08000940   0x08000940   0x00000020   Code   RO          154    .text.DL_Init       dl_ln3x.o
    0x08000960   0x08000960   0x0000005a   Code   RO          156    .text.DL_SendPacket  dl_ln3x.o
    0x080009ba   0x080009ba   0x00000002   PAD
    0x080009bc   0x080009bc   0x000000b0   Code   RO          162    .text.DL_UART_RxCpltCallback  dl_ln3x.o
    0x08000a6c   0x08000a6c   0x00000002   Code   RO          126    .text.DebugMon_Handler  stm32f1xx_it.o
    0x08000a6e   0x08000a6e   0x00000002   PAD
    0x08000a70   0x08000a70   0x0000000a   Code   RO           21    .text.Error_Handler  main.o
    0x08000a7a   0x08000a7a   0x00000002   PAD
    0x08000a7c   0x08000a7c   0x00000046   Code   RO          533    .text.HAL_DMA_Abort  stm32f1xx_hal_dma.o
    0x08000ac2   0x08000ac2   0x00000002   PAD
    0x08000ac4   0x08000ac4   0x000000b6   Code   RO          535    .text.HAL_DMA_Abort_IT  stm32f1xx_hal_dma.o
    0x08000b7a   0x08000b7a   0x00000002   PAD
    0x08000b7c   0x08000b7c   0x00000028   Code   RO          409    .text.HAL_Delay     stm32f1xx_hal.o
    0x08000ba4   0x08000ba4   0x0000020e   Code   RO          501    .text.HAL_GPIO_Init  stm32f1xx_hal_gpio.o
    0x08000db2   0x08000db2   0x00000002   PAD
    0x08000db4   0x08000db4   0x0000000a   Code   RO          507    .text.HAL_GPIO_WritePin  stm32f1xx_hal_gpio.o
    0x08000dbe   0x08000dbe   0x00000002   PAD
    0x08000dc0   0x08000dc0   0x0000000c   Code   RO          401    .text.HAL_GetTick   stm32f1xx_hal.o
    0x08000dcc   0x08000dcc   0x00000164   Code   RO          251    .text.HAL_I2C_Init  stm32f1xx_hal_i2c.o
    0x08000f30   0x08000f30   0x0000034e   Code   RO          299    .text.HAL_I2C_Mem_Read  stm32f1xx_hal_i2c.o
    0x0800127e   0x0800127e   0x00000002   PAD
    0x08001280   0x08001280   0x0000015c   Code   RO          295    .text.HAL_I2C_Mem_Write  stm32f1xx_hal_i2c.o
    0x080013dc   0x080013dc   0x000000bc   Code   RO           53    .text.HAL_I2C_MspInit  i2c.o
    0x08001498   0x08001498   0x0000005e   Code   RO          722    .text.HAL_IWDG_Init  stm32f1xx_hal_iwdg.o
    0x080014f6   0x080014f6   0x00000002   PAD
    0x080014f8   0x080014f8   0x0000000c   Code   RO          724    .text.HAL_IWDG_Refresh  stm32f1xx_hal_iwdg.o
    0x08001504   0x08001504   0x0000001a   Code   RO          399    .text.HAL_IncTick   stm32f1xx_hal.o
    0x0800151e   0x0800151e   0x00000002   PAD
    0x08001520   0x08001520   0x00000026   Code   RO          389    .text.HAL_Init      stm32f1xx_hal.o
    0x08001546   0x08001546   0x00000002   PAD
    0x08001548   0x08001548   0x00000048   Code   RO          391    .text.HAL_InitTick  stm32f1xx_hal.o
    0x08001590   0x08001590   0x00000042   Code   RO          145    .text.HAL_MspInit   stm32f1xx_hal_msp.o
    0x080015d2   0x080015d2   0x00000002   PAD
    0x080015d4   0x080015d4   0x00000022   Code   RO          561    .text.HAL_NVIC_EnableIRQ  stm32f1xx_hal_cortex.o
    0x080015f6   0x080015f6   0x00000002   PAD
    0x080015f8   0x080015f8   0x00000056   Code   RO          559    .text.HAL_NVIC_SetPriority  stm32f1xx_hal_cortex.o
    0x0800164e   0x0800164e   0x00000002   PAD
    0x08001650   0x08001650   0x00000020   Code   RO          557    .text.HAL_NVIC_SetPriorityGrouping  stm32f1xx_hal_cortex.o
    0x08001670   0x08001670   0x000001ba   Code   RO          453    .text.HAL_RCC_ClockConfig  stm32f1xx_hal_rcc.o
    0x0800182a   0x0800182a   0x00000002   PAD
    0x0800182c   0x0800182c   0x00000026   Code   RO          465    .text.HAL_RCC_GetPCLK1Freq  stm32f1xx_hal_rcc.o
    0x08001852   0x08001852   0x00000002   PAD
    0x08001854   0x08001854   0x00000026   Code   RO          467    .text.HAL_RCC_GetPCLK2Freq  stm32f1xx_hal_rcc.o
    0x0800187a   0x0800187a   0x00000002   PAD
    0x0800187c   0x0800187c   0x00000400   Code   RO          451    .text.HAL_RCC_OscConfig  stm32f1xx_hal_rcc.o
    0x08001c7c   0x08001c7c   0x0000002c   Code   RO          569    .text.HAL_SYSTICK_Config  stm32f1xx_hal_cortex.o
    0x08001ca8   0x08001ca8   0x00000002   Code   RO         1039    .text.HAL_TIMEx_BreakCallback  stm32f1xx_hal_tim_ex.o
    0x08001caa   0x08001caa   0x00000002   PAD
    0x08001cac   0x08001cac   0x00000002   Code   RO         1035    .text.HAL_TIMEx_CommutCallback  stm32f1xx_hal_tim_ex.o
    0x08001cae   0x08001cae   0x00000002   PAD
    0x08001cb0   0x08001cb0   0x0000007e   Code   RO         1029    .text.HAL_TIMEx_MasterConfigSynchronization  stm32f1xx_hal_tim_ex.o
    0x08001d2e   0x08001d2e   0x00000002   PAD
    0x08001d30   0x08001d30   0x000000fa   Code   RO          734    .text.HAL_TIM_Base_Init  stm32f1xx_hal_tim.o
    0x08001e2a   0x08001e2a   0x00000002   PAD
    0x08001e2c   0x08001e2c   0x0000003e   Code   RO           78    .text.HAL_TIM_Base_MspInit  tim.o
    0x08001e6a   0x08001e6a   0x00000002   PAD
    0x08001e6c   0x08001e6c   0x0000006e   Code   RO          748    .text.HAL_TIM_Base_Start_IT  stm32f1xx_hal_tim.o
    0x08001eda   0x08001eda   0x00000002   PAD
    0x08001edc   0x08001edc   0x000001a0   Code   RO          914    .text.HAL_TIM_ConfigClockSource  stm32f1xx_hal_tim.o
    0x0800207c   0x0800207c   0x00000002   Code   RO          870    .text.HAL_TIM_IC_CaptureCallback  stm32f1xx_hal_tim.o
    0x0800207e   0x0800207e   0x00000002   PAD
    0x08002080   0x08002080   0x0000014e   Code   RO          868    .text.HAL_TIM_IRQHandler  stm32f1xx_hal_tim.o
    0x080021ce   0x080021ce   0x00000002   PAD
    0x080021d0   0x080021d0   0x00000002   Code   RO          872    .text.HAL_TIM_OC_DelayElapsedCallback  stm32f1xx_hal_tim.o
    0x080021d2   0x080021d2   0x00000002   PAD
    0x080021d4   0x080021d4   0x00000002   Code   RO          874    .text.HAL_TIM_PWM_PulseFinishedCallback  stm32f1xx_hal_tim.o
    0x080021d6   0x080021d6   0x00000002   PAD
    0x080021d8   0x080021d8   0x00000060   Code   RO           23    .text.HAL_TIM_PeriodElapsedCallback  main.o
    0x08002238   0x08002238   0x00000002   Code   RO          878    .text.HAL_TIM_TriggerCallback  stm32f1xx_hal_tim.o
    0x0800223a   0x0800223a   0x00000002   PAD
    0x0800223c   0x0800223c   0x00000002   Code   RO         1137    .text.HAL_UARTEx_RxEventCallback  stm32f1xx_hal_uart.o
    0x0800223e   0x0800223e   0x00000002   PAD
    0x08002240   0x08002240   0x00000002   Code   RO         1135    .text.HAL_UART_ErrorCallback  stm32f1xx_hal_uart.o
    0x08002242   0x08002242   0x00000002   PAD
    0x08002244   0x08002244   0x00000570   Code   RO         1129    .text.HAL_UART_IRQHandler  stm32f1xx_hal_uart.o
    0x080027b4   0x080027b4   0x000000e2   Code   RO         1053    .text.HAL_UART_Init  stm32f1xx_hal_uart.o
    0x08002896   0x08002896   0x00000002   PAD
    0x08002898   0x08002898   0x000000d6   Code   RO           95    .text.HAL_UART_MspInit  usart.o
    0x0800296e   0x0800296e   0x00000002   PAD
    0x08002970   0x08002970   0x00000054   Code   RO         1073    .text.HAL_UART_Receive_IT  stm32f1xx_hal_uart.o
    0x080029c4   0x080029c4   0x0000005a   Code   RO           13    .text.HAL_UART_RxCpltCallback  main.o
    0x08002a1e   0x08002a1e   0x00000002   PAD
    0x08002a20   0x08002a20   0x00000192   Code   RO         1067    .text.HAL_UART_Transmit  stm32f1xx_hal_uart.o
    0x08002bb2   0x08002bb2   0x00000002   PAD
    0x08002bb4   0x08002bb4   0x00000002   Code   RO         1139    .text.HAL_UART_TxCpltCallback  stm32f1xx_hal_uart.o
    0x08002bb6   0x08002bb6   0x00000002   PAD
    0x08002bb8   0x08002bb8   0x00000002   Code   RO          116    .text.HardFault_Handler  stm32f1xx_it.o
    0x08002bba   0x08002bba   0x00000002   PAD
    0x08002bbc   0x08002bbc   0x00000112   Code   RO          301    .text.I2C_RequestMemoryRead  stm32f1xx_hal_i2c.o
    0x08002cce   0x08002cce   0x00000002   PAD
    0x08002cd0   0x08002cd0   0x000000c8   Code   RO          297    .text.I2C_RequestMemoryWrite  stm32f1xx_hal_i2c.o
    0x08002d98   0x08002d98   0x000000ba   Code   RO          265    .text.I2C_WaitOnBTFFlagUntilTimeout  stm32f1xx_hal_i2c.o
    0x08002e52   0x08002e52   0x00000002   PAD
    0x08002e54   0x08002e54   0x000001ca   Code   RO          261    .text.I2C_WaitOnFlagUntilTimeout  stm32f1xx_hal_i2c.o
    0x0800301e   0x0800301e   0x00000002   PAD
    0x08003020   0x08003020   0x000000d6   Code   RO          379    .text.I2C_WaitOnMasterAddressFlagUntilTimeout  stm32f1xx_hal_i2c.o
    0x080030f6   0x080030f6   0x00000002   PAD
    0x080030f8   0x080030f8   0x00000090   Code   RO          269    .text.I2C_WaitOnRXNEFlagUntilTimeout  stm32f1xx_hal_i2c.o
    0x08003188   0x08003188   0x000000ba   Code   RO          263    .text.I2C_WaitOnTXEFlagUntilTimeout  stm32f1xx_hal_i2c.o
    0x08003242   0x08003242   0x00000002   PAD
    0x08003244   0x08003244   0x000000be   Code   RO           40    .text.MX_GPIO_Init  gpio.o
    0x08003302   0x08003302   0x00000002   PAD
    0x08003304   0x08003304   0x00000042   Code   RO           49    .text.MX_I2C1_Init  i2c.o
    0x08003346   0x08003346   0x00000002   PAD
    0x08003348   0x08003348   0x00000042   Code   RO           51    .text.MX_I2C2_Init  i2c.o
    0x0800338a   0x0800338a   0x00000002   PAD
    0x0800338c   0x0800338c   0x0000002e   Code   RO           67    .text.MX_IWDG_Init  iwdg.o
    0x080033ba   0x080033ba   0x00000002   PAD
    0x080033bc   0x080033bc   0x00000074   Code   RO           76    .text.MX_TIM2_Init  tim.o
    0x08003430   0x08003430   0x0000003c   Code   RO           91    .text.MX_USART1_UART_Init  usart.o
    0x0800346c   0x0800346c   0x00000042   Code   RO           93    .text.MX_USART2_UART_Init  usart.o
    0x080034ae   0x080034ae   0x00000002   PAD
    0x080034b0   0x080034b0   0x00000002   Code   RO          118    .text.MemManage_Handler  stm32f1xx_it.o
    0x080034b2   0x080034b2   0x00000002   PAD
    0x080034b4   0x080034b4   0x00000148   Code   RO          176    .text.Mpu_6050_EulerAngle_Measurement  my_mpu6050.o
    0x080035fc   0x080035fc   0x0000000c   Code   RO          194    .text.Mpu_6050_GetPitch  my_mpu6050.o
    0x08003608   0x08003608   0x0000000c   Code   RO          196    .text.Mpu_6050_GetRoll  my_mpu6050.o
    0x08003614   0x08003614   0x00000004   Code   RO          192    .text.Mpu_6050_GetYaw  my_mpu6050.o
    0x08003618   0x08003618   0x00000080   Code   RO          172    .text.Mpu_6050_Init  my_mpu6050.o
    0x08003698   0x08003698   0x00000244   Code   RO          174    .text.Mpu_6050_Update  my_mpu6050.o
    0x080038dc   0x080038dc   0x00000002   Code   RO          114    .text.NMI_Handler   stm32f1xx_it.o
    0x080038de   0x080038de   0x00000002   PAD
    0x080038e0   0x080038e0   0x00000002   Code   RO          128    .text.PendSV_Handler  stm32f1xx_it.o
    0x080038e2   0x080038e2   0x00000002   PAD
    0x080038e4   0x080038e4   0x00000002   Code   RO          124    .text.SVC_Handler   stm32f1xx_it.o
    0x080038e6   0x080038e6   0x00000002   PAD
    0x080038e8   0x080038e8   0x00000004   Code   RO          130    .text.SysTick_Handler  stm32f1xx_it.o
    0x080038ec   0x080038ec   0x00000002   Code   RO         1173    .text.SystemInit    system_stm32f1xx.o
    0x080038ee   0x080038ee   0x00000002   PAD
    0x080038f0   0x080038f0   0x0000000c   Code   RO          132    .text.TIM2_IRQHandler  stm32f1xx_it.o
    0x080038fc   0x080038fc   0x0000000c   Code   RO         1133    .text.UART_DMAAbortOnError  stm32f1xx_hal_uart.o
    0x08003908   0x08003908   0x000000fe   Code   RO         1131    .text.UART_Receive_IT  stm32f1xx_hal_uart.o
    0x08003a06   0x08003a06   0x00000002   PAD
    0x08003a08   0x08003a08   0x0000000c   Code   RO          134    .text.USART1_IRQHandler  stm32f1xx_it.o
    0x08003a14   0x08003a14   0x0000000c   Code   RO          136    .text.USART2_IRQHandler  stm32f1xx_it.o
    0x08003a20   0x08003a20   0x00000002   Code   RO          122    .text.UsageFault_Handler  stm32f1xx_it.o
    0x08003a22   0x08003a22   0x00000002   PAD
    0x08003a24   0x08003a24   0x000003f4   Code   RO          222    .text.VL6180_Init   my_vl6180.o
    0x08003e18   0x08003e18   0x000000f4   Code   RO          226    .text.VL6180_Read_Range  my_vl6180.o
    0x08003f0c   0x08003f0c   0x00000024   Code   RO          101    .text.fputc         usart.o
    0x08003f30   0x08003f30   0x000000f8   Code   RO           17    .text.main          main.o
    0x08004028   0x08004028   0x00000020   Code   RO         1435    i.__0printf         mc_w.l(printfa.o)
    0x08004048   0x08004048   0x00000034   Code   RO         1436    i.__0snprintf       mc_w.l(printfa.o)
    0x0800407c   0x0800407c   0x00000026   Code   RO         1481    i.__ARM_fpclassifyf  m_ws.l(fpclassifyf.o)
    0x080040a2   0x080040a2   0x00000004   Code   RO         1485    i.__mathlib_flt_infnan2  m_ws.l(funder.o)
    0x080040a6   0x080040a6   0x0000000a   Code   RO         1489    i.__mathlib_flt_underflow  m_ws.l(funder.o)
    0x080040b0   0x080040b0   0x0000000e   Code   RO         1555    i.__scatterload_copy  mc_w.l(handlers.o)
    0x080040be   0x080040be   0x00000002   Code   RO         1556    i.__scatterload_null  mc_w.l(handlers.o)
    0x080040c0   0x080040c0   0x0000000e   Code   RO         1557    i.__scatterload_zeroinit  mc_w.l(handlers.o)
    0x080040ce   0x080040ce   0x00000002   PAD
    0x080040d0   0x080040d0   0x0000000c   Code   RO         1531    i.__set_errno       mc_w.l(errno.o)
    0x080040dc   0x080040dc   0x00000184   Code   RO         1442    i._fp_digits        mc_w.l(printfa.o)
    0x08004260   0x08004260   0x000006dc   Code   RO         1443    i._printf_core      mc_w.l(printfa.o)
    0x0800493c   0x0800493c   0x00000024   Code   RO         1444    i._printf_post_padding  mc_w.l(printfa.o)
    0x08004960   0x08004960   0x0000002e   Code   RO         1445    i._printf_pre_padding  mc_w.l(printfa.o)
    0x0800498e   0x0800498e   0x00000016   Code   RO         1446    i._snputc           mc_w.l(printfa.o)
    0x080049a4   0x080049a4   0x000002a4   Code   RO         1188    i.atan2f            m_ws.l(atan2f.o)
    0x08004c48   0x08004c48   0x00000010   Data   RO         1178    .rodata.AHBPrescTable  system_stm32f1xx.o
    0x08004c58   0x08004c58   0x00000008   Data   RO         1179    .rodata.APBPrescTable  system_stm32f1xx.o
    0x08004c60   0x08004c60   0x00000002   Data   RO          478    .rodata.HAL_RCC_GetSysClockFreq.aPredivFactorTable  stm32f1xx_hal_rcc.o
    0x08004c62   0x08004c62   0x00000010   Data   RO          477    .rodata.cst16       stm32f1xx_hal_rcc.o
    0x08004c72   0x08004c72   0x00000002   PAD
    0x08004c74   0x08004c74   0x00000020   Data   RO         1554    Region$$Table       anon$$obj.o


    Execution Region RW_IRAM1 (Exec base: 0x20000000, Load base: 0x08004c98, Size: 0x00000710, Max: 0x00005000, ABSOLUTE)

    Exec Addr    Load Addr    Size         Type   Attr      Idx    E Section Name        Object

    0x20000000   0x08004c98   0x00000004   Data   RW         1511    .data               mc_w.l(stdout.o)
    0x20000004   0x08004c9c   0x00000004   Data   RW         1532    .data               mc_w.l(errno.o)
    0x20000008   0x08004ca0   0x00000014   Data   RW          204    .data..L_MergedGlobals  my_mpu6050.o
    0x2000001c   0x08004cb4   0x00000008   Data   RW          440    .data..L_MergedGlobals  stm32f1xx_hal.o
    0x20000024   0x08004cbc   0x00000004   Data   RW         1177    .data.SystemCoreClock  system_stm32f1xx.o
    0x20000028   0x08004cc0   0x00000004   Data   RW          104    .data.g_printfUart  usart.o
    0x2000002c   0x08004cc4   0x00000004   PAD
    0x20000030        -       0x00000010   Zero   RW           31    .bss..L_MergedGlobals  main.o
    0x20000040        -       0x0000002c   Zero   RW          205    .bss..L_MergedGlobals.1  my_mpu6050.o
    0x2000006c        -       0x00000004   Zero   RW          228    .bss.VL6180_Read_Range.next  my_vl6180.o
    0x20000070        -       0x00000108   Zero   RW           26    .bss.dl_module      main.o
    0x20000178        -       0x00000054   Zero   RW           57    .bss.hi2c1          i2c.o
    0x200001cc        -       0x00000054   Zero   RW           58    .bss.hi2c2          i2c.o
    0x20000220        -       0x0000000c   Zero   RW           69    .bss.hiwdg          iwdg.o
    0x2000022c        -       0x00000048   Zero   RW           82    .bss.htim2          tim.o
    0x20000274        -       0x00000048   Zero   RW          103    .bss.huart1         usart.o
    0x200002bc        -       0x00000048   Zero   RW          105    .bss.huart2         usart.o
    0x20000304        -       0x00000002   Zero   RW           25    .bss.uart1_receive_buffer  main.o
    0x20000306   0x08004cc4   0x00000002   PAD
    0x20000308        -       0x00000004   Zero   RW          439    .bss.uwTick         stm32f1xx_hal.o
    0x2000030c   0x08004cc4   0x00000004   PAD
    0x20000310        -       0x00000400   Zero   RW            1    STACK               startup_stm32f103xb.o


==============================================================================

Image component sizes


      Code (inc. data)   RO Data    RW Data    ZI Data      Debug   Object Name

       298         24          0          0          0       6429   dl_ln3x.o
       190          0          0          0          0       1527   gpio.o
       320          0          0          0        168       4633   i2c.o
        46          0          0          0         12       1178   iwdg.o
       444          0          0          0        282       9650   main.o
      1064          0          0         20         44       5504   my_mpu6050.o
      1256          0          0          0          4       6485   my_vl6180.o
        36          8        236          0       1024        760   startup_stm32f103xb.o
       188          0          0          8          4       5722   stm32f1xx_hal.o
       196          0          0          0          0       8376   stm32f1xx_hal_cortex.o
       252          0          0          0          0       8243   stm32f1xx_hal_dma.o
       536         22          0          0          0       4650   stm32f1xx_hal_gpio.o
      3212          0          0          0          0      44948   stm32f1xx_hal_i2c.o
       106          0          0          0          0       1578   stm32f1xx_hal_iwdg.o
        66          0          0          0          0       1162   stm32f1xx_hal_msp.o
      1542          0         18          0          0       7910   stm32f1xx_hal_rcc.o
      1118          0          0          0          0      57629   stm32f1xx_hal_tim.o
       130          0          0          0          0      20871   stm32f1xx_hal_tim_ex.o
      2376          0          0          0          0      32582   stm32f1xx_hal_uart.o
        56          0          0          0          0       5605   stm32f1xx_it.o
         2          0         24          4          0       1550   system_stm32f1xx.o
       178          0          0          0         72       5871   tim.o
       376          0          0          4        144       6390   usart.o

    ----------------------------------------------------------------------
     14096         54        312         36       1764     249253   Object Totals
         0          0         32          0          0          0   (incl. Generated)
       108          0          2          0         10          0   (incl. Padding)

    ----------------------------------------------------------------------

      Code (inc. data)   RO Data    RW Data    ZI Data      Debug   Library Member Name

       676         78          0          0          0        116   atan2f.o
        38          0          0          0          0         68   fpclassifyf.o
        14          0          0          0          0        136   funder.o
         0          0          0          0          0          0   entry.o
         0          0          0          0          0          0   entry10a.o
         0          0          0          0          0          0   entry11a.o
         8          4          0          0          0          0   entry2.o
         4          0          0          0          0          0   entry5.o
         0          0          0          0          0          0   entry7b.o
         0          0          0          0          0          0   entry8b.o
         8          4          0          0          0          0   entry9a.o
        12          6          0          4          0         68   errno.o
        30          0          0          0          0          0   handlers.o
        48         10          0          0          0         68   init.o
         0          0          0          0          0          0   iusefp.o
        30          0          0          0          0         68   llshl.o
        36          0          0          0          0         68   llsshr.o
        32          0          0          0          0         68   llushr.o
        36          0          0          0          0         68   memcpya.o
      2332         94          0          0          0        608   printfa.o
         0          0          0          4          0          0   stdout.o
        44          0          0          0          0         80   uidiv.o
        98          0          0          0          0         92   uldiv.o
        48          0          0          0          0         68   cdrcmple.o
        56          0          0          0          0         88   d2f.o
       334          0          0          0          0        148   dadd.o
       222          0          0          0          0        100   ddiv.o
       186          0          0          0          0        176   depilogue.o
        48          0          0          0          0         68   dfixul.o
        34          0          0          0          0         76   dflti.o
       228          0          0          0          0         96   dmul.o
        38          0          0          0          0         68   f2d.o
       176          0          0          0          0        140   fadd.o
       124          0          0          0          0         88   fdiv.o
       110          0          0          0          0        168   fepilogue.o
        18          0          0          0          0         68   fflti.o
       100          0          0          0          0         76   fmul.o
        24          0          0          0          0         68   fscalb.o

    ----------------------------------------------------------------------
      5196        196          0          8          0       3004   Library Totals
         4          0          0          0          0          0   (incl. Padding)

    ----------------------------------------------------------------------

      Code (inc. data)   RO Data    RW Data    ZI Data      Debug   Library Name

       728         78          0          0          0        320   m_ws.l
      2718        118          0          8          0       1188   mc_w.l
      1746          0          0          0          0       1496   mf_w.l

    ----------------------------------------------------------------------
      5196        196          0          8          0       3004   Library Totals

    ----------------------------------------------------------------------

==============================================================================


      Code (inc. data)   RO Data    RW Data    ZI Data      Debug   

     19292        250        312         44       1764     250377   Grand Totals
     19292        250        312         44       1764     250377   ELF Image Totals
     19292        250        312         44          0          0   ROM Totals

==============================================================================

    Total RO  Size (Code + RO Data)                19604 (  19.14kB)
    Total RW  Size (RW Data + ZI Data)              1808 (   1.77kB)
    Total ROM Size (Code + RO Data + RW Data)      19648 (  19.19kB)

==============================================================================

