Component: ARM Compiler 5.06 update 7 (build 960) Tool: armlink [4d3601]

==============================================================================

Section Cross References

    startup_stm32f103xe.o(RESET) refers to startup_stm32f103xe.o(STACK) for __initial_sp
    startup_stm32f103xe.o(RESET) refers to startup_stm32f103xe.o(.text) for Reset_Handler
    startup_stm32f103xe.o(RESET) refers to stm32f1xx_it.o(i.NMI_Handler) for NMI_Handler
    startup_stm32f103xe.o(RESET) refers to stm32f1xx_it.o(i.HardFault_Handler) for HardFault_Handler
    startup_stm32f103xe.o(RESET) refers to stm32f1xx_it.o(i.MemManage_Handler) for MemManage_Handler
    startup_stm32f103xe.o(RESET) refers to stm32f1xx_it.o(i.BusFault_Handler) for BusFault_Handler
    startup_stm32f103xe.o(RESET) refers to stm32f1xx_it.o(i.UsageFault_Handler) for UsageFault_Handler
    startup_stm32f103xe.o(RESET) refers to stm32f1xx_it.o(i.SVC_Handler) for SVC_Handler
    startup_stm32f103xe.o(RESET) refers to stm32f1xx_it.o(i.DebugMon_Handler) for DebugMon_Handler
    startup_stm32f103xe.o(RESET) refers to stm32f1xx_it.o(i.PendSV_Handler) for PendSV_Handler
    startup_stm32f103xe.o(RESET) refers to stm32f1xx_it.o(i.SysTick_Handler) for SysTick_Handler
    startup_stm32f103xe.o(RESET) refers to stm32f1xx_it.o(i.RTC_IRQHandler) for RTC_IRQHandler
    startup_stm32f103xe.o(RESET) refers to stm32f1xx_it.o(i.USART1_IRQHandler) for USART1_IRQHandler
    startup_stm32f103xe.o(RESET) refers to stm32f1xx_it.o(i.USART2_IRQHandler) for USART2_IRQHandler
    startup_stm32f103xe.o(RESET) refers to stm32f1xx_it.o(i.RTC_Alarm_IRQHandler) for RTC_Alarm_IRQHandler
    startup_stm32f103xe.o(.text) refers to system_stm32f1xx.o(i.SystemInit) for SystemInit
    startup_stm32f103xe.o(.text) refers to entry.o(.ARM.Collect$$$$00000000) for __main
    main.o(i.HAL_UART_RxCpltCallback) refers to dl_ln3x.o(i.DL_UART_RxCpltCallback) for DL_UART_RxCpltCallback
    main.o(i.HAL_UART_RxCpltCallback) refers to main.o(.bss) for .bss
    main.o(i.SystemClock_Config) refers to memseta.o(.text) for __aeabi_memclr4
    main.o(i.SystemClock_Config) refers to stm32f1xx_hal_rcc.o(i.HAL_RCC_OscConfig) for HAL_RCC_OscConfig
    main.o(i.SystemClock_Config) refers to stm32f1xx_hal_rcc.o(i.HAL_RCC_ClockConfig) for HAL_RCC_ClockConfig
    main.o(i.SystemClock_Config) refers to stm32f1xx_hal_rcc_ex.o(i.HAL_RCCEx_PeriphCLKConfig) for HAL_RCCEx_PeriphCLKConfig
    main.o(i.main) refers to memcpya.o(.text) for __aeabi_memcpy4
    main.o(i.main) refers to stm32f1xx_hal.o(i.HAL_Init) for HAL_Init
    main.o(i.main) refers to main.o(i.SystemClock_Config) for SystemClock_Config
    main.o(i.main) refers to gpio.o(i.MX_GPIO_Init) for MX_GPIO_Init
    main.o(i.main) refers to usart.o(i.MX_USART1_UART_Init) for MX_USART1_UART_Init
    main.o(i.main) refers to usart.o(i.MX_USART2_UART_Init) for MX_USART2_UART_Init
    main.o(i.main) refers to iwdg.o(i.MX_IWDG_Init) for MX_IWDG_Init
    main.o(i.main) refers to rtc.o(i.MX_RTC_Init) for MX_RTC_Init
    main.o(i.main) refers to dl_ln3x.o(i.DL_Init) for DL_Init
    main.o(i.main) refers to stm32f1xx_hal_iwdg.o(i.HAL_IWDG_Refresh) for HAL_IWDG_Refresh
    main.o(i.main) refers to lcd.o(i.LCD_Init) for LCD_Init
    main.o(i.main) refers to stm32f1xx_hal_rtc.o(i.HAL_RTC_GetDate) for HAL_RTC_GetDate
    main.o(i.main) refers to stm32f1xx_hal_rtc.o(i.HAL_RTC_GetTime) for HAL_RTC_GetTime
    main.o(i.main) refers to lcd.o(i.LCD_Clear) for LCD_Clear
    main.o(i.main) refers to lcd.o(i.LCD_ShowString) for LCD_ShowString
    main.o(i.main) refers to dl_ln3x.o(i.DL_LN3X_Get_Addr_1) for DL_LN3X_Get_Addr_1
    main.o(i.main) refers to printfa.o(i.__0sprintf) for __2sprintf
    main.o(i.main) refers to dl_ln3x.o(i.DL_LN3X_Get_Addr_2) for DL_LN3X_Get_Addr_2
    main.o(i.main) refers to dl_ln3x.o(i.DL_LN3X_Get_Pitch_1) for DL_LN3X_Get_Pitch_1
    main.o(i.main) refers to f2d.o(.text) for __aeabi_f2d
    main.o(i.main) refers to dl_ln3x.o(i.DL_LN3X_Get_Roll_1) for DL_LN3X_Get_Roll_1
    main.o(i.main) refers to dl_ln3x.o(i.DL_LN3X_Get_Range_1) for DL_LN3X_Get_Range_1
    main.o(i.main) refers to dl_ln3x.o(i.DL_LN3X_Get_Pitch_2) for DL_LN3X_Get_Pitch_2
    main.o(i.main) refers to dl_ln3x.o(i.DL_LN3X_Get_Roll_2) for DL_LN3X_Get_Roll_2
    main.o(i.main) refers to dl_ln3x.o(i.DL_LN3X_Get_Range_2) for DL_LN3X_Get_Range_2
    main.o(i.main) refers to strcpy.o(.text) for strcpy
    main.o(i.main) refers to lcd.o(i.LCD_ShowChinese) for LCD_ShowChinese
    main.o(i.main) refers to dl_ln3x.o(i.DL_CheckTimeout) for DL_CheckTimeout
    main.o(i.main) refers to stm32f1xx_hal.o(i.HAL_Delay) for HAL_Delay
    main.o(i.main) refers to main.o(.constdata) for .constdata
    main.o(i.main) refers to usart.o(.bss) for huart2
    main.o(i.main) refers to main.o(.bss) for .bss
    main.o(i.main) refers to main.o(.data) for .data
    main.o(i.main) refers to lcd.o(.data) for POINT_COLOR
    main.o(i.main) refers to iwdg.o(.bss) for hiwdg
    main.o(i.main) refers to rtc.o(.bss) for hrtc
[...]
    Removing stm32f1xx_hal_uart.o(i.UART_DMATxOnlyAbortCallback), (20 bytes).
    Removing stm32f1xx_hal_uart.o(i.UART_EndTxTransfer), (28 bytes).
    Removing stm32f1xx_hal_uart.o(i.UART_Start_Receive_DMA), (144 bytes).
    Removing system_stm32f1xx.o(.rev16_text), (4 bytes).
    Removing system_stm32f1xx.o(.revsh_text), (4 bytes).
    Removing system_stm32f1xx.o(.rrx_text), (6 bytes).
    Removing system_stm32f1xx.o(i.SystemCoreClockUpdate), (104 bytes).
    Removing dfltui.o(.text), (26 bytes).
    Removing dfixui.o(.text), (50 bytes).

302 unused section(s) (total 14715 bytes) removed from the image.

==============================================================================

Image Symbol Table

    Local Symbols

    Symbol Name                              Value     Ov Type        Size  Object(Section)

    ../Core/Src/gpio.c                       0x00000000   Number         0  gpio.o ABSOLUTE
    ../Core/Src/iwdg.c                       0x00000000   Number         0  iwdg.o ABSOLUTE
    ../Core/Src/main.c                       0x00000000   Number         0  main.o ABSOLUTE
    ../Core/Src/rtc.c                        0x00000000   Number         0  rtc.o ABSOLUTE
    ../Core/Src/stm32f1xx_hal_msp.c          0x00000000   Number         0  stm32f1xx_hal_msp.o ABSOLUTE
    ../Core/Src/stm32f1xx_it.c               0x00000000   Number         0  stm32f1xx_it.o ABSOLUTE
    ../Core/Src/system_stm32f1xx.c           0x00000000   Number         0  system_stm32f1xx.o ABSOLUTE
    ../Core/Src/usart.c                      0x00000000   Number         0  usart.o ABSOLUTE
    ../Drivers/STM32F1xx_HAL_Driver/Src/stm32f1xx_hal.c 0x00000000   Number         0  stm32f1xx_hal.o ABSOLUTE
    ../Drivers/STM32F1xx_HAL_Driver/Src/stm32f1xx_hal_cortex.c 0x00000000   Number         0  stm32f1xx_hal_cortex.o ABSOLUTE
    ../Drivers/STM32F1xx_HAL_Driver/Src/stm32f1xx_hal_dma.c 0x00000000   Number         0  stm32f1xx_hal_dma.o ABSOLUTE
    ../Drivers/STM32F1xx_HAL_Driver/Src/stm32f1xx_hal_exti.c 0x00000000   Number         0  stm32f1xx_hal_exti.o ABSOLUTE
    ../Drivers/STM32F1xx_HAL_Driver/Src/stm32f1xx_hal_flash.c 0x00000000   Number         0  stm32f1xx_hal_flash.o ABSOLUTE
    ../Drivers/STM32F1xx_HAL_Driver/Src/stm32f1xx_hal_flash_ex.c 0x00000000   Number         0  stm32f1xx_hal_flash_ex.o ABSOLUTE
    ../Drivers/STM32F1xx_HAL_Driver/Src/stm32f1xx_hal_gpio.c 0x00000000   Number         0  stm32f1xx_hal_gpio.o ABSOLUTE
    ../Drivers/STM32F1xx_HAL_Driver/Src/stm32f1xx_hal_gpio_ex.c 0x00000000   Number         0  stm32f1xx_hal_gpio_ex.o ABSOLUTE
    ../Drivers/STM32F1xx_HAL_Driver/Src/stm32f1xx_hal_iwdg.c 0x00000000   Number         0  stm32f1xx_hal_iwdg.o ABSOLUTE
    ../Drivers/STM32F1xx_HAL_Driver/Src/stm32f1xx_hal_pwr.c 0x00000000   Number         0  stm32f1xx_hal_pwr.o ABSOLUTE
    ../Drivers/STM32F1xx_HAL_Driver/Src/stm32f1xx_hal_rcc.c 0x00000000   Number         0  stm32f1xx_hal_rcc.o ABSOLUTE
    ../Drivers/STM32F1xx_HAL_Driver/Src/stm32f1xx_hal_rcc_ex.c 0x00000000   Number         0  stm32f1xx_hal_rcc_ex.o ABSOLUTE
    ../Drivers/STM32F1xx_HAL_Driver/Src/stm32f1xx_hal_rtc.c 0x00000000   Number         0  stm32f1xx_hal_rtc.o ABSOLUTE
    ../Drivers/STM32F1xx_HAL_Driver/Src/stm32f1xx_hal_rtc_ex.c 0x00000000   Number         0  stm32f1xx_hal_rtc_ex.o ABSOLUTE
    ../Drivers/STM32F1xx_HAL_Driver/Src/stm32f1xx_hal_tim.c 0x00000000   Number         0  stm32f1xx_hal_tim.o ABSOLUTE
    ../Drivers/STM32F1xx_HAL_Driver/Src/stm32f1xx_hal_tim_ex.c 0x00000000   Number         0  stm32f1xx_hal_tim_ex.o ABSOLUTE
    ../Drivers/STM32F1xx_HAL_Driver/Src/stm32f1xx_hal_uart.c 0x00000000   Number         0  stm32f1xx_hal_uart.o ABSOLUTE
    ../clib/../cmprslib/zerorunl2.c          0x00000000   Number         0  __dczerorl2.o ABSOLUTE
    ../clib/microlib/division.c              0x00000000   Number         0  uldiv.o ABSOLUTE
    ../clib/microlib/division.c              0x00000000   Number         0  uidiv.o ABSOLUTE
    ../clib/microlib/init/entry.s            0x00000000   Number         0  entry2.o ABSOLUTE
    ../clib/microlib/init/entry.s            0x00000000   Number         0  entry9a.o ABSOLUTE
    ../clib/microlib/init/entry.s            0x00000000   Number         0  entry.o ABSOLUTE
    ../clib/microlib/init/entry.s            0x00000000   Number         0  entry8b.o ABSOLUTE
    ../clib/microlib/init/entry.s            0x00000000   Number         0  entry8a.o ABSOLUTE
    ../clib/microlib/init/entry.s            0x00000000   Number         0  entry7b.o ABSOLUTE
    ../clib/microlib/init/entry.s            0x00000000   Number         0  entry12b.o ABSOLUTE
    ../clib/microlib/init/entry.s            0x00000000   Number         0  entry12a.o ABSOLUTE
    ../clib/microlib/init/entry.s            0x00000000   Number         0  entry11b.o ABSOLUTE
    ../clib/microlib/init/entry.s            0x00000000   Number         0  entry11a.o ABSOLUTE
    ../clib/microlib/init/entry.s            0x00000000   Number         0  entry10b.o ABSOLUTE
    ../clib/microlib/init/entry.s            0x00000000   Number         0  entry7a.o ABSOLUTE
    ../clib/microlib/init/entry.s            0x00000000   Number         0  entry5.o ABSOLUTE
    ../clib/microlib/init/entry.s            0x00000000   Number         0  entry10a.o ABSOLUTE
    ../clib/microlib/init/entry.s            0x00000000   Number         0  entry9b.o ABSOLUTE
    ../clib/microlib/longlong.c              0x00000000   Number         0  llsshr.o ABSOLUTE
    ../clib/microlib/longlong.c              0x00000000   Number         0  llshl.o ABSOLUTE
    ../clib/microlib/longlong.c              0x00000000   Number         0  llushr.o ABSOLUTE
    ../clib/microlib/printf/printf.c         0x00000000   Number         0  printf5.o ABSOLUTE
    ../clib/microlib/printf/printf.c         0x00000000   Number         0  printf0.o ABSOLUTE
    ../clib/microlib/printf/printf.c         0x00000000   Number         0  printf4.o ABSOLUTE
    ../clib/microlib/printf/printf.c         0x00000000   Number         0  printf3.o ABSOLUTE
    ../clib/microlib/printf/printf.c         0x00000000   Number         0  printfb.o ABSOLUTE
    ../clib/microlib/printf/printf.c         0x00000000   Number         0  printf6.o ABSOLUTE
    ../clib/microlib/printf/printf.c         0x00000000   Number         0  printf7.o ABSOLUTE
    ../clib/microlib/printf/printf.c         0x00000000   Number         0  printf1.o ABSOLUTE
    ../clib/microlib/printf/printf.c         0x00000000   Number         0  printf2.o ABSOLUTE
    ../clib/microlib/printf/printf.c         0x00000000   Number         0  printf8.o ABSOLUTE
    ../clib/microlib/printf/printf.c         0x00000000   Number         0  printfa.o ABSOLUTE
    ../clib/microlib/printf/stubs.s          0x00000000   Number         0  stubs.o ABSOLUTE
    ../clib/microlib/stdio/streams.c         0x00000000   Number         0  stdout.o ABSOLUTE
    ../clib/microlib/string/memcpy.c         0x00000000   Number         0  memcpyb.o ABSOLUTE
    ../clib/microlib/string/memcpy.c         0x00000000   Number         0  memcpya.o ABSOLUTE
    ../clib/microlib/string/memset.c         0x00000000   Number         0  memseta.o ABSOLUTE
    ../clib/microlib/string/strcmp.c         0x00000000   Number         0  strcmp.o ABSOLUTE
    ../clib/microlib/string/strcpy.c         0x00000000   Number         0  strcpy.o ABSOLUTE
    ../clib/microlib/stubs.s                 0x00000000   Number         0  iusefp.o ABSOLUTE
    ../fplib/microlib/f2d.c                  0x00000000   Number         0  f2d.o ABSOLUTE
    ../fplib/microlib/fpadd.c                0x00000000   Number         0  dadd.o ABSOLUTE
    ../fplib/microlib/fpdiv.c                0x00000000   Number         0  ddiv.o ABSOLUTE
    ../fplib/microlib/fpepilogue.c           0x00000000   Number         0  depilogue.o ABSOLUTE
    ../fplib/microlib/fpfix.c                0x00000000   Number         0  dfixui.o ABSOLUTE
    ../fplib/microlib/fpfix.c                0x00000000   Number         0  dfixul.o ABSOLUTE
    ../fplib/microlib/fpflt.c                0x00000000   Number         0  dfltui.o ABSOLUTE
    ../fplib/microlib/fpmul.c                0x00000000   Number         0  dmul.o ABSOLUTE
    ..\Core\Src\DL_LN3X.c                    0x00000000   Number         0  dl_ln3x.o ABSOLUTE
    ..\Core\Src\delay.c                      0x00000000   Number         0  delay.o ABSOLUTE
    ..\Core\Src\gpio.c                       0x00000000   Number         0  gpio.o ABSOLUTE
    ..\Core\Src\iwdg.c                       0x00000000   Number         0  iwdg.o ABSOLUTE
    ..\Core\Src\lcd.c                        0x00000000   Number         0  lcd.o ABSOLUTE
    ..\Core\Src\main.c                       0x00000000   Number         0  main.o ABSOLUTE
    ..\Core\Src\rtc.c                        0x00000000   Number         0  rtc.o ABSOLUTE
    ..\Core\Src\stm32f1xx_hal_msp.c          0x00000000   Number         0  stm32f1xx_hal_msp.o ABSOLUTE
    ..\Core\Src\stm32f1xx_it.c               0x00000000   Number         0  stm32f1xx_it.o ABSOLUTE
    ..\Core\Src\sys.c                        0x00000000   Number         0  sys.o ABSOLUTE
    ..\Core\Src\system_stm32f1xx.c           0x00000000   Number         0  system_stm32f1xx.o ABSOLUTE
    ..\Core\Src\usart.c                      0x00000000   Number         0  usart.o ABSOLUTE
    ..\Drivers\STM32F1xx_HAL_Driver\Src\stm32f1xx_hal.c 0x00000000   Number         0  stm32f1xx_hal.o ABSOLUTE
    ..\Drivers\STM32F1xx_HAL_Driver\Src\stm32f1xx_hal_cortex.c 0x00000000   Number         0  stm32f1xx_hal_cortex.o ABSOLUTE
    ..\Drivers\STM32F1xx_HAL_Driver\Src\stm32f1xx_hal_dma.c 0x00000000   Number         0  stm32f1xx_hal_dma.o ABSOLUTE
    ..\Drivers\STM32F1xx_HAL_Driver\Src\stm32f1xx_hal_exti.c 0x00000000   Number         0  stm32f1xx_hal_exti.o ABSOLUTE
    ..\Drivers\STM32F1xx_HAL_Driver\Src\stm32f1xx_hal_flash.c 0x00000000   Number         0  stm32f1xx_hal_flash.o ABSOLUTE
    ..\Drivers\STM32F1xx_HAL_Driver\Src\stm32f1xx_hal_flash_ex.c 0x00000000   Number         0  stm32f1xx_hal_flash_ex.o ABSOLUTE
    ..\Drivers\STM32F1xx_HAL_Driver\Src\stm32f1xx_hal_gpio.c 0x00000000   Number         0  stm32f1xx_hal_gpio.o ABSOLUTE
    ..\Drivers\STM32F1xx_HAL_Driver\Src\stm32f1xx_hal_gpio_ex.c 0x00000000   Number         0  stm32f1xx_hal_gpio_ex.o ABSOLUTE
    ..\Drivers\STM32F1xx_HAL_Driver\Src\stm32f1xx_hal_iwdg.c 0x00000000   Number         0  stm32f1xx_hal_iwdg.o ABSOLUTE
    ..\Drivers\STM32F1xx_HAL_Driver\Src\stm32f1xx_hal_pwr.c 0x00000000   Number         0  stm32f1xx_hal_pwr.o ABSOLUTE
    ..\Drivers\STM32F1xx_HAL_Driver\Src\stm32f1xx_hal_rcc.c 0x00000000   Number         0  stm32f1xx_hal_rcc.o ABSOLUTE
    ..\Drivers\STM32F1xx_HAL_Driver\Src\stm32f1xx_hal_rcc_ex.c 0x00000000   Number         0  stm32f1xx_hal_rcc_ex.o ABSOLUTE
    ..\Drivers\STM32F1xx_HAL_Driver\Src\stm32f1xx_hal_rtc.c 0x00000000   Number         0  stm32f1xx_hal_rtc.o ABSOLUTE
    ..\Drivers\STM32F1xx_HAL_Driver\Src\stm32f1xx_hal_rtc_ex.c 0x00000000   Number         0  stm32f1xx_hal_rtc_ex.o ABSOLUTE
    ..\Drivers\STM32F1xx_HAL_Driver\Src\stm32f1xx_hal_tim.c 0x00000000   Number         0  stm32f1xx_hal_tim.o ABSOLUTE
    ..\Drivers\STM32F1xx_HAL_Driver\Src\stm32f1xx_hal_tim_ex.c 0x00000000   Number         0  stm32f1xx_hal_tim_ex.o ABSOLUTE
    ..\Drivers\STM32F1xx_HAL_Driver\Src\stm32f1xx_hal_uart.c 0x00000000   Number         0  stm32f1xx_hal_uart.o ABSOLUTE
    ..\\Core\\Src\\DL_LN3X.c                 0x00000000   Number         0  dl_ln3x.o ABSOLUTE
    ..\\Core\\Src\\delay.c                   0x00000000   Number         0  delay.o ABSOLUTE
    ..\\Core\\Src\\lcd.c                     0x00000000   Number         0  lcd.o ABSOLUTE
    ..\\Core\\Src\\sys.c                     0x00000000   Number         0  sys.o ABSOLUTE
    cdrcmple.s                               0x00000000   Number         0  cdrcmple.o ABSOLUTE
    dc.s                                     0x00000000   Number         0  dc.o ABSOLUTE
    handlers.s                               0x00000000   Number         0  handlers.o ABSOLUTE
    init.s                                   0x00000000   Number         0  init.o ABSOLUTE
    startup_stm32f103xe.s                    0x00000000   Number         0  startup_stm32f103xe.o ABSOLUTE
    RESET                                    0x08000000   Section      304  startup_stm32f103xe.o(RESET)
    .ARM.Collect$$$$00000000                 0x08000130   Section        0  entry.o(.ARM.Collect$$$$00000000)
    .ARM.Collect$$$$00000001                 0x08000130   Section        4  entry2.o(.ARM.Collect$$$$00000001)
    .ARM.Collect$$$$00000004                 0x08000134   Section        4  entry5.o(.ARM.Collect$$$$00000004)
    .ARM.Collect$$$$00000008                 0x08000138   Section        0  entry7b.o(.ARM.Collect$$$$00000008)
    .ARM.Collect$$$$0000000A                 0x08000138   Section        0  entry8b.o(.ARM.Collect$$$$0000000A)
    .ARM.Collect$$$$0000000B                 0x08000138   Section        8  entry9a.o(.ARM.Collect$$$$0000000B)
    .ARM.Collect$$$$0000000E                 0x08000140   Section        4  entry12b.o(.ARM.Collect$$$$0000000E)
    .ARM.Collect$$$$0000000F                 0x08000144   Section        0  entry10a.o(.ARM.Collect$$$$0000000F)
    .ARM.Collect$$$$00000011                 0x08000144   Section        0  entry11a.o(.ARM.Collect$$$$00000011)
    .ARM.Collect$$$$00002712                 0x08000144   Section        4  entry2.o(.ARM.Collect$$$$00002712)
    __lit__00000000                          0x08000144   Data           4  entry2.o(.ARM.Collect$$$$00002712)
    .text                                    0x08000148   Section       36  startup_stm32f103xe.o(.text)
    .text                                    0x0800016c   Section        0  llushr.o(.text)
    .text                                    0x0800018c   Section        0  memcpya.o(.text)
    .text                                    0x080001b0   Section        0  memseta.o(.text)
    .text                                    0x080001d4   Section        0  strcmp.o(.text)
    .text                                    0x080001f0   Section        0  strcpy.o(.text)
    .text                                    0x08000202   Section        0  dmul.o(.text)
    .text                                    0x080002e6   Section        0  f2d.o(.text)
    .text                                    0x0800030c   Section        0  uidiv.o(.text)
    .text                                    0x08000338   Section        0  uldiv.o(.text)
    .text                                    0x0800039a   Section        0  iusefp.o(.text)
    .text                                    0x0800039a   Section        0  depilogue.o(.text)
    .text                                    0x08000454   Section        0  dadd.o(.text)
    .text                                    0x080005a2   Section        0  ddiv.o(.text)
    .text                                    0x08000680   Section        0  dfixul.o(.text)
    .text                                    0x080006b0   Section       48  cdrcmple.o(.text)
    .text                                    0x080006e0   Section       36  init.o(.text)
    .text                                    0x08000704   Section        0  llshl.o(.text)
    .text                                    0x08000722   Section        0  llsshr.o(.text)
    .text                                    0x08000746   Section        0  __dczerorl2.o(.text)
    i.BCD2BIN                                0x0800079c   Section        0  rtc.o(i.BCD2BIN)
    BCD2BIN                                  0x0800079d   Thumb Code    18  rtc.o(i.BCD2BIN)
    i.BIN2BCD                                0x080007ae   Section        0  rtc.o(i.BIN2BCD)
    BIN2BCD                                  0x080007af   Thumb Code    22  rtc.o(i.BIN2BCD)
    i.BusFault_Handler                       0x080007c4   Section        0  stm32f1xx_it.o(i.BusFault_Handler)
    i.DL_CheckTimeout                        0x080007c8   Section        0  dl_ln3x.o(i.DL_CheckTimeout)
    i.DL_Init                                0x08000808   Section        0  dl_ln3x.o(i.DL_Init)
    i.DL_LN3X_Get_Addr_1                     0x08000844   Section        0  dl_ln3x.o(i.DL_LN3X_Get_Addr_1)
    i.DL_LN3X_Get_Addr_2                     0x08000850   Section        0  dl_ln3x.o(i.DL_LN3X_Get_Addr_2)
    i.DL_LN3X_Get_Pitch_1                    0x0800085c   Section        0  dl_ln3x.o(i.DL_LN3X_Get_Pitch_1)
    i.DL_LN3X_Get_Pitch_2                    0x08000868   Section        0  dl_ln3x.o(i.DL_LN3X_Get_Pitch_2)
    i.DL_LN3X_Get_Range_1                    0x08000874   Section        0  dl_ln3x.o(i.DL_LN3X_Get_Range_1)
    i.DL_LN3X_Get_Range_2                    0x08000880   Section        0  dl_ln3x.o(i.DL_LN3X_Get_Range_2)
    i.DL_LN3X_Get_Roll_1                     0x0800088c   Section        0  dl_ln3x.o(i.DL_LN3X_Get_Roll_1)
    i.DL_LN3X_Get_Roll_2                     0x08000898   Section        0  dl_ln3x.o(i.DL_LN3X_Get_Roll_2)
    i.DL_UART_RxCpltCallback                 0x080008a4   Section        0  dl_ln3x.o(i.DL_UART_RxCpltCallback)
    i.DebugMon_Handler                       0x08000a94   Section        0  stm32f1xx_it.o(i.DebugMon_Handler)
    i.Error_Handler                          0x08000a96   Section        0  main.o(i.Error_Handler)
    i.HAL_DMA_Abort                          0x08000a9a   Section        0  stm32f1xx_hal_dma.o(i.HAL_DMA_Abort)
    i.HAL_DMA_Abort_IT                       0x08000ae0   Section        0  stm32f1xx_hal_dma.o(i.HAL_DMA_Abort_IT)
    i.HAL_Delay                              0x08000c10   Section        0  stm32f1xx_hal.o(i.HAL_Delay)
    i.HAL_GPIO_Init                          0x08000c34   Section        0  stm32f1xx_hal_gpio.o(i.HAL_GPIO_Init)
    i.HAL_GetTick                            0x08000e2c   Section        0  stm32f1xx_hal.o(i.HAL_GetTick)
    i.HAL_IWDG_Init                          0x08000e38   Section        0  stm32f1xx_hal_iwdg.o(i.HAL_IWDG_Init)
    i.HAL_IWDG_Refresh                       0x08000e96   Section        0  stm32f1xx_hal_iwdg.o(i.HAL_IWDG_Refresh)
    i.HAL_IncTick                            0x08000ea4   Section        0  stm32f1xx_hal.o(i.HAL_IncTick)
    i.HAL_Init                               0x08000eb4   Section        0  stm32f1xx_hal.o(i.HAL_Init)
    i.HAL_InitTick                           0x08000ed8   Section        0  stm32f1xx_hal.o(i.HAL_InitTick)
    i.HAL_MspInit                            0x08000f18   Section        0  stm32f1xx_hal_msp.o(i.HAL_MspInit)
    i.HAL_NVIC_EnableIRQ                     0x08000f54   Section        0  stm32f1xx_hal_cortex.o(i.HAL_NVIC_EnableIRQ)
    i.HAL_NVIC_SetPriority                   0x08000f70   Section        0  stm32f1xx_hal_cortex.o(i.HAL_NVIC_SetPriority)
    i.HAL_NVIC_SetPriorityGrouping           0x08000fb0   Section        0  stm32f1xx_hal_cortex.o(i.HAL_NVIC_SetPriorityGrouping)
    i.HAL_PWR_EnableBkUpAccess               0x08000fd4   Section        0  stm32f1xx_hal_pwr.o(i.HAL_PWR_EnableBkUpAccess)
    i.HAL_RCCEx_GetPeriphCLKFreq             0x08000fe0   Section        0  stm32f1xx_hal_rcc_ex.o(i.HAL_RCCEx_GetPeriphCLKFreq)
    i.HAL_RCCEx_PeriphCLKConfig              0x08001098   Section        0  stm32f1xx_hal_rcc_ex.o(i.HAL_RCCEx_PeriphCLKConfig)
    i.HAL_RCC_ClockConfig                    0x08001184   Section        0  stm32f1xx_hal_rcc.o(i.HAL_RCC_ClockConfig)
    i.HAL_RCC_GetPCLK1Freq                   0x080012b0   Section        0  stm32f1xx_hal_rcc.o(i.HAL_RCC_GetPCLK1Freq)
    i.HAL_RCC_GetPCLK2Freq                   0x080012d0   Section        0  stm32f1xx_hal_rcc.o(i.HAL_RCC_GetPCLK2Freq)
    i.HAL_RCC_GetSysClockFreq                0x080012f0   Section        0  stm32f1xx_hal_rcc.o(i.HAL_RCC_GetSysClockFreq)
    i.HAL_RCC_OscConfig                      0x0800133c   Section        0  stm32f1xx_hal_rcc.o(i.HAL_RCC_OscConfig)
    i.HAL_RTCEx_BKUPRead                     0x0800165c   Section        0  stm32f1xx_hal_rtc_ex.o(i.HAL_RTCEx_BKUPRead)
    i.HAL_RTCEx_BKUPWrite                    0x0800166c   Section        0  stm32f1xx_hal_rtc_ex.o(i.HAL_RTCEx_BKUPWrite)
    i.HAL_RTCEx_RTCEventCallback             0x0800167c   Section        0  stm32f1xx_hal_rtc_ex.o(i.HAL_RTCEx_RTCEventCallback)
    i.HAL_RTCEx_RTCEventErrorCallback        0x0800167e   Section        0  stm32f1xx_hal_rtc_ex.o(i.HAL_RTCEx_RTCEventErrorCallback)
    i.HAL_RTCEx_RTCIRQHandler                0x08001680   Section        0  stm32f1xx_hal_rtc_ex.o(i.HAL_RTCEx_RTCIRQHandler)
    i.HAL_RTC_AlarmAEventCallback            0x080016be   Section        0  stm32f1xx_hal_rtc.o(i.HAL_RTC_AlarmAEventCallback)
    i.HAL_RTC_AlarmIRQHandler                0x080016c0   Section        0  stm32f1xx_hal_rtc.o(i.HAL_RTC_AlarmIRQHandler)
    i.HAL_RTC_GetDate                        0x080016f4   Section        0  stm32f1xx_hal_rtc.o(i.HAL_RTC_GetDate)
    i.HAL_RTC_GetTime                        0x08001742   Section        0  stm32f1xx_hal_rtc.o(i.HAL_RTC_GetTime)
    i.HAL_RTC_Init                           0x0800181c   Section        0  stm32f1xx_hal_rtc.o(i.HAL_RTC_Init)
    i.HAL_RTC_MspInit                        0x080018b0   Section        0  rtc.o(i.HAL_RTC_MspInit)
    i.HAL_RTC_SetDate                        0x08001908   Section        0  stm32f1xx_hal_rtc.o(i.HAL_RTC_SetDate)
    i.HAL_RTC_SetTime                        0x080019cc   Section        0  stm32f1xx_hal_rtc.o(i.HAL_RTC_SetTime)
    i.HAL_RTC_WaitForSynchro                 0x08001a78   Section        0  stm32f1xx_hal_rtc.o(i.HAL_RTC_WaitForSynchro)
    i.HAL_SYSTICK_Config                     0x08001ab2   Section        0  stm32f1xx_hal_cortex.o(i.HAL_SYSTICK_Config)
    i.HAL_UARTEx_RxEventCallback             0x08001ada   Section        0  stm32f1xx_hal_uart.o(i.HAL_UARTEx_RxEventCallback)
    i.HAL_UART_ErrorCallback                 0x08001adc   Section        0  stm32f1xx_hal_uart.o(i.HAL_UART_ErrorCallback)
    i.HAL_UART_IRQHandler                    0x08001ae0   Section        0  stm32f1xx_hal_uart.o(i.HAL_UART_IRQHandler)
    i.HAL_UART_Init                          0x08001d4c   Section        0  stm32f1xx_hal_uart.o(i.HAL_UART_Init)
    i.HAL_UART_MspInit                       0x08001db0   Section        0  usart.o(i.HAL_UART_MspInit)
    i.HAL_UART_Receive_IT                    0x08001e88   Section        0  stm32f1xx_hal_uart.o(i.HAL_UART_Receive_IT)
    i.HAL_UART_RxCpltCallback                0x08001ea4   Section        0  main.o(i.HAL_UART_RxCpltCallback)
    i.HAL_UART_Transmit                      0x08001eb8   Section        0  stm32f1xx_hal_uart.o(i.HAL_UART_Transmit)
    i.HAL_UART_TxCpltCallback                0x08001f58   Section        0  stm32f1xx_hal_uart.o(i.HAL_UART_TxCpltCallback)
    i.HardFault_Handler                      0x08001f5a   Section        0  stm32f1xx_it.o(i.HardFault_Handler)
    i.LCD_Clear                              0x08001f5c   Section        0  lcd.o(i.LCD_Clear)
    i.LCD_Display_Dir                        0x08001fa8   Section        0  lcd.o(i.LCD_Display_Dir)
    i.LCD_Fast_DrawPoint                     0x08001fd8   Section        0  lcd.o(i.LCD_Fast_DrawPoint)
    i.LCD_Init                               0x0800207c   Section        0  lcd.o(i.LCD_Init)
    i.LCD_RD_DATA                            0x08002374   Section        0  lcd.o(i.LCD_RD_DATA)
    i.LCD_Scan_Dir                           0x080023c4   Section        0  lcd.o(i.LCD_Scan_Dir)
    i.LCD_SetCursor                          0x08002698   Section        0  lcd.o(i.LCD_SetCursor)
    i.LCD_ShowChar                           0x0800271c   Section        0  lcd.o(i.LCD_ShowChar)
    i.LCD_ShowChinese                        0x080027f0   Section        0  lcd.o(i.LCD_ShowChinese)
    i.LCD_ShowString                         0x0800287c   Section        0  lcd.o(i.LCD_ShowString)
    i.LCD_WR_DATAX                           0x080028d0   Section        0  lcd.o(i.LCD_WR_DATAX)
    i.LCD_WR_REG                             0x080028f4   Section        0  lcd.o(i.LCD_WR_REG)
    i.LCD_WriteRAM_Prepare                   0x08002918   Section        0  lcd.o(i.LCD_WriteRAM_Prepare)
    i.LCD_WriteReg                           0x08002924   Section        0  lcd.o(i.LCD_WriteReg)
    i.MX_GPIO_Init                           0x08002950   Section        0  gpio.o(i.MX_GPIO_Init)
    i.MX_IWDG_Init                           0x0800298c   Section        0  iwdg.o(i.MX_IWDG_Init)
    i.MX_RTC_Init                            0x080029b8   Section        0  rtc.o(i.MX_RTC_Init)
    i.MX_USART1_UART_Init                    0x08002b4c   Section        0  usart.o(i.MX_USART1_UART_Init)
    i.MX_USART2_UART_Init                    0x08002b84   Section        0  usart.o(i.MX_USART2_UART_Init)
    i.MemManage_Handler                      0x08002bbc   Section        0  stm32f1xx_it.o(i.MemManage_Handler)
    i.NMI_Handler                            0x08002bbe   Section        0  stm32f1xx_it.o(i.NMI_Handler)
    i.PendSV_Handler                         0x08002bc0   Section        0  stm32f1xx_it.o(i.PendSV_Handler)
    i.RTC_Alarm_IRQHandler                   0x08002bc4   Section        0  stm32f1xx_it.o(i.RTC_Alarm_IRQHandler)
    i.RTC_BackupCriticalData                 0x08002bd0   Section        0  rtc.o(i.RTC_BackupCriticalData)
    RTC_BackupCriticalData                   0x08002bd1   Thumb Code   176  rtc.o(i.RTC_BackupCriticalData)
    i.RTC_Bcd2ToByte                         0x08002c84   Section        0  stm32f1xx_hal_rtc.o(i.RTC_Bcd2ToByte)
    RTC_Bcd2ToByte                           0x08002c85   Thumb Code    18  stm32f1xx_hal_rtc.o(i.RTC_Bcd2ToByte)
    i.RTC_ByteToBcd2                         0x08002c96   Section        0  stm32f1xx_hal_rtc.o(i.RTC_ByteToBcd2)
    RTC_ByteToBcd2                           0x08002c97   Thumb Code    22  stm32f1xx_hal_rtc.o(i.RTC_ByteToBcd2)
    i.RTC_CheckDateUpdateNeeded              0x08002cac   Section        0  rtc.o(i.RTC_CheckDateUpdateNeeded)
    RTC_CheckDateUpdateNeeded                0x08002cad   Thumb Code   256  rtc.o(i.RTC_CheckDateUpdateNeeded)
    i.RTC_DateUpdate                         0x08002db0   Section        0  stm32f1xx_hal_rtc.o(i.RTC_DateUpdate)
    RTC_DateUpdate                           0x08002db1   Thumb Code   174  stm32f1xx_hal_rtc.o(i.RTC_DateUpdate)
    i.RTC_EnterInitMode                      0x08002e5e   Section        0  stm32f1xx_hal_rtc.o(i.RTC_EnterInitMode)
    RTC_EnterInitMode                        0x08002e5f   Thumb Code    52  stm32f1xx_hal_rtc.o(i.RTC_EnterInitMode)
    i.RTC_ExitInitMode                       0x08002e94   Section        0  stm32f1xx_hal_rtc.o(i.RTC_ExitInitMode)
    RTC_ExitInitMode                         0x08002e95   Thumb Code    54  stm32f1xx_hal_rtc.o(i.RTC_ExitInitMode)
    i.RTC_IRQHandler                         0x08002ecc   Section        0  stm32f1xx_it.o(i.RTC_IRQHandler)
    i.RTC_IncrementDate                      0x08002ed8   Section        0  rtc.o(i.RTC_IncrementDate)
    RTC_IncrementDate                        0x08002ed9   Thumb Code   194  rtc.o(i.RTC_IncrementDate)
    i.RTC_ReadAlarmCounter                   0x08002f9a   Section        0  stm32f1xx_hal_rtc.o(i.RTC_ReadAlarmCounter)
    RTC_ReadAlarmCounter                     0x08002f9b   Thumb Code    14  stm32f1xx_hal_rtc.o(i.RTC_ReadAlarmCounter)
    i.RTC_ReadTimeCounter                    0x08002fa8   Section        0  stm32f1xx_hal_rtc.o(i.RTC_ReadTimeCounter)
    RTC_ReadTimeCounter                      0x08002fa9   Thumb Code    32  stm32f1xx_hal_rtc.o(i.RTC_ReadTimeCounter)
    i.RTC_RestoreDate                        0x08002fc8   Section        0  rtc.o(i.RTC_RestoreDate)
    RTC_RestoreDate                          0x08002fc9   Thumb Code    86  rtc.o(i.RTC_RestoreDate)
    i.RTC_WeekDayNum                         0x08003024   Section        0  stm32f1xx_hal_rtc.o(i.RTC_WeekDayNum)
    RTC_WeekDayNum                           0x08003025   Thumb Code    86  stm32f1xx_hal_rtc.o(i.RTC_WeekDayNum)
    i.RTC_WriteAlarmCounter                  0x0800307a   Section        0  stm32f1xx_hal_rtc.o(i.RTC_WriteAlarmCounter)
    RTC_WriteAlarmCounter                    0x0800307b   Thumb Code    40  stm32f1xx_hal_rtc.o(i.RTC_WriteAlarmCounter)
    i.RTC_WriteTimeCounter                   0x080030a2   Section        0  stm32f1xx_hal_rtc.o(i.RTC_WriteTimeCounter)
    RTC_WriteTimeCounter                     0x080030a3   Thumb Code    40  stm32f1xx_hal_rtc.o(i.RTC_WriteTimeCounter)
    i.SVC_Handler                            0x080030ca   Section        0  stm32f1xx_it.o(i.SVC_Handler)
    i.SysTick_Handler                        0x080030cc   Section        0  stm32f1xx_it.o(i.SysTick_Handler)
    i.SystemClock_Config                     0x080030d0   Section        0  main.o(i.SystemClock_Config)
    i.SystemInit                             0x08003152   Section        0  system_stm32f1xx.o(i.SystemInit)
    i.UART_DMAAbortOnError                   0x08003154   Section        0  stm32f1xx_hal_uart.o(i.UART_DMAAbortOnError)
    UART_DMAAbortOnError                     0x08003155   Thumb Code    16  stm32f1xx_hal_uart.o(i.UART_DMAAbortOnError)
    i.UART_EndRxTransfer                     0x08003164   Section        0  stm32f1xx_hal_uart.o(i.UART_EndRxTransfer)
    UART_EndRxTransfer                       0x08003165   Thumb Code    78  stm32f1xx_hal_uart.o(i.UART_EndRxTransfer)
    i.UART_Receive_IT                        0x080031b2   Section        0  stm32f1xx_hal_uart.o(i.UART_Receive_IT)
    UART_Receive_IT                          0x080031b3   Thumb Code   194  stm32f1xx_hal_uart.o(i.UART_Receive_IT)
    i.UART_SetConfig                         0x08003274   Section        0  stm32f1xx_hal_uart.o(i.UART_SetConfig)
    UART_SetConfig                           0x08003275   Thumb Code   178  stm32f1xx_hal_uart.o(i.UART_SetConfig)
    i.UART_Start_Receive_IT                  0x0800332c   Section        0  stm32f1xx_hal_uart.o(i.UART_Start_Receive_IT)
    i.UART_WaitOnFlagUntilTimeout            0x08003362   Section        0  stm32f1xx_hal_uart.o(i.UART_WaitOnFlagUntilTimeout)
    UART_WaitOnFlagUntilTimeout              0x08003363   Thumb Code   114  stm32f1xx_hal_uart.o(i.UART_WaitOnFlagUntilTimeout)
    i.USART1_IRQHandler                      0x080033d4   Section        0  stm32f1xx_it.o(i.USART1_IRQHandler)
    i.USART2_IRQHandler                      0x080033e0   Section        0  stm32f1xx_it.o(i.USART2_IRQHandler)
    i.UsageFault_Handler                     0x080033ec   Section        0  stm32f1xx_it.o(i.UsageFault_Handler)
    i.__0printf                              0x080033f0   Section        0  printfa.o(i.__0printf)
    i.__0snprintf                            0x08003410   Section        0  printfa.o(i.__0snprintf)
    i.__0sprintf                             0x08003444   Section        0  printfa.o(i.__0sprintf)
    i.__ARM_isinff                           0x0800346c   Section        0  dl_ln3x.o(i.__ARM_isinff)
    __ARM_isinff                             0x0800346d   Thumb Code    18  dl_ln3x.o(i.__ARM_isinff)
    i.__NVIC_SetPriority                     0x0800347e   Section        0  stm32f1xx_hal_cortex.o(i.__NVIC_SetPriority)
    __NVIC_SetPriority                       0x0800347f   Thumb Code    32  stm32f1xx_hal_cortex.o(i.__NVIC_SetPriority)
    i.__scatterload_copy                     0x0800349e   Section       14  handlers.o(i.__scatterload_copy)
    i.__scatterload_null                     0x080034ac   Section        2  handlers.o(i.__scatterload_null)
    i.__scatterload_zeroinit                 0x080034ae   Section       14  handlers.o(i.__scatterload_zeroinit)
    i._fp_digits                             0x080034bc   Section        0  printfa.o(i._fp_digits)
    _fp_digits                               0x080034bd   Thumb Code   366  printfa.o(i._fp_digits)
    i._printf_core                           0x08003640   Section        0  printfa.o(i._printf_core)
    _printf_core                             0x08003641   Thumb Code  1704  printfa.o(i._printf_core)
    i._printf_post_padding                   0x08003cf4   Section        0  printfa.o(i._printf_post_padding)
    _printf_post_padding                     0x08003cf5   Thumb Code    36  printfa.o(i._printf_post_padding)
    i._printf_pre_padding                    0x08003d18   Section        0  printfa.o(i._printf_pre_padding)
    _printf_pre_padding                      0x08003d19   Thumb Code    46  printfa.o(i._printf_pre_padding)
    i._snputc                                0x08003d46   Section        0  printfa.o(i._snputc)
    _snputc                                  0x08003d47   Thumb Code    22  printfa.o(i._snputc)
    i._sputc                                 0x08003d5c   Section        0  printfa.o(i._sputc)
    _sputc                                   0x08003d5d   Thumb Code    10  printfa.o(i._sputc)
    i.delay_ms                               0x08003d66   Section        0  delay.o(i.delay_ms)
    i.delay_us                               0x08003d80   Section        0  delay.o(i.delay_us)
    i.fputc                                  0x08003db4   Section        0  usart.o(i.fputc)
    i.main                                   0x08003dd0   Section        0  main.o(i.main)
    .constdata                               0x0800417c   Section       28  main.o(.constdata)
    .constdata                               0x08004198   Section     6080  lcd.o(.constdata)
    .constdata                               0x08005958   Section       18  stm32f1xx_hal_rcc.o(.constdata)
    aPredivFactorTable                       0x08005958   Data           2  stm32f1xx_hal_rcc.o(.constdata)
    aPLLMULFactorTable                       0x0800595a   Data          16  stm32f1xx_hal_rcc.o(.constdata)
    .constdata                               0x0800596a   Section       18  stm32f1xx_hal_rcc_ex.o(.constdata)
    aPredivFactorTable                       0x0800596a   Data           2  stm32f1xx_hal_rcc_ex.o(.constdata)
    aPLLMULFactorTable                       0x0800596c   Data          16  stm32f1xx_hal_rcc_ex.o(.constdata)
    .constdata                               0x0800597c   Section       16  system_stm32f1xx.o(.constdata)
    .constdata                               0x0800598c   Section        8  system_stm32f1xx.o(.constdata)
    .conststring                             0x08005994   Section       65  main.o(.conststring)
    .data                                    0x20000000   Section      231  main.o(.data)
    .data                                    0x200000e8   Section        4  usart.o(.data)
    .data                                    0x200000ec   Section        4  delay.o(.data)
    fac_us                                   0x200000ec   Data           4  delay.o(.data)
    .data                                    0x200000f0   Section       40  dl_ln3x.o(.data)
    .data                                    0x20000118   Section        4  lcd.o(.data)
    .data                                    0x2000011c   Section       12  stm32f1xx_hal.o(.data)
    .data                                    0x20000128   Section        4  system_stm32f1xx.o(.data)
    .data                                    0x2000012c   Section        4  stdout.o(.data)
    .bss                                     0x20000130   Section      304  main.o(.bss)
    .bss                                     0x20000260   Section       12  iwdg.o(.bss)
    .bss                                     0x2000026c   Section       20  rtc.o(.bss)
    .bss                                     0x20000280   Section      144  usart.o(.bss)
    .bss                                     0x20000310   Section       24  dl_ln3x.o(.bss)
    .bss                                     0x20000328   Section       14  lcd.o(.bss)
    STACK                                    0x20000338   Section     1024  startup_stm32f103xe.o(STACK)

    Global Symbols

    Symbol Name                              Value     Ov Type        Size  Object(Section)

    BuildAttributes$$THM_ISAv4$P$D$K$B$S$PE$A:L22UL41UL21$X:L11$S22US41US21$IEEE1$IW$USESV6$~STKCKD$USESV7$~SHL$OSPACE$ROPI$EBA8$MICROLIB$REQ8$PRES8$EABIv2 0x00000000   Number         0  anon$$obj.o ABSOLUTE
    __ARM_use_no_argv                        0x00000000   Number         0  main.o ABSOLUTE
    _printf_a                                0x00000000   Number         0  stubs.o ABSOLUTE
    _printf_c                                0x00000000   Number         0  stubs.o ABSOLUTE
    _printf_charcount                        0x00000000   Number         0  stubs.o ABSOLUTE
    _printf_d                                0x00000000   Number         0  stubs.o ABSOLUTE
    _printf_e                                0x00000000   Number         0  stubs.o ABSOLUTE
    _printf_f                                0x00000000   Number         0  stubs.o ABSOLUTE
    _printf_flags                            0x00000000   Number         0  stubs.o ABSOLUTE
    _printf_fp_dec                           0x00000000   Number         0  stubs.o ABSOLUTE
    _printf_fp_hex                           0x00000000   Number         0  stubs.o ABSOLUTE
    _printf_g                                0x00000000   Number         0  stubs.o ABSOLUTE
    _printf_i                                0x00000000   Number         0  stubs.o ABSOLUTE
    _printf_int_dec                          0x00000000   Number         0  stubs.o ABSOLUTE
    _printf_l                                0x00000000   Number         0  stubs.o ABSOLUTE
    _printf_lc                               0x00000000   Number         0  stubs.o ABSOLUTE
    _printf_ll                               0x00000000   Number         0  stubs.o ABSOLUTE
    _printf_lld                              0x00000000   Number         0  stubs.o ABSOLUTE
    _printf_lli                              0x00000000   Number         0  stubs.o ABSOLUTE
    _printf_llo                              0x00000000   Number         0  stubs.o ABSOLUTE
    _printf_llu                              0x00000000   Number         0  stubs.o ABSOLUTE
    _printf_llx                              0x00000000   Number         0  stubs.o ABSOLUTE
    _printf_longlong_dec                     0x00000000   Number         0  stubs.o ABSOLUTE
    _printf_longlong_hex                     0x00000000   Number         0  stubs.o ABSOLUTE
    _printf_longlong_oct                     0x00000000   Number         0  stubs.o ABSOLUTE
    _printf_ls                               0x00000000   Number         0  stubs.o ABSOLUTE
    _printf_mbtowc                           0x00000000   Number         0  stubs.o ABSOLUTE
    _printf_n                                0x00000000   Number         0  stubs.o ABSOLUTE
    _printf_o                                0x00000000   Number         0  stubs.o ABSOLUTE
    _printf_p                                0x00000000   Number         0  stubs.o ABSOLUTE
    _printf_percent                          0x00000000   Number         0  stubs.o ABSOLUTE
    _printf_pre_padding                      0x00000000   Number         0  stubs.o ABSOLUTE
    _printf_return_value                     0x00000000   Number         0  stubs.o ABSOLUTE
    _printf_s                                0x00000000   Number         0  stubs.o ABSOLUTE
    _printf_sizespec                         0x00000000   Number         0  stubs.o ABSOLUTE
    _printf_str                              0x00000000   Number         0  stubs.o ABSOLUTE
    _printf_truncate_signed                  0x00000000   Number         0  stubs.o ABSOLUTE
    _printf_truncate_unsigned                0x00000000   Number         0  stubs.o ABSOLUTE
    _printf_u                                0x00000000   Number         0  stubs.o ABSOLUTE
    _printf_wc                               0x00000000   Number         0  stubs.o ABSOLUTE
    _printf_wctomb                           0x00000000   Number         0  stubs.o ABSOLUTE
    _printf_widthprec                        0x00000000   Number         0  stubs.o ABSOLUTE
    _printf_x                                0x00000000   Number         0  stubs.o ABSOLUTE
    __arm_fini_                               - Undefined Weak Reference
    __cpp_initialize__aeabi_                  - Undefined Weak Reference
    __cxa_finalize                            - Undefined Weak Reference
    _clock_init                               - Undefined Weak Reference
    _microlib_exit                            - Undefined Weak Reference
    __Vectors_Size                           0x00000130   Number         0  startup_stm32f103xe.o ABSOLUTE
    __Vectors                                0x08000000   Data           4  startup_stm32f103xe.o(RESET)
    __Vectors_End                            0x08000130   Data           0  startup_stm32f103xe.o(RESET)
    __main                                   0x08000131   Thumb Code     0  entry.o(.ARM.Collect$$$$00000000)
    _main_stk                                0x08000131   Thumb Code     0  entry2.o(.ARM.Collect$$$$00000001)
    _main_scatterload                        0x08000135   Thumb Code     0  entry5.o(.ARM.Collect$$$$00000004)
    __main_after_scatterload                 0x08000139   Thumb Code     0  entry5.o(.ARM.Collect$$$$00000004)
    _main_clock                              0x08000139   Thumb Code     0  entry7b.o(.ARM.Collect$$$$00000008)
    _main_cpp_init                           0x08000139   Thumb Code     0  entry8b.o(.ARM.Collect$$$$0000000A)
    _main_init                               0x08000139   Thumb Code     0  entry9a.o(.ARM.Collect$$$$0000000B)
    __rt_lib_shutdown_fini                   0x08000141   Thumb Code     0  entry12b.o(.ARM.Collect$$$$0000000E)
    __rt_final_cpp                           0x08000145   Thumb Code     0  entry10a.o(.ARM.Collect$$$$0000000F)
    __rt_final_exit                          0x08000145   Thumb Code     0  entry11a.o(.ARM.Collect$$$$00000011)
    Reset_Handler                            0x08000149   Thumb Code     8  startup_stm32f103xe.o(.text)
    ADC1_2_IRQHandler                        0x08000163   Thumb Code     0  startup_stm32f103xe.o(.text)
    ADC3_IRQHandler                          0x08000163   Thumb Code     0  startup_stm32f103xe.o(.text)
    CAN1_RX1_IRQHandler                      0x08000163   Thumb Code     0  startup_stm32f103xe.o(.text)
    CAN1_SCE_IRQHandler                      0x08000163   Thumb Code     0  startup_stm32f103xe.o(.text)
    DMA1_Channel1_IRQHandler                 0x08000163   Thumb Code     0  startup_stm32f103xe.o(.text)
    DMA1_Channel2_IRQHandler                 0x08000163   Thumb Code     0  startup_stm32f103xe.o(.text)
    DMA1_Channel3_IRQHandler                 0x08000163   Thumb Code     0  startup_stm32f103xe.o(.text)
    DMA1_Channel4_IRQHandler                 0x08000163   Thumb Code     0  startup_stm32f103xe.o(.text)
    DMA1_Channel5_IRQHandler                 0x08000163   Thumb Code     0  startup_stm32f103xe.o(.text)
    DMA1_Channel6_IRQHandler                 0x08000163   Thumb Code     0  startup_stm32f103xe.o(.text)
    DMA1_Channel7_IRQHandler                 0x08000163   Thumb Code     0  startup_stm32f103xe.o(.text)
    DMA2_Channel1_IRQHandler                 0x08000163   Thumb Code     0  startup_stm32f103xe.o(.text)
    DMA2_Channel2_IRQHandler                 0x08000163   Thumb Code     0  startup_stm32f103xe.o(.text)
    DMA2_Channel3_IRQHandler                 0x08000163   Thumb Code     0  startup_stm32f103xe.o(.text)
    DMA2_Channel4_5_IRQHandler               0x08000163   Thumb Code     0  startup_stm32f103xe.o(.text)
    EXTI0_IRQHandler                         0x08000163   Thumb Code     0  startup_stm32f103xe.o(.text)
    EXTI15_10_IRQHandler                     0x08000163   Thumb Code     0  startup_stm32f103xe.o(.text)
    EXTI1_IRQHandler                         0x08000163   Thumb Code     0  startup_stm32f103xe.o(.text)
    EXTI2_IRQHandler                         0x08000163   Thumb Code     0  startup_stm32f103xe.o(.text)
    EXTI3_IRQHandler                         0x08000163   Thumb Code     0  startup_stm32f103xe.o(.text)
    EXTI4_IRQHandler                         0x08000163   Thumb Code     0  startup_stm32f103xe.o(.text)
    EXTI9_5_IRQHandler                       0x08000163   Thumb Code     0  startup_stm32f103xe.o(.text)
    FLASH_IRQHandler                         0x08000163   Thumb Code     0  startup_stm32f103xe.o(.text)
    FSMC_IRQHandler                          0x08000163   Thumb Code     0  startup_stm32f103xe.o(.text)
    I2C1_ER_IRQHandler                       0x08000163   Thumb Code     0  startup_stm32f103xe.o(.text)
    I2C1_EV_IRQHandler                       0x08000163   Thumb Code     0  startup_stm32f103xe.o(.text)
    I2C2_ER_IRQHandler                       0x08000163   Thumb Code     0  startup_stm32f103xe.o(.text)
    I2C2_EV_IRQHandler                       0x08000163   Thumb Code     0  startup_stm32f103xe.o(.text)
    PVD_IRQHandler                           0x08000163   Thumb Code     0  startup_stm32f103xe.o(.text)
    RCC_IRQHandler                           0x08000163   Thumb Code     0  startup_stm32f103xe.o(.text)
    SDIO_IRQHandler                          0x08000163   Thumb Code     0  startup_stm32f103xe.o(.text)
    SPI1_IRQHandler                          0x08000163   Thumb Code     0  startup_stm32f103xe.o(.text)
    SPI2_IRQHandler                          0x08000163   Thumb Code     0  startup_stm32f103xe.o(.text)
    SPI3_IRQHandler                          0x08000163   Thumb Code     0  startup_stm32f103xe.o(.text)
    TAMPER_IRQHandler                        0x08000163   Thumb Code     0  startup_stm32f103xe.o(.text)
    TIM1_BRK_IRQHandler                      0x08000163   Thumb Code     0  startup_stm32f103xe.o(.text)
    TIM1_CC_IRQHandler                       0x08000163   Thumb Code     0  startup_stm32f103xe.o(.text)
    TIM1_TRG_COM_IRQHandler                  0x08000163   Thumb Code     0  startup_stm32f103xe.o(.text)
    TIM1_UP_IRQHandler                       0x08000163   Thumb Code     0  startup_stm32f103xe.o(.text)
    TIM2_IRQHandler                          0x08000163   Thumb Code     0  startup_stm32f103xe.o(.text)
    TIM3_IRQHandler                          0x08000163   Thumb Code     0  startup_stm32f103xe.o(.text)
    TIM4_IRQHandler                          0x08000163   Thumb Code     0  startup_stm32f103xe.o(.text)
    TIM5_IRQHandler                          0x08000163   Thumb Code     0  startup_stm32f103xe.o(.text)
    TIM6_IRQHandler                          0x08000163   Thumb Code     0  startup_stm32f103xe.o(.text)
    TIM7_IRQHandler                          0x08000163   Thumb Code     0  startup_stm32f103xe.o(.text)
    TIM8_BRK_IRQHandler                      0x08000163   Thumb Code     0  startup_stm32f103xe.o(.text)
    TIM8_CC_IRQHandler                       0x08000163   Thumb Code     0  startup_stm32f103xe.o(.text)
    TIM8_TRG_COM_IRQHandler                  0x08000163   Thumb Code     0  startup_stm32f103xe.o(.text)
    TIM8_UP_IRQHandler                       0x08000163   Thumb Code     0  startup_stm32f103xe.o(.text)
    UART4_IRQHandler                         0x08000163   Thumb Code     0  startup_stm32f103xe.o(.text)
    UART5_IRQHandler                         0x08000163   Thumb Code     0  startup_stm32f103xe.o(.text)
    USART3_IRQHandler                        0x08000163   Thumb Code     0  startup_stm32f103xe.o(.text)
    USBWakeUp_IRQHandler                     0x08000163   Thumb Code     0  startup_stm32f103xe.o(.text)
    USB_HP_CAN1_TX_IRQHandler                0x08000163   Thumb Code     0  startup_stm32f103xe.o(.text)
    USB_LP_CAN1_RX0_IRQHandler               0x08000163   Thumb Code     0  startup_stm32f103xe.o(.text)
    WWDG_IRQHandler                          0x08000163   Thumb Code     0  startup_stm32f103xe.o(.text)
    __aeabi_llsr                             0x0800016d   Thumb Code    32  llushr.o(.text)
    _ll_ushift_r                             0x0800016d   Thumb Code     0  llushr.o(.text)
    __aeabi_memcpy                           0x0800018d   Thumb Code    36  memcpya.o(.text)
    __aeabi_memcpy4                          0x0800018d   Thumb Code     0  memcpya.o(.text)
    __aeabi_memcpy8                          0x0800018d   Thumb Code     0  memcpya.o(.text)
    __aeabi_memset                           0x080001b1   Thumb Code    14  memseta.o(.text)
    __aeabi_memset4                          0x080001b1   Thumb Code     0  memseta.o(.text)
    __aeabi_memset8                          0x080001b1   Thumb Code     0  memseta.o(.text)
    __aeabi_memclr                           0x080001bf   Thumb Code     4  memseta.o(.text)
    __aeabi_memclr4                          0x080001bf   Thumb Code     0  memseta.o(.text)
    __aeabi_memclr8                          0x080001bf   Thumb Code     0  memseta.o(.text)
    _memset$wrapper                          0x080001c3   Thumb Code    18  memseta.o(.text)
    strcmp                                   0x080001d5   Thumb Code    28  strcmp.o(.text)
    strcpy                                   0x080001f1   Thumb Code    18  strcpy.o(.text)
    __aeabi_dmul                             0x08000203   Thumb Code   228  dmul.o(.text)
    __aeabi_f2d                              0x080002e7   Thumb Code    38  f2d.o(.text)
    __aeabi_uidiv                            0x0800030d   Thumb Code     0  uidiv.o(.text)
    __aeabi_uidivmod                         0x0800030d   Thumb Code    44  uidiv.o(.text)
    __aeabi_uldivmod                         0x08000339   Thumb Code    98  uldiv.o(.text)
    __I$use$fp                               0x0800039b   Thumb Code     0  iusefp.o(.text)
    _double_round                            0x0800039b   Thumb Code    30  depilogue.o(.text)
    _double_epilogue                         0x080003b9   Thumb Code   156  depilogue.o(.text)
    __aeabi_dadd                             0x08000455   Thumb Code   322  dadd.o(.text)
    __aeabi_dsub                             0x08000597   Thumb Code     6  dadd.o(.text)
    __aeabi_drsub                            0x0800059d   Thumb Code     6  dadd.o(.text)
    __aeabi_ddiv                             0x080005a3   Thumb Code   222  ddiv.o(.text)
    __aeabi_d2ulz                            0x08000681   Thumb Code    48  dfixul.o(.text)
    __aeabi_cdrcmple                         0x080006b1   Thumb Code    48  cdrcmple.o(.text)
    __scatterload                            0x080006e1   Thumb Code    28  init.o(.text)
    __scatterload_rt2                        0x080006e1   Thumb Code     0  init.o(.text)
    __aeabi_llsl                             0x08000705   Thumb Code    30  llshl.o(.text)
    _ll_shift_l                              0x08000705   Thumb Code     0  llshl.o(.text)
    __aeabi_lasr                             0x08000723   Thumb Code    36  llsshr.o(.text)
    _ll_sshift_r                             0x08000723   Thumb Code     0  llsshr.o(.text)
    __decompress                             0x08000747   Thumb Code     0  __dczerorl2.o(.text)
    __decompress1                            0x08000747   Thumb Code    86  __dczerorl2.o(.text)
    BusFault_Handler                         0x080007c5   Thumb Code     2  stm32f1xx_it.o(i.BusFault_Handler)
    DL_CheckTimeout                          0x080007c9   Thumb Code    60  dl_ln3x.o(i.DL_CheckTimeout)
    DL_Init                                  0x08000809   Thumb Code    56  dl_ln3x.o(i.DL_Init)
    DL_LN3X_Get_Addr_1                       0x08000845   Thumb Code     6  dl_ln3x.o(i.DL_LN3X_Get_Addr_1)
    DL_LN3X_Get_Addr_2                       0x08000851   Thumb Code     6  dl_ln3x.o(i.DL_LN3X_Get_Addr_2)
    DL_LN3X_Get_Pitch_1                      0x0800085d   Thumb Code     6  dl_ln3x.o(i.DL_LN3X_Get_Pitch_1)
    DL_LN3X_Get_Pitch_2                      0x08000869   Thumb Code     6  dl_ln3x.o(i.DL_LN3X_Get_Pitch_2)
    DL_LN3X_Get_Range_1                      0x08000875   Thumb Code     6  dl_ln3x.o(i.DL_LN3X_Get_Range_1)
    DL_LN3X_Get_Range_2                      0x08000881   Thumb Code     6  dl_ln3x.o(i.DL_LN3X_Get_Range_2)
    DL_LN3X_Get_Roll_1                       0x0800088d   Thumb Code     6  dl_ln3x.o(i.DL_LN3X_Get_Roll_1)
    DL_LN3X_Get_Roll_2                       0x08000899   Thumb Code     6  dl_ln3x.o(i.DL_LN3X_Get_Roll_2)
    DL_UART_RxCpltCallback                   0x080008a5   Thumb Code   384  dl_ln3x.o(i.DL_UART_RxCpltCallback)
    DebugMon_Handler                         0x08000a95   Thumb Code     2  stm32f1xx_it.o(i.DebugMon_Handler)
    Error_Handler                            0x08000a97   Thumb Code     4  main.o(i.Error_Handler)
    HAL_DMA_Abort                            0x08000a9b   Thumb Code    70  stm32f1xx_hal_dma.o(i.HAL_DMA_Abort)
    HAL_DMA_Abort_IT                         0x08000ae1   Thumb Code   296  stm32f1xx_hal_dma.o(i.HAL_DMA_Abort_IT)
    HAL_Delay                                0x08000c11   Thumb Code    32  stm32f1xx_hal.o(i.HAL_Delay)
    HAL_GPIO_Init                            0x08000c35   Thumb Code   462  stm32f1xx_hal_gpio.o(i.HAL_GPIO_Init)
    HAL_GetTick                              0x08000e2d   Thumb Code     6  stm32f1xx_hal.o(i.HAL_GetTick)
    HAL_IWDG_Init                            0x08000e39   Thumb Code    94  stm32f1xx_hal_iwdg.o(i.HAL_IWDG_Init)
    HAL_IWDG_Refresh                         0x08000e97   Thumb Code    12  stm32f1xx_hal_iwdg.o(i.HAL_IWDG_Refresh)
    HAL_IncTick                              0x08000ea5   Thumb Code    12  stm32f1xx_hal.o(i.HAL_IncTick)
    HAL_Init                                 0x08000eb5   Thumb Code    32  stm32f1xx_hal.o(i.HAL_Init)
    HAL_InitTick                             0x08000ed9   Thumb Code    54  stm32f1xx_hal.o(i.HAL_InitTick)
    HAL_MspInit                              0x08000f19   Thumb Code    52  stm32f1xx_hal_msp.o(i.HAL_MspInit)
    HAL_NVIC_EnableIRQ                       0x08000f55   Thumb Code    26  stm32f1xx_hal_cortex.o(i.HAL_NVIC_EnableIRQ)
    HAL_NVIC_SetPriority                     0x08000f71   Thumb Code    60  stm32f1xx_hal_cortex.o(i.HAL_NVIC_SetPriority)
    HAL_NVIC_SetPriorityGrouping             0x08000fb1   Thumb Code    26  stm32f1xx_hal_cortex.o(i.HAL_NVIC_SetPriorityGrouping)
    HAL_PWR_EnableBkUpAccess                 0x08000fd5   Thumb Code     8  stm32f1xx_hal_pwr.o(i.HAL_PWR_EnableBkUpAccess)
    HAL_RCCEx_GetPeriphCLKFreq               0x08000fe1   Thumb Code   166  stm32f1xx_hal_rcc_ex.o(i.HAL_RCCEx_GetPeriphCLKFreq)
    HAL_RCCEx_PeriphCLKConfig                0x08001099   Thumb Code   224  stm32f1xx_hal_rcc_ex.o(i.HAL_RCCEx_PeriphCLKConfig)
    HAL_RCC_ClockConfig                      0x08001185   Thumb Code   280  stm32f1xx_hal_rcc.o(i.HAL_RCC_ClockConfig)
    HAL_RCC_GetPCLK1Freq                     0x080012b1   Thumb Code    20  stm32f1xx_hal_rcc.o(i.HAL_RCC_GetPCLK1Freq)
    HAL_RCC_GetPCLK2Freq                     0x080012d1   Thumb Code    20  stm32f1xx_hal_rcc.o(i.HAL_RCC_GetPCLK2Freq)
    HAL_RCC_GetSysClockFreq                  0x080012f1   Thumb Code    58  stm32f1xx_hal_rcc.o(i.HAL_RCC_GetSysClockFreq)
    HAL_RCC_OscConfig                        0x0800133d   Thumb Code   778  stm32f1xx_hal_rcc.o(i.HAL_RCC_OscConfig)
    HAL_RTCEx_BKUPRead                       0x0800165d   Thumb Code    10  stm32f1xx_hal_rtc_ex.o(i.HAL_RTCEx_BKUPRead)
    HAL_RTCEx_BKUPWrite                      0x0800166d   Thumb Code    12  stm32f1xx_hal_rtc_ex.o(i.HAL_RTCEx_BKUPWrite)
    HAL_RTCEx_RTCEventCallback               0x0800167d   Thumb Code     2  stm32f1xx_hal_rtc_ex.o(i.HAL_RTCEx_RTCEventCallback)
    HAL_RTCEx_RTCEventErrorCallback          0x0800167f   Thumb Code     2  stm32f1xx_hal_rtc_ex.o(i.HAL_RTCEx_RTCEventErrorCallback)
    HAL_RTCEx_RTCIRQHandler                  0x08001681   Thumb Code    62  stm32f1xx_hal_rtc_ex.o(i.HAL_RTCEx_RTCIRQHandler)
    HAL_RTC_AlarmAEventCallback              0x080016bf   Thumb Code     2  stm32f1xx_hal_rtc.o(i.HAL_RTC_AlarmAEventCallback)
    HAL_RTC_AlarmIRQHandler                  0x080016c1   Thumb Code    48  stm32f1xx_hal_rtc.o(i.HAL_RTC_AlarmIRQHandler)
    HAL_RTC_GetDate                          0x080016f5   Thumb Code    78  stm32f1xx_hal_rtc.o(i.HAL_RTC_GetDate)
    HAL_RTC_GetTime                          0x08001743   Thumb Code   216  stm32f1xx_hal_rtc.o(i.HAL_RTC_GetTime)
    HAL_RTC_Init                             0x0800181d   Thumb Code   144  stm32f1xx_hal_rtc.o(i.HAL_RTC_Init)
    HAL_RTC_MspInit                          0x080018b1   Thumb Code    76  rtc.o(i.HAL_RTC_MspInit)
    HAL_RTC_SetDate                          0x08001909   Thumb Code   192  stm32f1xx_hal_rtc.o(i.HAL_RTC_SetDate)
    HAL_RTC_SetTime                          0x080019cd   Thumb Code   168  stm32f1xx_hal_rtc.o(i.HAL_RTC_SetTime)
    HAL_RTC_WaitForSynchro                   0x08001a79   Thumb Code    58  stm32f1xx_hal_rtc.o(i.HAL_RTC_WaitForSynchro)
    HAL_SYSTICK_Config                       0x08001ab3   Thumb Code    40  stm32f1xx_hal_cortex.o(i.HAL_SYSTICK_Config)
    HAL_UARTEx_RxEventCallback               0x08001adb   Thumb Code     2  stm32f1xx_hal_uart.o(i.HAL_UARTEx_RxEventCallback)
    HAL_UART_ErrorCallback                   0x08001add   Thumb Code     2  stm32f1xx_hal_uart.o(i.HAL_UART_ErrorCallback)
    HAL_UART_IRQHandler                      0x08001ae1   Thumb Code   616  stm32f1xx_hal_uart.o(i.HAL_UART_IRQHandler)
    HAL_UART_Init                            0x08001d4d   Thumb Code   100  stm32f1xx_hal_uart.o(i.HAL_UART_Init)
    HAL_UART_MspInit                         0x08001db1   Thumb Code   198  usart.o(i.HAL_UART_MspInit)
    HAL_UART_Receive_IT                      0x08001e89   Thumb Code    28  stm32f1xx_hal_uart.o(i.HAL_UART_Receive_IT)
    HAL_UART_RxCpltCallback                  0x08001ea5   Thumb Code    16  main.o(i.HAL_UART_RxCpltCallback)
    HAL_UART_Transmit                        0x08001eb9   Thumb Code   160  stm32f1xx_hal_uart.o(i.HAL_UART_Transmit)
    HAL_UART_TxCpltCallback                  0x08001f59   Thumb Code     2  stm32f1xx_hal_uart.o(i.HAL_UART_TxCpltCallback)
    HardFault_Handler                        0x08001f5b   Thumb Code     2  stm32f1xx_it.o(i.HardFault_Handler)
    LCD_Clear                                0x08001f5d   Thumb Code    64  lcd.o(i.LCD_Clear)
    LCD_Display_Dir                          0x08001fa9   Thumb Code    44  lcd.o(i.LCD_Display_Dir)
    LCD_Fast_DrawPoint                       0x08001fd9   Thumb Code   152  lcd.o(i.LCD_Fast_DrawPoint)
    LCD_Init                                 0x0800207d   Thumb Code   736  lcd.o(i.LCD_Init)
    LCD_RD_DATA                              0x08002375   Thumb Code    72  lcd.o(i.LCD_RD_DATA)
    LCD_Scan_Dir                             0x080023c5   Thumb Code   710  lcd.o(i.LCD_Scan_Dir)
    LCD_SetCursor                            0x08002699   Thumb Code   118  lcd.o(i.LCD_SetCursor)
    LCD_ShowChar                             0x0800271d   Thumb Code   190  lcd.o(i.LCD_ShowChar)
    LCD_ShowChinese                          0x080027f1   Thumb Code   140  lcd.o(i.LCD_ShowChinese)
    LCD_ShowString                           0x0800287d   Thumb Code    84  lcd.o(i.LCD_ShowString)
    LCD_WR_DATAX                             0x080028d1   Thumb Code    26  lcd.o(i.LCD_WR_DATAX)
    LCD_WR_REG                               0x080028f5   Thumb Code    26  lcd.o(i.LCD_WR_REG)
    LCD_WriteRAM_Prepare                     0x08002919   Thumb Code     8  lcd.o(i.LCD_WriteRAM_Prepare)
    LCD_WriteReg                             0x08002925   Thumb Code    34  lcd.o(i.LCD_WriteReg)
    MX_GPIO_Init                             0x08002951   Thumb Code    54  gpio.o(i.MX_GPIO_Init)
    MX_IWDG_Init                             0x0800298d   Thumb Code    36  iwdg.o(i.MX_IWDG_Init)
    MX_RTC_Init                              0x080029b9   Thumb Code   386  rtc.o(i.MX_RTC_Init)
    MX_USART1_UART_Init                      0x08002b4d   Thumb Code    48  usart.o(i.MX_USART1_UART_Init)
    MX_USART2_UART_Init                      0x08002b85   Thumb Code    48  usart.o(i.MX_USART2_UART_Init)
    MemManage_Handler                        0x08002bbd   Thumb Code     2  stm32f1xx_it.o(i.MemManage_Handler)
    NMI_Handler                              0x08002bbf   Thumb Code     2  stm32f1xx_it.o(i.NMI_Handler)
    PendSV_Handler                           0x08002bc1   Thumb Code     2  stm32f1xx_it.o(i.PendSV_Handler)
    RTC_Alarm_IRQHandler                     0x08002bc5   Thumb Code     6  stm32f1xx_it.o(i.RTC_Alarm_IRQHandler)
    RTC_IRQHandler                           0x08002ecd   Thumb Code     6  stm32f1xx_it.o(i.RTC_IRQHandler)
    SVC_Handler                              0x080030cb   Thumb Code     2  stm32f1xx_it.o(i.SVC_Handler)
    SysTick_Handler                          0x080030cd   Thumb Code     4  stm32f1xx_it.o(i.SysTick_Handler)
    SystemClock_Config                       0x080030d1   Thumb Code   130  main.o(i.SystemClock_Config)
    SystemInit                               0x08003153   Thumb Code     2  system_stm32f1xx.o(i.SystemInit)
    UART_Start_Receive_IT                    0x0800332d   Thumb Code    54  stm32f1xx_hal_uart.o(i.UART_Start_Receive_IT)
    USART1_IRQHandler                        0x080033d5   Thumb Code     6  stm32f1xx_it.o(i.USART1_IRQHandler)
    USART2_IRQHandler                        0x080033e1   Thumb Code     6  stm32f1xx_it.o(i.USART2_IRQHandler)
    UsageFault_Handler                       0x080033ed   Thumb Code     2  stm32f1xx_it.o(i.UsageFault_Handler)
    __0printf                                0x080033f1   Thumb Code    22  printfa.o(i.__0printf)
    __1printf                                0x080033f1   Thumb Code     0  printfa.o(i.__0printf)
    __2printf                                0x080033f1   Thumb Code     0  printfa.o(i.__0printf)
    __c89printf                              0x080033f1   Thumb Code     0  printfa.o(i.__0printf)
    printf                                   0x080033f1   Thumb Code     0  printfa.o(i.__0printf)
    __0snprintf                              0x08003411   Thumb Code    48  printfa.o(i.__0snprintf)
    __1snprintf                              0x08003411   Thumb Code     0  printfa.o(i.__0snprintf)
    __2snprintf                              0x08003411   Thumb Code     0  printfa.o(i.__0snprintf)
    __c89snprintf                            0x08003411   Thumb Code     0  printfa.o(i.__0snprintf)
    snprintf                                 0x08003411   Thumb Code     0  printfa.o(i.__0snprintf)
    __0sprintf                               0x08003445   Thumb Code    34  printfa.o(i.__0sprintf)
    __1sprintf                               0x08003445   Thumb Code     0  printfa.o(i.__0sprintf)
    __2sprintf                               0x08003445   Thumb Code     0  printfa.o(i.__0sprintf)
    __c89sprintf                             0x08003445   Thumb Code     0  printfa.o(i.__0sprintf)
    sprintf                                  0x08003445   Thumb Code     0  printfa.o(i.__0sprintf)
    __scatterload_copy                       0x0800349f   Thumb Code    14  handlers.o(i.__scatterload_copy)
    __scatterload_null                       0x080034ad   Thumb Code     2  handlers.o(i.__scatterload_null)
    __scatterload_zeroinit                   0x080034af   Thumb Code    14  handlers.o(i.__scatterload_zeroinit)
    delay_ms                                 0x08003d67   Thumb Code    26  delay.o(i.delay_ms)
    delay_us                                 0x08003d81   Thumb Code    48  delay.o(i.delay_us)
    fputc                                    0x08003db5   Thumb Code    22  usart.o(i.fputc)
    main                                     0x08003dd1   Thumb Code   738  main.o(i.main)
    asc2_1206                                0x08004198   Data        1140  lcd.o(.constdata)
    asc2_1608                                0x0800460c   Data        1520  lcd.o(.constdata)
    asc2_2412                                0x08004bfc   Data        3420  lcd.o(.constdata)
    AHBPrescTable                            0x0800597c   Data          16  system_stm32f1xx.o(.constdata)
    APBPrescTable                            0x0800598c   Data           8  system_stm32f1xx.o(.constdata)
    Region$$Table$$Base                      0x080059d8   Number         0  anon$$obj.o(Region$$Table)
    Region$$Table$$Limit                     0x080059f8   Number         0  anon$$obj.o(Region$$Table)
    currTime                                 0x20000000   Data           3  main.o(.data)
    currDate                                 0x20000003   Data           4  main.o(.data)
    chinese                                  0x20000007   Data         224  main.o(.data)
    g_printfUart                             0x200000e8   Data           4  usart.o(.data)
    lcd_show_range_1                         0x200000f0   Data           1  dl_ln3x.o(.data)
    lcd_show_range_2                         0x200000f1   Data           1  dl_ln3x.o(.data)
    lcd_show_addr                            0x200000f2   Data           2  dl_ln3x.o(.data)
    lcd_show_addr_1                          0x200000f4   Data           2  dl_ln3x.o(.data)
    lcd_show_addr_2                          0x200000f6   Data           2  dl_ln3x.o(.data)
    lcd_show_pitch_1                         0x200000f8   Data           4  dl_ln3x.o(.data)
    lcd_show_roll_1                          0x200000fc   Data           4  dl_ln3x.o(.data)
    lcd_show_pitch_2                         0x20000100   Data           4  dl_ln3x.o(.data)
    lcd_show_roll_2                          0x20000104   Data           4  dl_ln3x.o(.data)
    addr_timeouts                            0x20000108   Data          16  dl_ln3x.o(.data)
    POINT_COLOR                              0x20000118   Data           2  lcd.o(.data)
    BACK_COLOR                               0x2000011a   Data           2  lcd.o(.data)
    uwTickFreq                               0x2000011c   Data           1  stm32f1xx_hal.o(.data)
    uwTickPrio                               0x20000120   Data           4  stm32f1xx_hal.o(.data)
    uwTick                                   0x20000124   Data           4  stm32f1xx_hal.o(.data)
    SystemCoreClock                          0x20000128   Data           4  system_stm32f1xx.o(.data)
    __stdout                                 0x2000012c   Data           4  stdout.o(.data)
    dl_module                                0x20000130   Data         264  main.o(.bss)
    timeBuff                                 0x20000238   Data          20  main.o(.bss)
    dateBuff                                 0x2000024c   Data          20  main.o(.bss)
    hiwdg                                    0x20000260   Data          12  iwdg.o(.bss)
    hrtc                                     0x2000026c   Data          20  rtc.o(.bss)
    huart1                                   0x20000280   Data          72  usart.o(.bss)
    huart2                                   0x200002c8   Data          72  usart.o(.bss)
    lcd_show_addr_buffer                     0x20000310   Data          24  dl_ln3x.o(.bss)
    lcddev                                   0x20000328   Data          14  lcd.o(.bss)
    __initial_sp                             0x20000738   Data           0  startup_stm32f103xe.o(STACK)



==============================================================================

Memory Map of the image

  Image Entry point : 0x08000131

  Load Region LR_IROM1 (Base: 0x08000000, Size: 0x00005b28, Max: 0x00040000, ABSOLUTE, COMPRESSED[0x00005ad4])

    Execution Region ER_IROM1 (Exec base: 0x08000000, Load base: 0x08000000, Size: 0x000059f8, Max: 0x00040000, ABSOLUTE)

    Exec Addr    Load Addr    Size         Type   Attr      Idx    E Section Name        Object

    0x08000000   0x08000000   0x00000130   Data   RO            3    RESET               startup_stm32f103xe.o
    0x08000130   0x08000130   0x00000000   Code   RO         2682  * .ARM.Collect$$$$00000000  mc_w.l(entry.o)
    0x08000130   0x08000130   0x00000004   Code   RO         2966    .ARM.Collect$$$$00000001  mc_w.l(entry2.o)
    0x08000134   0x08000134   0x00000004   Code   RO         2969    .ARM.Collect$$$$00000004  mc_w.l(entry5.o)
    0x08000138   0x08000138   0x00000000   Code   RO         2971    .ARM.Collect$$$$00000008  mc_w.l(entry7b.o)
    0x08000138   0x08000138   0x00000000   Code   RO         2973    .ARM.Collect$$$$0000000A  mc_w.l(entry8b.o)
    0x08000138   0x08000138   0x00000008   Code   RO         2974    .ARM.Collect$$$$0000000B  mc_w.l(entry9a.o)
    0x08000140   0x08000140   0x00000004   Code   RO         2981    .ARM.Collect$$$$0000000E  mc_w.l(entry12b.o)
    0x08000144   0x08000144   0x00000000   Code   RO         2976    .ARM.Collect$$$$0000000F  mc_w.l(entry10a.o)
    0x08000144   0x08000144   0x00000000   Code   RO         2978    .ARM.Collect$$$$00000011  mc_w.l(entry11a.o)
    0x08000144   0x08000144   0x00000004   Code   RO         2967    .ARM.Collect$$$$00002712  mc_w.l(entry2.o)
    0x08000148   0x08000148   0x00000024   Code   RO            4    .text               startup_stm32f103xe.o
    0x0800016c   0x0800016c   0x00000020   Code   RO         2685    .text               mc_w.l(llushr.o)
    0x0800018c   0x0800018c   0x00000024   Code   RO         2687    .text               mc_w.l(memcpya.o)
    0x080001b0   0x080001b0   0x00000024   Code   RO         2689    .text               mc_w.l(memseta.o)
    0x080001d4   0x080001d4   0x0000001c   Code   RO         2691    .text               mc_w.l(strcmp.o)
    0x080001f0   0x080001f0   0x00000012   Code   RO         2693    .text               mc_w.l(strcpy.o)
    0x08000202   0x08000202   0x000000e4   Code   RO         2958    .text               mf_w.l(dmul.o)
    0x080002e6   0x080002e6   0x00000026   Code   RO         2964    .text               mf_w.l(f2d.o)
    0x0800030c   0x0800030c   0x0000002c   Code   RO         2983    .text               mc_w.l(uidiv.o)
    0x08000338   0x08000338   0x00000062   Code   RO         2985    .text               mc_w.l(uldiv.o)
    0x0800039a   0x0800039a   0x00000000   Code   RO         2987    .text               mc_w.l(iusefp.o)
    0x0800039a   0x0800039a   0x000000ba   Code   RO         2988    .text               mf_w.l(depilogue.o)
    0x08000454   0x08000454   0x0000014e   Code   RO         2990    .text               mf_w.l(dadd.o)
    0x080005a2   0x080005a2   0x000000de   Code   RO         2992    .text               mf_w.l(ddiv.o)
    0x08000680   0x08000680   0x00000030   Code   RO         2994    .text               mf_w.l(dfixul.o)
    0x080006b0   0x080006b0   0x00000030   Code   RO         2996    .text               mf_w.l(cdrcmple.o)
    0x080006e0   0x080006e0   0x00000024   Code   RO         2998    .text               mc_w.l(init.o)
    0x08000704   0x08000704   0x0000001e   Code   RO         3000    .text               mc_w.l(llshl.o)
    0x08000722   0x08000722   0x00000024   Code   RO         3002    .text               mc_w.l(llsshr.o)
    0x08000746   0x08000746   0x00000056   Code   RO         3012    .text               mc_w.l(__dczerorl2.o)
    0x0800079c   0x0800079c   0x00000012   Code   RO          244    i.BCD2BIN           rtc.o
    0x080007ae   0x080007ae   0x00000016   Code   RO          245    i.BIN2BCD           rtc.o
    0x080007c4   0x080007c4   0x00000002   Code   RO          378    i.BusFault_Handler  stm32f1xx_it.o
    0x080007c6   0x080007c6   0x00000002   PAD
    0x080007c8   0x080007c8   0x00000040   Code   RO          547    i.DL_CheckTimeout   dl_ln3x.o
    0x08000808   0x08000808   0x0000003c   Code   RO          548    i.DL_Init           dl_ln3x.o
    0x08000844   0x08000844   0x0000000c   Code   RO          549    i.DL_LN3X_Get_Addr_1  dl_ln3x.o
    0x08000850   0x08000850   0x0000000c   Code   RO          550    i.DL_LN3X_Get_Addr_2  dl_ln3x.o
    0x0800085c   0x0800085c   0x0000000c   Code   RO          551    i.DL_LN3X_Get_Pitch_1  dl_ln3x.o
    0x08000868   0x08000868   0x0000000c   Code   RO          552    i.DL_LN3X_Get_Pitch_2  dl_ln3x.o
    0x08000874   0x08000874   0x0000000c   Code   RO          553    i.DL_LN3X_Get_Range_1  dl_ln3x.o
    0x08000880   0x08000880   0x0000000c   Code   RO          554    i.DL_LN3X_Get_Range_2  dl_ln3x.o
    0x0800088c   0x0800088c   0x0000000c   Code   RO          555    i.DL_LN3X_Get_Roll_1  dl_ln3x.o
    0x08000898   0x08000898   0x0000000c   Code   RO          556    i.DL_LN3X_Get_Roll_2  dl_ln3x.o
    0x080008a4   0x080008a4   0x000001f0   Code   RO          559    i.DL_UART_RxCpltCallback  dl_ln3x.o
    0x08000a94   0x08000a94   0x00000002   Code   RO          379    i.DebugMon_Handler  stm32f1xx_it.o
    0x08000a96   0x08000a96   0x00000004   Code   RO           13    i.Error_Handler     main.o
    0x08000a9a   0x08000a9a   0x00000046   Code   RO         1380    i.HAL_DMA_Abort     stm32f1xx_hal_dma.o
    0x08000ae0   0x08000ae0   0x00000130   Code   RO         1381    i.HAL_DMA_Abort_IT  stm32f1xx_hal_dma.o
    0x08000c10   0x08000c10   0x00000024   Code   RO         1006    i.HAL_Delay         stm32f1xx_hal.o
    0x08000c34   0x08000c34   0x000001f8   Code   RO         1316    i.HAL_GPIO_Init     stm32f1xx_hal_gpio.o
    0x08000e2c   0x08000e2c   0x0000000c   Code   RO         1010    i.HAL_GetTick       stm32f1xx_hal.o
    0x08000e38   0x08000e38   0x0000005e   Code   RO          969    i.HAL_IWDG_Init     stm32f1xx_hal_iwdg.o
    0x08000e96   0x08000e96   0x0000000c   Code   RO          970    i.HAL_IWDG_Refresh  stm32f1xx_hal_iwdg.o
    0x08000ea2   0x08000ea2   0x00000002   PAD
    0x08000ea4   0x08000ea4   0x00000010   Code   RO         1016    i.HAL_IncTick       stm32f1xx_hal.o
    0x08000eb4   0x08000eb4   0x00000024   Code   RO         1017    i.HAL_Init          stm32f1xx_hal.o
    0x08000ed8   0x08000ed8   0x00000040   Code   RO         1018    i.HAL_InitTick      stm32f1xx_hal.o
    0x08000f18   0x08000f18   0x0000003c   Code   RO          478    i.HAL_MspInit       stm32f1xx_hal_msp.o
    0x08000f54   0x08000f54   0x0000001a   Code   RO         1476    i.HAL_NVIC_EnableIRQ  stm32f1xx_hal_cortex.o
    0x08000f6e   0x08000f6e   0x00000002   PAD
    0x08000f70   0x08000f70   0x00000040   Code   RO         1482    i.HAL_NVIC_SetPriority  stm32f1xx_hal_cortex.o
    0x08000fb0   0x08000fb0   0x00000024   Code   RO         1483    i.HAL_NVIC_SetPriorityGrouping  stm32f1xx_hal_cortex.o
    0x08000fd4   0x08000fd4   0x0000000c   Code   RO         1598    i.HAL_PWR_EnableBkUpAccess  stm32f1xx_hal_pwr.o
    0x08000fe0   0x08000fe0   0x000000b8   Code   RO         1277    i.HAL_RCCEx_GetPeriphCLKFreq  stm32f1xx_hal_rcc_ex.o
    0x08001098   0x08001098   0x000000ec   Code   RO         1278    i.HAL_RCCEx_PeriphCLKConfig  stm32f1xx_hal_rcc_ex.o
    0x08001184   0x08001184   0x0000012c   Code   RO         1174    i.HAL_RCC_ClockConfig  stm32f1xx_hal_rcc.o
    0x080012b0   0x080012b0   0x00000020   Code   RO         1181    i.HAL_RCC_GetPCLK1Freq  stm32f1xx_hal_rcc.o
    0x080012d0   0x080012d0   0x00000020   Code   RO         1182    i.HAL_RCC_GetPCLK2Freq  stm32f1xx_hal_rcc.o
    0x080012f0   0x080012f0   0x0000004c   Code   RO         1183    i.HAL_RCC_GetSysClockFreq  stm32f1xx_hal_rcc.o
    0x0800133c   0x0800133c   0x00000320   Code   RO         1186    i.HAL_RCC_OscConfig  stm32f1xx_hal_rcc.o
    0x0800165c   0x0800165c   0x00000010   Code   RO         2146    i.HAL_RTCEx_BKUPRead  stm32f1xx_hal_rtc_ex.o
    0x0800166c   0x0800166c   0x00000010   Code   RO         2147    i.HAL_RTCEx_BKUPWrite  stm32f1xx_hal_rtc_ex.o
    0x0800167c   0x0800167c   0x00000002   Code   RO         2151    i.HAL_RTCEx_RTCEventCallback  stm32f1xx_hal_rtc_ex.o
    0x0800167e   0x0800167e   0x00000002   Code   RO         2152    i.HAL_RTCEx_RTCEventErrorCallback  stm32f1xx_hal_rtc_ex.o
    0x08001680   0x08001680   0x0000003e   Code   RO         2153    i.HAL_RTCEx_RTCIRQHandler  stm32f1xx_hal_rtc_ex.o
    0x080016be   0x080016be   0x00000002   Code   RO         1976    i.HAL_RTC_AlarmAEventCallback  stm32f1xx_hal_rtc.o
    0x080016c0   0x080016c0   0x00000034   Code   RO         1977    i.HAL_RTC_AlarmIRQHandler  stm32f1xx_hal_rtc.o
    0x080016f4   0x080016f4   0x0000004e   Code   RO         1981    i.HAL_RTC_GetDate   stm32f1xx_hal_rtc.o
    0x08001742   0x08001742   0x000000d8   Code   RO         1983    i.HAL_RTC_GetTime   stm32f1xx_hal_rtc.o
    0x0800181a   0x0800181a   0x00000002   PAD
    0x0800181c   0x0800181c   0x00000094   Code   RO         1984    i.HAL_RTC_Init      stm32f1xx_hal_rtc.o
    0x080018b0   0x080018b0   0x00000058   Code   RO          247    i.HAL_RTC_MspInit   rtc.o
    0x08001908   0x08001908   0x000000c4   Code   RO         1990    i.HAL_RTC_SetDate   stm32f1xx_hal_rtc.o
    0x080019cc   0x080019cc   0x000000ac   Code   RO         1991    i.HAL_RTC_SetTime   stm32f1xx_hal_rtc.o
    0x08001a78   0x08001a78   0x0000003a   Code   RO         1992    i.HAL_RTC_WaitForSynchro  stm32f1xx_hal_rtc.o
    0x08001ab2   0x08001ab2   0x00000028   Code   RO         1487    i.HAL_SYSTICK_Config  stm32f1xx_hal_cortex.o
    0x08001ada   0x08001ada   0x00000002   Code   RO         2296    i.HAL_UARTEx_RxEventCallback  stm32f1xx_hal_uart.o
    0x08001adc   0x08001adc   0x00000002   Code   RO         2310    i.HAL_UART_ErrorCallback  stm32f1xx_hal_uart.o
    0x08001ade   0x08001ade   0x00000002   PAD
    0x08001ae0   0x08001ae0   0x0000026c   Code   RO         2313    i.HAL_UART_IRQHandler  stm32f1xx_hal_uart.o
    0x08001d4c   0x08001d4c   0x00000064   Code   RO         2314    i.HAL_UART_Init     stm32f1xx_hal_uart.o
    0x08001db0   0x08001db0   0x000000d8   Code   RO          318    i.HAL_UART_MspInit  usart.o
    0x08001e88   0x08001e88   0x0000001c   Code   RO         2319    i.HAL_UART_Receive_IT  stm32f1xx_hal_uart.o
    0x08001ea4   0x08001ea4   0x00000014   Code   RO           14    i.HAL_UART_RxCpltCallback  main.o
    0x08001eb8   0x08001eb8   0x000000a0   Code   RO         2322    i.HAL_UART_Transmit  stm32f1xx_hal_uart.o
    0x08001f58   0x08001f58   0x00000002   Code   RO         2325    i.HAL_UART_TxCpltCallback  stm32f1xx_hal_uart.o
    0x08001f5a   0x08001f5a   0x00000002   Code   RO          380    i.HardFault_Handler  stm32f1xx_it.o
    0x08001f5c   0x08001f5c   0x0000004c   Code   RO          671    i.LCD_Clear         lcd.o
    0x08001fa8   0x08001fa8   0x00000030   Code   RO          675    i.LCD_Display_Dir   lcd.o
    0x08001fd8   0x08001fd8   0x000000a4   Code   RO          680    i.LCD_Fast_DrawPoint  lcd.o
    0x0800207c   0x0800207c   0x000002f8   Code   RO          682    i.LCD_Init          lcd.o
    0x08002374   0x08002374   0x00000050   Code   RO          684    i.LCD_RD_DATA       lcd.o
    0x080023c4   0x080023c4   0x000002d4   Code   RO          688    i.LCD_Scan_Dir      lcd.o
    0x08002698   0x08002698   0x00000084   Code   RO          689    i.LCD_SetCursor     lcd.o
    0x0800271c   0x0800271c   0x000000d4   Code   RO          691    i.LCD_ShowChar      lcd.o
    0x080027f0   0x080027f0   0x0000008c   Code   RO          692    i.LCD_ShowChinese   lcd.o
    0x0800287c   0x0800287c   0x00000054   Code   RO          694    i.LCD_ShowString    lcd.o
    0x080028d0   0x080028d0   0x00000024   Code   RO          696    i.LCD_WR_DATAX      lcd.o
    0x080028f4   0x080028f4   0x00000024   Code   RO          697    i.LCD_WR_REG        lcd.o
    0x08002918   0x08002918   0x0000000c   Code   RO          699    i.LCD_WriteRAM_Prepare  lcd.o
    0x08002924   0x08002924   0x0000002c   Code   RO          700    i.LCD_WriteReg      lcd.o
    0x08002950   0x08002950   0x0000003c   Code   RO          190    i.MX_GPIO_Init      gpio.o
    0x0800298c   0x0800298c   0x0000002c   Code   RO          214    i.MX_IWDG_Init      iwdg.o
    0x080029b8   0x080029b8   0x00000194   Code   RO          248    i.MX_RTC_Init       rtc.o
    0x08002b4c   0x08002b4c   0x00000038   Code   RO          319    i.MX_USART1_UART_Init  usart.o
    0x08002b84   0x08002b84   0x00000038   Code   RO          320    i.MX_USART2_UART_Init  usart.o
    0x08002bbc   0x08002bbc   0x00000002   Code   RO          381    i.MemManage_Handler  stm32f1xx_it.o
    0x08002bbe   0x08002bbe   0x00000002   Code   RO          382    i.NMI_Handler       stm32f1xx_it.o
    0x08002bc0   0x08002bc0   0x00000002   Code   RO          383    i.PendSV_Handler    stm32f1xx_it.o
    0x08002bc2   0x08002bc2   0x00000002   PAD
    0x08002bc4   0x08002bc4   0x0000000c   Code   RO          384    i.RTC_Alarm_IRQHandler  stm32f1xx_it.o
    0x08002bd0   0x08002bd0   0x000000b4   Code   RO          249    i.RTC_BackupCriticalData  rtc.o
    0x08002c84   0x08002c84   0x00000012   Code   RO         1993    i.RTC_Bcd2ToByte    stm32f1xx_hal_rtc.o
    0x08002c96   0x08002c96   0x00000016   Code   RO         1994    i.RTC_ByteToBcd2    stm32f1xx_hal_rtc.o
    0x08002cac   0x08002cac   0x00000104   Code   RO          250    i.RTC_CheckDateUpdateNeeded  rtc.o
    0x08002db0   0x08002db0   0x000000ae   Code   RO         1995    i.RTC_DateUpdate    stm32f1xx_hal_rtc.o
    0x08002e5e   0x08002e5e   0x00000034   Code   RO         1996    i.RTC_EnterInitMode  stm32f1xx_hal_rtc.o
    0x08002e92   0x08002e92   0x00000002   PAD
    0x08002e94   0x08002e94   0x00000036   Code   RO         1997    i.RTC_ExitInitMode  stm32f1xx_hal_rtc.o
    0x08002eca   0x08002eca   0x00000002   PAD
    0x08002ecc   0x08002ecc   0x0000000c   Code   RO          385    i.RTC_IRQHandler    stm32f1xx_it.o
    0x08002ed8   0x08002ed8   0x000000c2   Code   RO          251    i.RTC_IncrementDate  rtc.o
    0x08002f9a   0x08002f9a   0x0000000e   Code   RO         1998    i.RTC_ReadAlarmCounter  stm32f1xx_hal_rtc.o
    0x08002fa8   0x08002fa8   0x00000020   Code   RO         1999    i.RTC_ReadTimeCounter  stm32f1xx_hal_rtc.o
    0x08002fc8   0x08002fc8   0x0000005c   Code   RO          252    i.RTC_RestoreDate   rtc.o
    0x08003024   0x08003024   0x00000056   Code   RO         2000    i.RTC_WeekDayNum    stm32f1xx_hal_rtc.o
    0x0800307a   0x0800307a   0x00000028   Code   RO         2001    i.RTC_WriteAlarmCounter  stm32f1xx_hal_rtc.o
    0x080030a2   0x080030a2   0x00000028   Code   RO         2002    i.RTC_WriteTimeCounter  stm32f1xx_hal_rtc.o
    0x080030ca   0x080030ca   0x00000002   Code   RO          386    i.SVC_Handler       stm32f1xx_it.o
    0x080030cc   0x080030cc   0x00000004   Code   RO          387    i.SysTick_Handler   stm32f1xx_it.o
    0x080030d0   0x080030d0   0x00000082   Code   RO           15    i.SystemClock_Config  main.o
    0x08003152   0x08003152   0x00000002   Code   RO         2648    i.SystemInit        system_stm32f1xx.o
    0x08003154   0x08003154   0x00000010   Code   RO         2327    i.UART_DMAAbortOnError  stm32f1xx_hal_uart.o
    0x08003164   0x08003164   0x0000004e   Code   RO         2337    i.UART_EndRxTransfer  stm32f1xx_hal_uart.o
    0x080031b2   0x080031b2   0x000000c2   Code   RO         2339    i.UART_Receive_IT   stm32f1xx_hal_uart.o
    0x08003274   0x08003274   0x000000b8   Code   RO         2340    i.UART_SetConfig    stm32f1xx_hal_uart.o
    0x0800332c   0x0800332c   0x00000036   Code   RO         2342    i.UART_Start_Receive_IT  stm32f1xx_hal_uart.o
    0x08003362   0x08003362   0x00000072   Code   RO         2343    i.UART_WaitOnFlagUntilTimeout  stm32f1xx_hal_uart.o
    0x080033d4   0x080033d4   0x0000000c   Code   RO          388    i.USART1_IRQHandler  stm32f1xx_it.o
    0x080033e0   0x080033e0   0x0000000c   Code   RO          389    i.USART2_IRQHandler  stm32f1xx_it.o
    0x080033ec   0x080033ec   0x00000002   Code   RO          390    i.UsageFault_Handler  stm32f1xx_it.o
    0x080033ee   0x080033ee   0x00000002   PAD
    0x080033f0   0x080033f0   0x00000020   Code   RO         2930    i.__0printf         mc_w.l(printfa.o)
    0x08003410   0x08003410   0x00000034   Code   RO         2931    i.__0snprintf       mc_w.l(printfa.o)
    0x08003444   0x08003444   0x00000028   Code   RO         2932    i.__0sprintf        mc_w.l(printfa.o)
    0x0800346c   0x0800346c   0x00000012   Code   RO          560    i.__ARM_isinff      dl_ln3x.o
    0x0800347e   0x0800347e   0x00000020   Code   RO         1489    i.__NVIC_SetPriority  stm32f1xx_hal_cortex.o
    0x0800349e   0x0800349e   0x0000000e   Code   RO         3006    i.__scatterload_copy  mc_w.l(handlers.o)
    0x080034ac   0x080034ac   0x00000002   Code   RO         3007    i.__scatterload_null  mc_w.l(handlers.o)
    0x080034ae   0x080034ae   0x0000000e   Code   RO         3008    i.__scatterload_zeroinit  mc_w.l(handlers.o)
    0x080034bc   0x080034bc   0x00000184   Code   RO         2937    i._fp_digits        mc_w.l(printfa.o)
    0x08003640   0x08003640   0x000006b4   Code   RO         2938    i._printf_core      mc_w.l(printfa.o)
    0x08003cf4   0x08003cf4   0x00000024   Code   RO         2939    i._printf_post_padding  mc_w.l(printfa.o)
    0x08003d18   0x08003d18   0x0000002e   Code   RO         2940    i._printf_pre_padding  mc_w.l(printfa.o)
    0x08003d46   0x08003d46   0x00000016   Code   RO         2941    i._snputc           mc_w.l(printfa.o)
    0x08003d5c   0x08003d5c   0x0000000a   Code   RO         2942    i._sputc            mc_w.l(printfa.o)
    0x08003d66   0x08003d66   0x0000001a   Code   RO          503    i.delay_ms          delay.o
    0x08003d80   0x08003d80   0x00000034   Code   RO          504    i.delay_us          delay.o
    0x08003db4   0x08003db4   0x0000001c   Code   RO          321    i.fputc             usart.o
    0x08003dd0   0x08003dd0   0x000003ac   Code   RO           16    i.main              main.o
    0x0800417c   0x0800417c   0x0000001c   Data   RO           18    .constdata          main.o
    0x08004198   0x08004198   0x000017c0   Data   RO          703    .constdata          lcd.o
    0x08005958   0x08005958   0x00000012   Data   RO         1187    .constdata          stm32f1xx_hal_rcc.o
    0x0800596a   0x0800596a   0x00000012   Data   RO         1279    .constdata          stm32f1xx_hal_rcc_ex.o
    0x0800597c   0x0800597c   0x00000010   Data   RO         2649    .constdata          system_stm32f1xx.o
    0x0800598c   0x0800598c   0x00000008   Data   RO         2650    .constdata          system_stm32f1xx.o
    0x08005994   0x08005994   0x00000041   Data   RO           19    .conststring        main.o
    0x080059d5   0x080059d5   0x00000003   PAD
    0x080059d8   0x080059d8   0x00000020   Data   RO         3004    Region$$Table       anon$$obj.o


    Execution Region RW_IRAM1 (Exec base: 0x20000000, Load base: 0x080059f8, Size: 0x00000738, Max: 0x0000c000, ABSOLUTE, COMPRESSED[0x000000dc])

    Exec Addr    Load Addr    Size         Type   Attr      Idx    E Section Name        Object

    0x20000000   COMPRESSED   0x000000e7   Data   RW           20    .data               main.o
    0x200000e7   COMPRESSED   0x00000001   PAD
    0x200000e8   COMPRESSED   0x00000004   Data   RW          324    .data               usart.o
    0x200000ec   COMPRESSED   0x00000004   Data   RW          505    .data               delay.o
    0x200000f0   COMPRESSED   0x00000028   Data   RW          562    .data               dl_ln3x.o
    0x20000118   COMPRESSED   0x00000004   Data   RW          704    .data               lcd.o
    0x2000011c   COMPRESSED   0x0000000c   Data   RW         1024    .data               stm32f1xx_hal.o
    0x20000128   COMPRESSED   0x00000004   Data   RW         2651    .data               system_stm32f1xx.o
    0x2000012c   COMPRESSED   0x00000004   Data   RW         2982    .data               mc_w.l(stdout.o)
    0x20000130        -       0x00000130   Zero   RW           17    .bss                main.o
    0x20000260        -       0x0000000c   Zero   RW          215    .bss                iwdg.o
    0x2000026c        -       0x00000014   Zero   RW          253    .bss                rtc.o
    0x20000280        -       0x00000090   Zero   RW          323    .bss                usart.o
    0x20000310        -       0x00000018   Zero   RW          561    .bss                dl_ln3x.o
    0x20000328        -       0x0000000e   Zero   RW          702    .bss                lcd.o
    0x20000336   COMPRESSED   0x00000002   PAD
    0x20000338        -       0x00000400   Zero   RW            1    STACK               startup_stm32f103xe.o


==============================================================================

Image component sizes


      Code (inc. data)   RO Data    RW Data    ZI Data      Debug   Object Name

        78          4          0          4          0       3114   delay.o
       734        168          0         40         24      12801   dl_ln3x.o
        60          6          0          0          0        763   gpio.o
        44          8          0          0         12        651   iwdg.o
      2548        160       6080          4         14      12619   lcd.o
      1094        206         93        231        304     469694   main.o
      1258         44          0          0         20       6735   rtc.o
        36          8        304          0       1024        776   startup_stm32f103xe.o
       164         28          0         12          0       6293   stm32f1xx_hal.o
       198         14          0          0          0      28783   stm32f1xx_hal_cortex.o
       374          8          0          0          0       1751   stm32f1xx_hal_dma.o
       504         42          0          0          0       2224   stm32f1xx_hal_gpio.o
       106          0          0          0          0       1775   stm32f1xx_hal_iwdg.o
        60          8          0          0          0        818   stm32f1xx_hal_msp.o
        12          4          0          0          0        487   stm32f1xx_hal_pwr.o
      1240         84         18          0          0       4948   stm32f1xx_hal_rcc.o
       420         30         18          0          0       2437   stm32f1xx_hal_rcc_ex.o
      1454         16          0          0          0      13340   stm32f1xx_hal_rtc.o
        98         10          0          0          0       3180   stm32f1xx_hal_rtc_ex.o
      1554         10          0          0          0      10584   stm32f1xx_hal_uart.o
        68         24          0          0          0       5258   stm32f1xx_it.o
         2          0         24          4          0       1035   system_stm32f1xx.o
       356         40          0          4        144       2776   usart.o

    ----------------------------------------------------------------------
     12480        922       6572        300       1544     592842   Object Totals
         0          0         32          0          0          0   (incl. Generated)
        18          0          3          1          2          0   (incl. Padding)

    ----------------------------------------------------------------------

      Code (inc. data)   RO Data    RW Data    ZI Data      Debug   Library Member Name

        86          0          0          0          0          0   __dczerorl2.o
         0          0          0          0          0          0   entry.o
         0          0          0          0          0          0   entry10a.o
         0          0          0          0          0          0   entry11a.o
         4          0          0          0          0          0   entry12b.o
         8          4          0          0          0          0   entry2.o
         4          0          0          0          0          0   entry5.o
         0          0          0          0          0          0   entry7b.o
         0          0          0          0          0          0   entry8b.o
         8          4          0          0          0          0   entry9a.o
        30          0          0          0          0          0   handlers.o
        36          8          0          0          0         68   init.o
         0          0          0          0          0          0   iusefp.o
        30          0          0          0          0         68   llshl.o
        36          0          0          0          0         68   llsshr.o
        32          0          0          0          0         68   llushr.o
        36          0          0          0          0         68   memcpya.o
        36          0          0          0          0        108   memseta.o
      2342        100          0          0          0        772   printfa.o
         0          0          0          4          0          0   stdout.o
        28          0          0          0          0         76   strcmp.o
        18          0          0          0          0         68   strcpy.o
        44          0          0          0          0         80   uidiv.o
        98          0          0          0          0         92   uldiv.o
        48          0          0          0          0         68   cdrcmple.o
       334          0          0          0          0        148   dadd.o
       222          0          0          0          0        100   ddiv.o
       186          0          0          0          0        176   depilogue.o
        48          0          0          0          0         68   dfixul.o
       228          0          0          0          0         96   dmul.o
        38          0          0          0          0         68   f2d.o

    ----------------------------------------------------------------------
      3980        116          0          4          0       2260   Library Totals
         0          0          0          0          0          0   (incl. Padding)

    ----------------------------------------------------------------------

      Code (inc. data)   RO Data    RW Data    ZI Data      Debug   Library Name

      2876        116          0          4          0       1536   mc_w.l
      1104          0          0          0          0        724   mf_w.l

    ----------------------------------------------------------------------
      3980        116          0          4          0       2260   Library Totals

    ----------------------------------------------------------------------

==============================================================================


      Code (inc. data)   RO Data    RW Data    ZI Data      Debug   

     16460       1038       6572        304       1544     588106   Grand Totals
     16460       1038       6572        220       1544     588106   ELF Image Totals (compressed)
     16460       1038       6572        220          0          0   ROM Totals

==============================================================================

    Total RO  Size (Code + RO Data)                23032 (  22.49kB)
    Total RW  Size (RW Data + ZI Data)              1848 (   1.80kB)
    Total ROM Size (Code + RO Data + RW Data)      23252 (  22.71kB)

==============================================================================

