<html>
<body>
<pre>
<h1>µVision Build Log</h1>
<h2>Tool Versions:</h2>
IDE-Version: ¦ÌVision V5.40.0.0
Copyright (C) 2024 ARM Ltd and ARM Germany GmbH. All rights reserved.
License Information: zhou 2105633087@qq.com, zhou, LIC=KRMW3-AAXE3-X7NRZ-JCPBP-EUBXM-U449Z
 
Tool Versions:
Toolchain:       MDK-ARM Plus  Version: 5.40.0.3
Toolchain Path:  C:\Keil_v5\ARM\ARMA_v5\Bin
C Compiler:      Armcc.exe V5.06 update 7 (build 960)
Assembler:       Armasm.exe V5.06 update 7 (build 960)
Linker/Locator:  ArmLink.exe V5.06 update 7 (build 960)
Library Manager: ArmAr.exe V5.06 update 7 (build 960)
Hex Converter:   FromElf.exe V5.06 update 7 (build 960)
CPU DLL:         SARMCM3.DLL V5.40.0.3
Dialog DLL:      DCM.DLL V1.17.5.0
Target DLL:      STLink\ST-LINKIII-KEIL_SWO.dll V3.3.0.0
Dialog DLL:      TCM.DLL V1.56.4.0
 
<h2>Project:</h2>
d:\Project\Main_Node_LCD\MDK-ARM\Main_Node_LCD.uvprojx
Project File Date:  04/23/2025

<h2>Output:</h2>
*** Using Compiler 'V5.06 update 7 (build 960)', folder: 'C:\Keil_v5\ARM\ARMA_v5\Bin'
Rebuild target 'Main_Node_LCD'
assembling startup_stm32f103xe.s...
compiling stm32f1xx_hal_msp.c...
compiling delay.c...
compiling stm32f1xx_it.c...
compiling gpio.c...
compiling sys.c...
compiling usart.c...
compiling iwdg.c...
compiling rtc.c...
../Core/Src/rtc.c(164): warning:  #550-D: variable "lastDate"  was set but never used
      uint8_t lastHour, lastMinute, lastSecond, lastDate;
../Core/Src/rtc.c: 1 warning, 0 errors
compiling DL_LN3X.c...
..\Core\Src\DL_LN3X.c(114): warning:  #188-D: enumerated type mixed with another type
      return DL_SendPacket(hdl, 0x80, DL_PORT_CONFIG, 0x0000, cmd, sizeof(cmd));
..\Core\Src\DL_LN3X.c(127): warning:  #188-D: enumerated type mixed with another type
      return DL_SendPacket(hdl, 0x80, DL_PORT_LED_CTRL, target_addr, cmd, sizeof(cmd));
..\Core\Src\DL_LN3X.c(321): warning:  #1-D: last line of file ends without a newline
  }
..\Core\Src\DL_LN3X.c: 3 warnings, 0 errors
compiling main.c...
compiling lcd.c...
compiling stm32f1xx_hal_gpio_ex.c...
compiling stm32f1xx_hal_iwdg.c...
compiling stm32f1xx_hal_rcc_ex.c...
compiling stm32f1xx_hal_cortex.c...
compiling stm32f1xx_hal.c...
compiling stm32f1xx_hal_gpio.c...
compiling stm32f1xx_hal_pwr.c...
compiling stm32f1xx_hal_flash_ex.c...
compiling stm32f1xx_hal_flash.c...
compiling stm32f1xx_hal_dma.c...
compiling stm32f1xx_hal_rcc.c...
compiling stm32f1xx_hal_tim.c...
compiling stm32f1xx_hal_tim_ex.c...
compiling stm32f1xx_hal_exti.c...
compiling stm32f1xx_hal_rtc_ex.c...
compiling system_stm32f1xx.c...
compiling stm32f1xx_hal_rtc.c...
compiling stm32f1xx_hal_uart.c...
linking...
Program Size: Code=16460 RO-data=6572 RW-data=304 ZI-data=1544  
FromELF: creating hex file...
"Main_Node_LCD\Main_Node_LCD.axf" - 0 Error(s), 4 Warning(s).

<h2>Software Packages used:</h2>

Package Vendor: ARM
                https://www.keil.com/pack/ARM.CMSIS.6.1.0.pack
                ARM::CMSIS@6.1.0
                CMSIS (Common Microcontroller Software Interface Standard)
   * Component: CORE Version: 6.1.0

Package Vendor: Keil
                https://www.keil.com/pack/Keil.STM32F1xx_DFP.2.4.1.pack
                Keil::STM32F1xx_DFP@2.4.1
                STMicroelectronics STM32F1 Series Device Support, Drivers and Examples

<h2>Collection of Component include folders:</h2>
  ./RTE/_Main_Node_LCD
  C:/Keil_v5/ARM/PACK/ARM/CMSIS/6.1.0/CMSIS/Core/Include
  C:/Keil_v5/ARM/PACK/Keil/STM32F1xx_DFP/2.4.1/Device/Include

<h2>Collection of Component Files used:</h2>

   * Component: ARM::CMSIS:CORE@6.1.0
      Include file:  CMSIS/Core/Include/tz_context.h
Build Time Elapsed:  00:00:10
</pre>
</body>
</html>
